yarn run v1.22.22
$ vitest run

[1m[46m RUN [49m[22m [36mv4.0.17 [39m[90m/Users/lg/lab/daicer[39m

 [31m❯[39m src/services/__tests__/code-ingestion.test.ts [2m([22m[2m0 test[22m[2m)[22m
 [31m❯[39m src/utils/__tests__/error-handling.test.ts [2m([22m[2m6 tests[22m[2m | [22m[31m3 failed[39m[2m)[22m[32m 14[2mms[22m[39m
       [32m✓[39m should format a basic Error object[32m 1[2mms[22m[39m
       [32m✓[39m should format a string error[32m 0[2mms[22m[39m
[31m       [31m×[31m should format a StrapiError with details[39m[32m 5[2mms[22m[39m
[31m       [31m×[31m should fallback to message if no details[39m[32m 1[2mms[22m[39m
       [32m✓[39m should call logger.error with formatted message[32m 2[2mms[22m[39m
[31m       [31m×[31m should log detailed Strapi errors[39m[32m 3[2mms[22m[39m
[90mstderr[2m | src/utils/llm/__tests__/python-local.test.ts[2m > [22m[2mLocalLLMManager (Python Bridge)[2m > [22m[2mshould call bridge.loadModel with correct mapping for 1B model
[22m[39mLocal LLM via PythonBridge is pending replacement. [ [32m'google/gemma-3-1b-it'[39m ]

[90mstderr[2m | src/utils/llm/__tests__/python-local.test.ts[2m > [22m[2mLocalLLMManager (Python Bridge)[2m > [22m[2mshould call bridge.loadModel with correct mapping for 27B model
[22m[39mLocal LLM via PythonBridge is pending replacement. [ [32m'google/gemma-3-27b-it'[39m, [32m'int8'[39m ]

[90mstderr[2m | src/utils/llm/__tests__/python-local.test.ts[2m > [22m[2mLocalLLMManager (Python Bridge)[2m > [22m[2mshould auto-load default model if generate called without loading
[22m[39mLocal LLM via PythonBridge is pending replacement. [ [32m'Hello'[39m ]

[90mstderr[2m | src/utils/llm/__tests__/python-local.test.ts[2m > [22m[2mLocalLLMManager (Python Bridge)[2m > [22m[2mshould not reload model if already loaded
[22m[39mLocal LLM via PythonBridge is pending replacement. [ [32m'google/gemma-3-1b-it'[39m ]

[90mstderr[2m | src/utils/llm/__tests__/python-local.test.ts[2m > [22m[2mLocalLLMManager (Python Bridge)[2m > [22m[2mshould pass generation params to bridge
[22m[39mLocal LLM via PythonBridge is pending replacement. [ [32m'google/gemma-3-1b-it'[39m ]

[90mstderr[2m | src/utils/llm/__tests__/python-local.test.ts[2m > [22m[2mLocalLLMManager (Python Bridge)[2m > [22m[2mshould pass generation params to bridge
[22m[39mLocal LLM via PythonBridge is pending replacement. [ [32m'Test Prompt'[39m, { maxTokens: [33m100[39m, temperature: [33m0.5[39m } ]

 [31m❯[39m src/utils/llm/__tests__/python-local.test.ts [2m([22m[2m6 tests[22m[2m | [22m[31m5 failed[39m[2m)[22m[32m 14[2mms[22m[39m
     [32m✓[39m should be a singleton[32m 2[2mms[22m[39m
[31m     [31m×[31m should call bridge.loadModel with correct mapping for 1B model[39m[32m 4[2mms[22m[39m
[31m     [31m×[31m should call bridge.loadModel with correct mapping for 27B model[39m[32m 1[2mms[22m[39m
[31m     [31m×[31m should auto-load default model if generate called without loading[39m[32m 3[2mms[22m[39m
[31m     [31m×[31m should not reload model if already loaded[39m[32m 2[2mms[22m[39m
[31m     [31m×[31m should pass generation params to bridge[39m[32m 1[2mms[22m[39m
 [32m✓[39m src/lifecycle/graphql/__tests__/graphql-room-management.test.ts [2m([22m[2m33 tests[22m[2m)[22m[32m 68[2mms[22m[39m
 [31m❯[39m src/api/game/services/__tests__/turn-pipeline.comprehensive.test.ts [2m([22m[2m103 tests[22m[2m | [22m[31m1 failed[39m[2m)[22m[33m 496[2mms[22m[39m
       [32m✓[39m should parse valid MOVE text command[32m 37[2mms[22m[39m
[31m       [31m×[31m should parse valid MOVE text command with Z axis[39m[32m 12[2mms[22m[39m
       [32m✓[39m should ignore invalid MOVE format (non-numeric)[32m 2[2mms[22m[39m
       [32m✓[39m should ignore unknown text commands[32m 1[2mms[22m[39m
       [32m✓[39m should accept pre-parsed JSON commands[32m 2[2mms[22m[39m
       [32m✓[39m should handle mixed inputs (valid and invalid)[32m 1[2mms[22m[39m
       [32m✓[39m should acquire lock with correct ID[32m 3[2mms[22m[39m
       [32m✓[39m should throw if lock cannot be acquired[32m 3[2mms[22m[39m
       [32m✓[39m should release lock exactly once per run[32m 2[2mms[22m[39m
       [32m✓[39m should release lock even if processing fails[32m 2[2mms[22m[39m
       [32m✓[39m should call dispatch with dryRun=true[32m 4[2mms[22m[39m
       [32m✓[39m should aggregate updates from multiple results[32m 3[2mms[22m[39m
       [32m✓[39m should log warning for failed command results but continue[32m 4[2mms[22m[39m
       [32m✓[39m should execute updates, events, and turn creation inside transaction[32m 4[2mms[22m[39m
       [32m✓[39m should populate turn metadata with event IDs[32m 2[2mms[22m[39m
       [32m✓[39m should set turn status to complete[32m 4[2mms[22m[39m
       [32m✓[39m should create a time-frame snapshot[32m 1[2mms[22m[39m
       [32m✓[39m should invoke narrative engine with correct context[32m 2[2mms[22m[39m
       [32m✓[39m should save narrative summary to turn and create message[32m 2[2mms[22m[39m
       [32m✓[39m should gracefully handle narrative failure[32m 1[2mms[22m[39m
       [32m✓[39m should parse JSON actions from players[32m 1[2mms[22m[39m
       [32m✓[39m should clear player actions after success[32m 1[2mms[22m[39m
       [32m✓[39m should throw if room not found[32m 0[2mms[22m[39m
       [32m✓[39m should handle 'Variation 0' without crashing[32m 1[2mms[22m[39m
       [32m✓[39m should handle 'Variation 1' without crashing[32m 5[2mms[22m[39m
       [32m✓[39m should handle 'Variation 2' without crashing[32m 1[2mms[22m[39m
       [32m✓[39m should handle 'Variation 3' without crashing[32m 1[2mms[22m[39m
       [32m✓[39m should handle 'Variation 4' without crashing[32m 2[2mms[22m[39m
       [32m✓[39m should handle 'Variation 5' without crashing[32m 1[2mms[22m[39m
       [32m✓[39m should handle 'Variation 6' without crashing[32m 1[2mms[22m[39m
       [32m✓[39m should handle 'Variation 7' without crashing[32m 1[2mms[22m[39m
       [32m✓[39m should handle 'Variation 8' without crashing[32m 1[2mms[22m[39m
       [32m✓[39m should handle 'Variation 9' without crashing[32m 27[2mms[22m[39m
       [32m✓[39m should handle 'Variation 10' without crashing[32m 9[2mms[22m[39m
       [32m✓[39m should handle 'Variation 11' without crashing[32m 2[2mms[22m[39m
       [32m✓[39m should handle 'Variation 12' without crashing[32m 1[2mms[22m[39m
       [32m✓[39m should handle 'Variation 13' without crashing[32m 2[2mms[22m[39m
       [32m✓[39m should handle 'Variation 14' without crashing[32m 2[2mms[22m[39m
       [32m✓[39m should handle 'Variation 15' without crashing[32m 2[2mms[22m[39m
       [32m✓[39m should handle 'Variation 16' without crashing[32m 2[2mms[22m[39m
       [32m✓[39m should handle 'Variation 17' without crashing[32m 21[2mms[22m[39m
       [32m✓[39m should handle 'Variation 18' without crashing[32m 12[2mms[22m[39m
       [32m✓[39m should handle 'Variation 19' without crashing[32m 2[2mms[22m[39m
       [32m✓[39m should handle 'Variation 20' without crashing[32m 2[2mms[22m[39m
       [32m✓[39m should handle 'Variation 21' without crashing[32m 3[2mms[22m[39m
       [32m✓[39m should handle 'Variation 22' without crashing[32m 4[2mms[22m[39m
       [32m✓[39m should handle 'Variation 23' without crashing[32m 3[2mms[22m[39m
       [32m✓[39m should handle 'Variation 24' without crashing[32m 2[2mms[22m[39m
       [32m✓[39m should handle 'Variation 25' without crashing[32m 2[2mms[22m[39m
       [32m✓[39m should handle 'Variation 26' without crashing[32m 3[2mms[22m[39m
       [32m✓[39m should handle 'Variation 27' without crashing[32m 2[2mms[22m[39m
       [32m✓[39m should handle 'Variation 28' without crashing[32m 1[2mms[22m[39m
       [32m✓[39m should handle 'Variation 29' without crashing[32m 2[2mms[22m[39m
       [32m✓[39m should handle 'Variation 30' without crashing[32m 2[2mms[22m[39m
       [32m✓[39m should handle 'Variation 31' without crashing[32m 2[2mms[22m[39m
       [32m✓[39m should handle 'Variation 32' without crashing[32m 2[2mms[22m[39m
       [32m✓[39m should handle 'Variation 33' without crashing[32m 3[2mms[22m[39m
       [32m✓[39m should handle 'Variation 34' without crashing[32m 2[2mms[22m[39m
       [32m✓[39m should handle 'Variation 35' without crashing[32m 2[2mms[22m[39m
       [32m✓[39m should handle 'Variation 36' without crashing[32m 3[2mms[22m[39m
       [32m✓[39m should handle 'Variation 37' without crashing[32m 2[2mms[22m[39m
       [32m✓[39m should handle 'Variation 38' without crashing[32m 2[2mms[22m[39m
       [32m✓[39m should handle 'Variation 39' without crashing[32m 2[2mms[22m[39m
       [32m✓[39m should handle 'Variation 40' without crashing[32m 2[2mms[22m[39m
       [32m✓[39m should handle 'Variation 41' without crashing[32m 1[2mms[22m[39m
       [32m✓[39m should handle 'Variation 42' without crashing[32m 2[2mms[22m[39m
       [32m✓[39m should handle 'Variation 43' without crashing[32m 2[2mms[22m[39m
       [32m✓[39m should handle 'Variation 44' without crashing[32m 2[2mms[22m[39m
       [32m✓[39m should handle 'Variation 45' without crashing[32m 2[2mms[22m[39m
       [32m✓[39m should handle 'Variation 46' without crashing[32m 2[2mms[22m[39m
       [32m✓[39m should handle 'Variation 47' without crashing[32m 1[2mms[22m[39m
       [32m✓[39m should handle 'Variation 48' without crashing[32m 3[2mms[22m[39m
       [32m✓[39m should handle 'Variation 49' without crashing[32m 2[2mms[22m[39m
       [32m✓[39m should handle 'Variation 50' without crashing[32m 7[2mms[22m[39m
       [32m✓[39m should handle 'Variation 51' without crashing[32m 2[2mms[22m[39m
       [32m✓[39m should handle 'Variation 52' without crashing[32m 3[2mms[22m[39m
       [32m✓[39m should handle 'Variation 53' without crashing[32m 4[2mms[22m[39m
       [32m✓[39m should handle 'Variation 54' without crashing[32m 3[2mms[22m[39m
       [32m✓[39m should handle 'Variation 55' without crashing[32m 6[2mms[22m[39m
       [32m✓[39m should handle 'Variation 56' without crashing[32m 4[2mms[22m[39m
       [32m✓[39m should handle 'Variation 57' without crashing[32m 4[2mms[22m[39m
       [32m✓[39m should handle 'Variation 58' without crashing[32m 10[2mms[22m[39m
       [32m✓[39m should handle 'Variation 59' without crashing[32m 7[2mms[22m[39m
       [32m✓[39m should handle 'Variation 60' without crashing[32m 83[2mms[22m[39m
       [32m✓[39m should handle 'Variation 61' without crashing[32m 4[2mms[22m[39m
       [32m✓[39m should handle 'Variation 62' without crashing[32m 3[2mms[22m[39m
       [32m✓[39m should handle 'Variation 63' without crashing[32m 11[2mms[22m[39m
       [32m✓[39m should handle 'Variation 64' without crashing[32m 3[2mms[22m[39m
       [32m✓[39m should handle 'Variation 65' without crashing[32m 2[2mms[22m[39m
       [32m✓[39m should handle 'Variation 66' without crashing[32m 2[2mms[22m[39m
       [32m✓[39m should handle 'Variation 67' without crashing[32m 3[2mms[22m[39m
       [32m✓[39m should handle 'Variation 68' without crashing[32m 3[2mms[22m[39m
       [32m✓[39m should handle 'Variation 69' without crashing[32m 3[2mms[22m[39m
       [32m✓[39m should handle 'Variation 70' without crashing[32m 2[2mms[22m[39m
       [32m✓[39m should handle 'Variation 71' without crashing[32m 2[2mms[22m[39m
       [32m✓[39m should handle 'Variation 72' without crashing[32m 3[2mms[22m[39m
       [32m✓[39m should handle 'Variation 73' without crashing[32m 2[2mms[22m[39m
       [32m✓[39m should handle 'Variation 74' without crashing[32m 2[2mms[22m[39m
       [32m✓[39m should handle 'Variation 75' without crashing[32m 2[2mms[22m[39m
       [32m✓[39m should handle 'Variation 76' without crashing[32m 3[2mms[22m[39m
       [32m✓[39m should handle 'Variation 77' without crashing[32m 51[2mms[22m[39m
       [32m✓[39m should handle 'Variation 78' without crashing[32m 3[2mms[22m[39m
       [32m✓[39m should handle 'Variation 79' without crashing[32m 4[2mms[22m[39m
 [32m✓[39m src/api/narrator/services/__tests__/narrator-direct.spec.ts [2m([22m[2m2 tests[22m[2m)[22m[33m 644[2mms[22m[39m
     [33m[2m✓[22m[39m should execute tool directly when direct flag is true [33m 640[2mms[22m[39m
 [32m✓[39m src/api/game/src/engine/rules/__tests__/leveling.comprehensive.test.ts [2m([22m[2m13 tests[22m[2m)[22m[32m 243[2mms[22m[39m
 [32m✓[39m src/api/game/services/__tests__/llm-gateway.test.ts [2m([22m[2m2 tests[22m[2m)[22m[32m 6[2mms[22m[39m
[90mstdout[2m | src/services/__tests__/embedding-service.test.ts[2m > [22m[2mEmbeddingService (Local Transformers)[2m > [22m[2mshould initialize pipeline on first request
[22m[39m🔌 [EmbeddingService] Initializing local Jina model (Xenova/jina-embeddings-v2-small-en)...
📂 [EmbeddingService] Model Cache: /Users/lg/lab/daicer/local_models

[90mstdout[2m | src/services/__tests__/embedding-service.test.ts[2m > [22m[2mEmbeddingService (Local Transformers)[2m > [22m[2mshould initialize pipeline on first request
[22m[39m✅ [EmbeddingService] Model Ready

[90mstdout[2m | src/services/__tests__/embedding-service.test.ts[2m > [22m[2mEmbeddingService (Local Transformers)[2m > [22m[2mshould reuse pipeline for subsequent requests
[22m[39m🔌 [EmbeddingService] Initializing local Jina model (Xenova/jina-embeddings-v2-small-en)...
📂 [EmbeddingService] Model Cache: /Users/lg/lab/daicer/local_models

[90mstdout[2m | src/services/__tests__/embedding-service.test.ts[2m > [22m[2mEmbeddingService (Local Transformers)[2m > [22m[2mshould reuse pipeline for subsequent requests
[22m[39m✅ [EmbeddingService] Model Ready

[90mstdout[2m | src/services/__tests__/embedding-service.test.ts[2m > [22m[2mEmbeddingService (Local Transformers)[2m > [22m[2mshould handle pipeline errors
[22m[39m🔌 [EmbeddingService] Initializing local Jina model (Xenova/jina-embeddings-v2-small-en)...
📂 [EmbeddingService] Model Cache: /Users/lg/lab/daicer/local_models

[90mstdout[2m | src/services/__tests__/embedding-service.test.ts[2m > [22m[2mEmbeddingService (Local Transformers)[2m > [22m[2mshould handle pipeline errors
[22m[39m✅ [EmbeddingService] Model Ready

[90mstderr[2m | src/services/__tests__/embedding-service.test.ts[2m > [22m[2mEmbeddingService (Local Transformers)[2m > [22m[2mshould handle pipeline errors
[22m[39m❌ [EmbeddingService] Generation failed: Error: Model Error
    at [90m/Users/lg/lab/daicer/[39msrc/services/__tests__/embedding-service.test.ts:59:36
    at [90mfile:///Users/lg/lab/daicer/[39mnode_modules/[4m@vitest[24m/runner/dist/index.js:145:11
    at [90mfile:///Users/lg/lab/daicer/[39mnode_modules/[4m@vitest[24m/runner/dist/index.js:915:26
    at [90mfile:///Users/lg/lab/daicer/[39mnode_modules/[4m@vitest[24m/runner/dist/index.js:1243:20
    at new Promise (<anonymous>)
    at runWithTimeout [90m(file:///Users/lg/lab/daicer/[39mnode_modules/[4m@vitest[24m/runner/dist/index.js:1209:10[90m)[39m
    at [90mfile:///Users/lg/lab/daicer/[39mnode_modules/[4m@vitest[24m/runner/dist/index.js:1653:37
    at Traces.$ [90m(file:///Users/lg/lab/daicer/[39mnode_modules/[4mvitest[24m/dist/chunks/traces.CCmnQaNT.js:142:27[90m)[39m
    at trace [90m(file:///Users/lg/lab/daicer/[39mnode_modules/[4mvitest[24m/dist/chunks/test.B8ej_ZHS.js:239:21[90m)[39m
    at runTest [90m(file:///Users/lg/lab/daicer/[39mnode_modules/[4m@vitest[24m/runner/dist/index.js:1653:12[90m)[39m

 [32m✓[39m src/services/__tests__/embedding-service.test.ts [2m([22m[2m4 tests[22m[2m)[22m[32m 6[2mms[22m[39m
 [32m✓[39m src/shared/__tests__/utilities.test.ts [2m([22m[2m33 tests[22m[2m)[22m[32m 10[2mms[22m[39m
 [31m❯[39m src/api/game/src/engine/rules/__tests__/magic.test.ts [2m([22m[2m9 tests[22m[2m | [22m[31m9 failed[39m[2m)[22m[32m 19[2mms[22m[39m
[31m       [31m×[31m should validate valid cast[39m[32m 11[2mms[22m[39m
[31m       [31m×[31m should fail if no slots[39m[32m 2[2mms[22m[39m
[31m       [31m×[31m should allow cantrips without slots[39m[32m 1[2mms[22m[39m
[31m       [31m×[31m should check range[39m[32m 0[2mms[22m[39m
[31m       [31m×[31m should consume slot for leveled spell[39m[32m 2[2mms[22m[39m
[31m       [31m×[31m should not consume slot for cantrip[39m[32m 1[2mms[22m[39m
[31m       [31m×[31m should handle concentration[39m[32m 1[2mms[22m[39m
[31m       [31m×[31m should break previous concentration[39m[32m 0[2mms[22m[39m
[31m       [31m×[31m should detect AoE[39m[32m 0[2mms[22m[39m
 [32m✓[39m src/api/game/services/__tests__/turn-processing.test.ts [2m([22m[2m2 tests[22m[2m)[22m[32m 52[2mms[22m[39m
[90mstdout[2m | src/api/game/src/engine/world/__tests__/deep-integration.test.ts[2m > [22m[2mWorld Gen Deep Integration[2m > [22m[2mshould perfectly sync Terrain flattening and Structure placement
[22m[39mTesting Sync at Chunk 13,3 for structure village at 447.7089111804962,127.72290116548538
Blocks Added by CivGen: 171

 [32m✓[39m src/api/game/src/engine/__tests__/rich-actions.test.ts [2m([22m[2m251 tests[22m[2m)[22m[32m 94[2mms[22m[39m
 [32m✓[39m src/api/game/src/engine/world/__tests__/deep-integration.test.ts [2m([22m[2m1 test[22m[2m)[22m[32m 46[2mms[22m[39m
[90mstdout[2m | src/api/game/services/__tests__/action-engine.matrix.test.ts[2m > [22m[2mAction Engine Matrix (High-Volume Validation)[2m > [22m[2mCombat Hit Matrix[2m > [22m[2mCase: Roll 1 + Bonus -1 vs AC 10 -> Hit: false, Crit: false
[22m[39m[ActionEngine] Resolving command: ATTACK {
  actorId: [32m'actor-matrix'[39m,
  targetId: [32m'target-matrix'[39m,
  weaponId: [32m'test-weapon'[39m
}

[90mstdout[2m | src/api/game/services/__tests__/action-engine.matrix.test.ts[2m > [22m[2mAction Engine Matrix (High-Volume Validation)[2m > [22m[2mCombat Hit Matrix[2m > [22m[2mCase: Roll 1 + Bonus -1 vs AC 12 -> Hit: false, Crit: false
[22m[39m[ActionEngine] Resolving command: ATTACK {
  actorId: [32m'actor-matrix'[39m,
  targetId: [32m'target-matrix'[39m,
  weaponId: [32m'test-weapon'[39m
}

[90mstdout[2m | src/api/game/services/__tests__/action-engine.matrix.test.ts[2m > [22m[2mAction Engine Matrix (High-Volume Validation)[2m > [22m[2mCombat Hit Matrix[2m > [22m[2mCase: Roll 1 + Bonus -1 vs AC 15 -> Hit: false, Crit: false
[22m[39m[ActionEngine] Resolving command: ATTACK {
  actorId: [32m'actor-matrix'[39m,
  targetId: [32m'target-matrix'[39m,
  weaponId: [32m'test-weapon'[39m
}

[90mstdout[2m | src/api/game/services/__tests__/action-engine.matrix.test.ts[2m > [22m[2mAction Engine Matrix (High-Volume Validation)[2m > [22m[2mCombat Hit Matrix[2m > [22m[2mCase: Roll 1 + Bonus -1 vs AC 18 -> Hit: false, Crit: false
[22m[39m[ActionEngine] Resolving command: ATTACK {
  actorId: [32m'actor-matrix'[39m,
  targetId: [32m'target-matrix'[39m,
  weaponId: [32m'test-weapon'[39m
}

[90mstdout[2m | src/api/game/services/__tests__/action-engine.matrix.test.ts[2m > [22m[2mAction Engine Matrix (High-Volume Validation)[2m > [22m[2mCombat Hit Matrix[2m > [22m[2mCase: Roll 1 + Bonus -1 vs AC 20 -> Hit: false, Crit: false
[22m[39m[ActionEngine] Resolving command: ATTACK {
  actorId: [32m'actor-matrix'[39m,
  targetId: [32m'target-matrix'[39m,
  weaponId: [32m'test-weapon'[39m
}

[90mstdout[2m | src/api/game/services/__tests__/action-engine.matrix.test.ts[2m > [22m[2mAction Engine Matrix (High-Volume Validation)[2m > [22m[2mCombat Hit Matrix[2m > [22m[2mCase: Roll 1 + Bonus -1 vs AC 25 -> Hit: false, Crit: false
[22m[39m[ActionEngine] Resolving command: ATTACK {
  actorId: [32m'actor-matrix'[39m,
  targetId: [32m'target-matrix'[39m,
  weaponId: [32m'test-weapon'[39m
}

[90mstdout[2m | src/api/game/services/__tests__/action-engine.matrix.test.ts[2m > [22m[2mAction Engine Matrix (High-Volume Validation)[2m > [22m[2mCombat Hit Matrix[2m > [22m[2mCase: Roll 1 + Bonus -1 vs AC 30 -> Hit: false, Crit: false
[22m[39m[ActionEngine] Resolving command: ATTACK {
  actorId: [32m'actor-matrix'[39m,
  targetId: [32m'target-matrix'[39m,
  weaponId: [32m'test-weapon'[39m
}

[90mstdout[2m | src/api/game/services/__tests__/action-engine.matrix.test.ts[2m > [22m[2mAction Engine Matrix (High-Volume Validation)[2m > [22m[2mCombat Hit Matrix[2m > [22m[2mCase: Roll 1 + Bonus +0 vs AC 10 -> Hit: false, Crit: false
[22m[39m[ActionEngine] Resolving command: ATTACK {
  actorId: [32m'actor-matrix'[39m,
  targetId: [32m'target-matrix'[39m,
  weaponId: [32m'test-weapon'[39m
}

[90mstdout[2m | src/api/game/services/__tests__/action-engine.matrix.test.ts[2m > [22m[2mAction Engine Matrix (High-Volume Validation)[2m > [22m[2mCombat Hit Matrix[2m > [22m[2mCase: Roll 1 + Bonus +0 vs AC 12 -> Hit: false, Crit: false
[22m[39m[ActionEngine] Resolving command: ATTACK {
  actorId: [32m'actor-matrix'[39m,
  targetId: [32m'target-matrix'[39m,
  weaponId: [32m'test-weapon'[39m
}

[90mstdout[2m | src/api/game/services/__tests__/action-engine.matrix.test.ts[2m > [22m[2mAction Engine Matrix (High-Volume Validation)[2m > [22m[2mCombat Hit Matrix[2m > [22m[2mCase: Roll 1 + Bonus +0 vs AC 15 -> Hit: false, Crit: false
[22m[39m[ActionEngine] Resolving command: ATTACK {
  actorId: [32m'actor-matrix'[39m,
  targetId: [32m'target-matrix'[39m,
  weaponId: [32m'test-weapon'[39m
}

[90mstdout[2m | src/api/game/services/__tests__/action-engine.matrix.test.ts[2m > [22m[2mAction Engine Matrix (High-Volume Validation)[2m > [22m[2mCombat Hit Matrix[2m > [22m[2mCase: Roll 1 + Bonus +0 vs AC 18 -> Hit: false, Crit: false
[22m[39m[ActionEngine] Resolving command: ATTACK {
  actorId: [32m'actor-matrix'[39m,
  targetId: [32m'target-matrix'[39m,
  weaponId: [32m'test-weapon'[39m
}

[90mstdout[2m | src/api/game/services/__tests__/action-engine.matrix.test.ts[2m > [22m[2mAction Engine Matrix (High-Volume Validation)[2m > [22m[2mCombat Hit Matrix[2m > [22m[2mCase: Roll 1 + Bonus +0 vs AC 20 -> Hit: false, Crit: false
[22m[39m[ActionEngine] Resolving command: ATTACK {
  actorId: [32m'actor-matrix'[39m,
  targetId: [32m'target-matrix'[39m,
  weaponId: [32m'test-weapon'[39m
}

[90mstdout[2m | src/api/game/services/__tests__/action-engine.matrix.test.ts[2m > [22m[2mAction Engine Matrix (High-Volume Validation)[2m > [22m[2mCombat Hit Matrix[2m > [22m[2mCase: Roll 1 + Bonus +0 vs AC 25 -> Hit: false, Crit: false
[22m[39m[ActionEngine] Resolving command: ATTACK {
  actorId: [32m'actor-matrix'[39m,
  targetId: [32m'target-matrix'[39m,
  weaponId: [32m'test-weapon'[39m
}

[90mstdout[2m | src/api/game/services/__tests__/action-engine.matrix.test.ts[2m > [22m[2mAction Engine Matrix (High-Volume Validation)[2m > [22m[2mCombat Hit Matrix[2m > [22m[2mCase: Roll 1 + Bonus +0 vs AC 30 -> Hit: false, Crit: false
[22m[39m[ActionEngine] Resolving command: ATTACK {
  actorId: [32m'actor-matrix'[39m,
  targetId: [32m'target-matrix'[39m,
  weaponId: [32m'test-weapon'[39m
}

[90mstdout[2m | src/api/game/services/__tests__/action-engine.matrix.test.ts[2m > [22m[2mAction Engine Matrix (High-Volume Validation)[2m > [22m[2mCombat Hit Matrix[2m > [22m[2mCase: Roll 1 + Bonus 5 vs AC 10 -> Hit: false, Crit: false
[22m[39m[ActionEngine] Resolving command: ATTACK {
  actorId: [32m'actor-matrix'[39m,
  targetId: [32m'target-matrix'[39m,
  weaponId: [32m'test-weapon'[39m
}

[90mstdout[2m | src/api/game/services/__tests__/action-engine.matrix.test.ts[2m > [22m[2mAction Engine Matrix (High-Volume Validation)[2m > [22m[2mCombat Hit Matrix[2m > [22m[2mCase: Roll 1 + Bonus 5 vs AC 12 -> Hit: false, Crit: false
[22m[39m[ActionEngine] Resolving command: ATTACK {
  actorId: [32m'actor-matrix'[39m,
  targetId: [32m'target-matrix'[39m,
  weaponId: [32m'test-weapon'[39m
}

[90mstdout[2m | src/api/game/services/__tests__/action-engine.matrix.test.ts[2m > [22m[2mAction Engine Matrix (High-Volume Validation)[2m > [22m[2mCombat Hit Matrix[2m > [22m[2mCase: Roll 1 + Bonus 5 vs AC 15 -> Hit: false, Crit: false
[22m[39m[ActionEngine] Resolving command: ATTACK {
  actorId: [32m'actor-matrix'[39m,
  targetId: [32m'target-matrix'[39m,
  weaponId: [32m'test-weapon'[39m
}

[90mstdout[2m | src/api/game/services/__tests__/action-engine.matrix.test.ts[2m > [22m[2mAction Engine Matrix (High-Volume Validation)[2m > [22m[2mCombat Hit Matrix[2m > [22m[2mCase: Roll 1 + Bonus 5 vs AC 18 -> Hit: false, Crit: false
[22m[39m[ActionEngine] Resolving command: ATTACK {
  actorId: [32m'actor-matrix'[39m,
  targetId: [32m'target-matrix'[39m,
  weaponId: [32m'test-weapon'[39m
}

[90mstdout[2m | src/api/game/services/__tests__/action-engine.matrix.test.ts[2m > [22m[2mAction Engine Matrix (High-Volume Validation)[2m > [22m[2mCombat Hit Matrix[2m > [22m[2mCase: Roll 1 + Bonus 5 vs AC 20 -> Hit: false, Crit: false
[22m[39m[ActionEngine] Resolving command: ATTACK {
  actorId: [32m'actor-matrix'[39m,
  targetId: [32m'target-matrix'[39m,
  weaponId: [32m'test-weapon'[39m
}

[90mstdout[2m | src/api/game/services/__tests__/action-engine.matrix.test.ts[2m > [22m[2mAction Engine Matrix (High-Volume Validation)[2m > [22m[2mCombat Hit Matrix[2m > [22m[2mCase: Roll 1 + Bonus 5 vs AC 25 -> Hit: false, Crit: false
[22m[39m[ActionEngine] Resolving command: ATTACK {
  actorId: [32m'actor-matrix'[39m,
  targetId: [32m'target-matrix'[39m,
  weaponId: [32m'test-weapon'[39m
}

[90mstdout[2m | src/api/game/services/__tests__/action-engine.matrix.test.ts[2m > [22m[2mAction Engine Matrix (High-Volume Validation)[2m > [22m[2mCombat Hit Matrix[2m > [22m[2mCase: Roll 1 + Bonus 5 vs AC 30 -> Hit: false, Crit: false
[22m[39m[ActionEngine] Resolving command: ATTACK {
  actorId: [32m'actor-matrix'[39m,
  targetId: [32m'target-matrix'[39m,
  weaponId: [32m'test-weapon'[39m
}

[90mstdout[2m | src/api/game/services/__tests__/action-engine.matrix.test.ts[2m > [22m[2mAction Engine Matrix (High-Volume Validation)[2m > [22m[2mCombat Hit Matrix[2m > [22m[2mCase: Roll 1 + Bonus 10 vs AC 10 -> Hit: true, Crit: false
[22m[39m[ActionEngine] Resolving command: ATTACK {
  actorId: [32m'actor-matrix'[39m,
  targetId: [32m'target-matrix'[39m,
  weaponId: [32m'test-weapon'[39m
}

[90mstdout[2m | src/api/game/services/__tests__/action-engine.matrix.test.ts[2m > [22m[2mAction Engine Matrix (High-Volume Validation)[2m > [22m[2mCombat Hit Matrix[2m > [22m[2mCase: Roll 1 + Bonus 10 vs AC 12 -> Hit: false, Crit: false
[22m[39m[ActionEngine] Resolving command: ATTACK {
  actorId: [32m'actor-matrix'[39m,
  targetId: [32m'target-matrix'[39m,
  weaponId: [32m'test-weapon'[39m
}

[90mstdout[2m | src/api/game/services/__tests__/action-engine.matrix.test.ts[2m > [22m[2mAction Engine Matrix (High-Volume Validation)[2m > [22m[2mCombat Hit Matrix[2m > [22m[2mCase: Roll 1 + Bonus 10 vs AC 15 -> Hit: false, Crit: false
[22m[39m[ActionEngine] Resolving command: ATTACK {
  actorId: [32m'actor-matrix'[39m,
  targetId: [32m'target-matrix'[39m,
  weaponId: [32m'test-weapon'[39m
}

[90mstdout[2m | src/api/game/services/__tests__/action-engine.matrix.test.ts[2m > [22m[2mAction Engine Matrix (High-Volume Validation)[2m > [22m[2mCombat Hit Matrix[2m > [22m[2mCase: Roll 1 + Bonus 10 vs AC 18 -> Hit: false, Crit: false
[22m[39m[ActionEngine] Resolving command: ATTACK {
  actorId: [32m'actor-matrix'[39m,
  targetId: [32m'target-matrix'[39m,
  weaponId: [32m'test-weapon'[39m
}

[90mstdout[2m | src/api/game/services/__tests__/action-engine.matrix.test.ts[2m > [22m[2mAction Engine Matrix (High-Volume Validation)[2m > [22m[2mCombat Hit Matrix[2m > [22m[2mCase: Roll 1 + Bonus 10 vs AC 20 -> Hit: false, Crit: false
[22m[39m[ActionEngine] Resolving command: ATTACK {
  actorId: [32m'actor-matrix'[39m,
  targetId: [32m'target-matrix'[39m,
  weaponId: [32m'test-weapon'[39m
}

[90mstdout[2m | src/api/game/services/__tests__/action-engine.matrix.test.ts[2m > [22m[2mAction Engine Matrix (High-Volume Validation)[2m > [22m[2mCombat Hit Matrix[2m > [22m[2mCase: Roll 1 + Bonus 10 vs AC 25 -> Hit: false, Crit: false
[22m[39m[ActionEngine] Resolving command: ATTACK {
  actorId: [32m'actor-matrix'[39m,
  targetId: [32m'target-matrix'[39m,
  weaponId: [32m'test-weapon'[39m
}

[90mstdout[2m | src/api/game/services/__tests__/action-engine.matrix.test.ts[2m > [22m[2mAction Engine Matrix (High-Volume Validation)[2m > [22m[2mCombat Hit Matrix[2m > [22m[2mCase: Roll 1 + Bonus 10 vs AC 30 -> Hit: false, Crit: false
[22m[39m[ActionEngine] Resolving command: ATTACK {
  actorId: [32m'actor-matrix'[39m,
  targetId: [32m'target-matrix'[39m,
  weaponId: [32m'test-weapon'[39m
}

[90mstdout[2m | src/api/game/services/__tests__/action-engine.matrix.test.ts[2m > [22m[2mAction Engine Matrix (High-Volume Validation)[2m > [22m[2mCombat Hit Matrix[2m > [22m[2mCase: Roll 2 + Bonus -1 vs AC 10 -> Hit: false, Crit: false
[22m[39m[ActionEngine] Resolving command: ATTACK {
  actorId: [32m'actor-matrix'[39m,
  targetId: [32m'target-matrix'[39m,
  weaponId: [32m'test-weapon'[39m
}

[90mstdout[2m | src/api/game/services/__tests__/action-engine.matrix.test.ts[2m > [22m[2mAction Engine Matrix (High-Volume Validation)[2m > [22m[2mCombat Hit Matrix[2m > [22m[2mCase: Roll 2 + Bonus -1 vs AC 12 -> Hit: false, Crit: false
[22m[39m[ActionEngine] Resolving command: ATTACK {
  actorId: [32m'actor-matrix'[39m,
  targetId: [32m'target-matrix'[39m,
  weaponId: [32m'test-weapon'[39m
}

[90mstdout[2m | src/api/game/services/__tests__/action-engine.matrix.test.ts[2m > [22m[2mAction Engine Matrix (High-Volume Validation)[2m > [22m[2mCombat Hit Matrix[2m > [22m[2mCase: Roll 2 + Bonus -1 vs AC 15 -> Hit: false, Crit: false
[22m[39m[ActionEngine] Resolving command: ATTACK {
  actorId: [32m'actor-matrix'[39m,
  targetId: [32m'target-matrix'[39m,
  weaponId: [32m'test-weapon'[39m
}

[90mstdout[2m | src/api/game/services/__tests__/action-engine.matrix.test.ts[2m > [22m[2mAction Engine Matrix (High-Volume Validation)[2m > [22m[2mCombat Hit Matrix[2m > [22m[2mCase: Roll 2 + Bonus -1 vs AC 18 -> Hit: false, Crit: false
[22m[39m[ActionEngine] Resolving command: ATTACK {
  actorId: [32m'actor-matrix'[39m,
  targetId: [32m'target-matrix'[39m,
  weaponId: [32m'test-weapon'[39m
}

[90mstdout[2m | src/api/game/services/__tests__/action-engine.matrix.test.ts[2m > [22m[2mAction Engine Matrix (High-Volume Validation)[2m > [22m[2mCombat Hit Matrix[2m > [22m[2mCase: Roll 2 + Bonus -1 vs AC 20 -> Hit: false, Crit: false
[22m[39m[ActionEngine] Resolving command: ATTACK {
  actorId: [32m'actor-matrix'[39m,
  targetId: [32m'target-matrix'[39m,
  weaponId: [32m'test-weapon'[39m
}

[90mstdout[2m | src/api/game/services/__tests__/action-engine.matrix.test.ts[2m > [22m[2mAction Engine Matrix (High-Volume Validation)[2m > [22m[2mCombat Hit Matrix[2m > [22m[2mCase: Roll 2 + Bonus -1 vs AC 25 -> Hit: false, Crit: false
[22m[39m[ActionEngine] Resolving command: ATTACK {
  actorId: [32m'actor-matrix'[39m,
  targetId: [32m'target-matrix'[39m,
  weaponId: [32m'test-weapon'[39m
}

[90mstdout[2m | src/api/game/services/__tests__/action-engine.matrix.test.ts[2m > [22m[2mAction Engine Matrix (High-Volume Validation)[2m > [22m[2mCombat Hit Matrix[2m > [22m[2mCase: Roll 2 + Bonus -1 vs AC 30 -> Hit: false, Crit: false
[22m[39m[ActionEngine] Resolving command: ATTACK {
  actorId: [32m'actor-matrix'[39m,
  targetId: [32m'target-matrix'[39m,
  weaponId: [32m'test-weapon'[39m
}

[90mstdout[2m | src/api/game/services/__tests__/action-engine.matrix.test.ts[2m > [22m[2mAction Engine Matrix (High-Volume Validation)[2m > [22m[2mCombat Hit Matrix[2m > [22m[2mCase: Roll 2 + Bonus +0 vs AC 10 -> Hit: false, Crit: false
[22m[39m[ActionEngine] Resolving command: ATTACK {
  actorId: [32m'actor-matrix'[39m,
  targetId: [32m'target-matrix'[39m,
  weaponId: [32m'test-weapon'[39m
}

[90mstdout[2m | src/api/game/services/__tests__/action-engine.matrix.test.ts[2m > [22m[2mAction Engine Matrix (High-Volume Validation)[2m > [22m[2mCombat Hit Matrix[2m > [22m[2mCase: Roll 2 + Bonus +0 vs AC 12 -> Hit: false, Crit: false
[22m[39m[ActionEngine] Resolving command: ATTACK {
  actorId: [32m'actor-matrix'[39m,
  targetId: [32m'target-matrix'[39m,
  weaponId: [32m'test-weapon'[39m
}

[90mstdout[2m | src/api/game/services/__tests__/action-engine.matrix.test.ts[2m > [22m[2mAction Engine Matrix (High-Volume Validation)[2m > [22m[2mCombat Hit Matrix[2m > [22m[2mCase: Roll 2 + Bonus +0 vs AC 15 -> Hit: false, Crit: false
[22m[39m[ActionEngine] Resolving command: ATTACK {
  actorId: [32m'actor-matrix'[39m,
  targetId: [32m'target-matrix'[39m,
  weaponId: [32m'test-weapon'[39m
}

[90mstdout[2m | src/api/game/services/__tests__/action-engine.matrix.test.ts[2m > [22m[2mAction Engine Matrix (High-Volume Validation)[2m > [22m[2mCombat Hit Matrix[2m > [22m[2mCase: Roll 2 + Bonus +0 vs AC 18 -> Hit: false, Crit: false
[22m[39m[ActionEngine] Resolving command: ATTACK {
  actorId: [32m'actor-matrix'[39m,
  targetId: [32m'target-matrix'[39m,
  weaponId: [32m'test-weapon'[39m
}

[90mstdout[2m | src/api/game/services/__tests__/action-engine.matrix.test.ts[2m > [22m[2mAction Engine Matrix (High-Volume Validation)[2m > [22m[2mCombat Hit Matrix[2m > [22m[2mCase: Roll 2 + Bonus +0 vs AC 20 -> Hit: false, Crit: false
[22m[39m[ActionEngine] Resolving command: ATTACK {
  actorId: [32m'actor-matrix'[39m,
  targetId: [32m'target-matrix'[39m,
  weaponId: [32m'test-weapon'[39m
}

[90mstdout[2m | src/api/game/services/__tests__/action-engine.matrix.test.ts[2m > [22m[2mAction Engine Matrix (High-Volume Validation)[2m > [22m[2mCombat Hit Matrix[2m > [22m[2mCase: Roll 2 + Bonus +0 vs AC 25 -> Hit: false, Crit: false
[22m[39m[ActionEngine] Resolving command: ATTACK {
  actorId: [32m'actor-matrix'[39m,
  targetId: [32m'target-matrix'[39m,
  weaponId: [32m'test-weapon'[39m
}

[90mstdout[2m | src/api/game/services/__tests__/action-engine.matrix.test.ts[2m > [22m[2mAction Engine Matrix (High-Volume Validation)[2m > [22m[2mCombat Hit Matrix[2m > [22m[2mCase: Roll 2 + Bonus +0 vs AC 30 -> Hit: false, Crit: false
[22m[39m[ActionEngine] Resolving command: ATTACK {
  actorId: [32m'actor-matrix'[39m,
  targetId: [32m'target-matrix'[39m,
  weaponId: [32m'test-weapon'[39m
}

[90mstdout[2m | src/api/game/services/__tests__/action-engine.matrix.test.ts[2m > [22m[2mAction Engine Matrix (High-Volume Validation)[2m > [22m[2mCombat Hit Matrix[2m > [22m[2mCase: Roll 2 + Bonus 5 vs AC 10 -> Hit: false, Crit: false
[22m[39m[ActionEngine] Resolving command: ATTACK {
  actorId: [32m'actor-matrix'[39m,
  targetId: [32m'target-matrix'[39m,
  weaponId: [32m'test-weapon'[39m
}

[90mstdout[2m | src/api/game/services/__tests__/action-engine.matrix.test.ts[2m > [22m[2mAction Engine Matrix (High-Volume Validation)[2m > [22m[2mCombat Hit Matrix[2m > [22m[2mCase: Roll 2 + Bonus 5 vs AC 12 -> Hit: false, Crit: false
[22m[39m[ActionEngine] Resolving command: ATTACK {
  actorId: [32m'actor-matrix'[39m,
  targetId: [32m'target-matrix'[39m,
  weaponId: [32m'test-weapon'[39m
}

[90mstdout[2m | src/api/game/services/__tests__/action-engine.matrix.test.ts[2m > [22m[2mAction Engine Matrix (High-Volume Validation)[2m > [22m[2mCombat Hit Matrix[2m > [22m[2mCase: Roll 2 + Bonus 5 vs AC 15 -> Hit: false, Crit: false
[22m[39m[ActionEngine] Resolving command: ATTACK {
  actorId: [32m'actor-matrix'[39m,
  targetId: [32m'target-matrix'[39m,
  weaponId: [32m'test-weapon'[39m
}

[90mstdout[2m | src/api/game/services/__tests__/action-engine.matrix.test.ts[2m > [22m[2mAction Engine Matrix (High-Volume Validation)[2m > [22m[2mCombat Hit Matrix[2m > [22m[2mCase: Roll 2 + Bonus 5 vs AC 18 -> Hit: false, Crit: false
[22m[39m[ActionEngine] Resolving command: ATTACK {
  actorId: [32m'actor-matrix'[39m,
  targetId: [32m'target-matrix'[39m,
  weaponId: [32m'test-weapon'[39m
}

[90mstdout[2m | src/api/game/services/__tests__/action-engine.matrix.test.ts[2m > [22m[2mAction Engine Matrix (High-Volume Validation)[2m > [22m[2mCombat Hit Matrix[2m > [22m[2mCase: Roll 2 + Bonus 5 vs AC 20 -> Hit: false, Crit: false
[22m[39m[ActionEngine] Resolving command: ATTACK {
  actorId: [32m'actor-matrix'[39m,
  targetId: [32m'target-matrix'[39m,
  weaponId: [32m'test-weapon'[39m
}

[90mstdout[2m | src/api/game/services/__tests__/action-engine.matrix.test.ts[2m > [22m[2mAction Engine Matrix (High-Volume Validation)[2m > [22m[2mCombat Hit Matrix[2m > [22m[2mCase: Roll 2 + Bonus 5 vs AC 25 -> Hit: false, Crit: false
[22m[39m[ActionEngine] Resolving command: ATTACK {
  actorId: [32m'actor-matrix'[39m,
  targetId: [32m'target-matrix'[39m,
  weaponId: [32m'test-weapon'[39m
}

[2m4:28:07 PM[22m [33m[1m[vite][22m[39m (ssr) warning: Duplicate key "removeOnFail" in object literal
118 |              removeOnComplete: false,
119 |              removeOnFail: true,
120 |              removeOnFail: true,
    |              ^
121 |              // timeout: 5000,
122 |            },

  Plugin: vite:esbuild
  File: /Users/lg/lab/daicer/src/queues/__tests__/queue-config.test.ts
[2m4:28:07 PM[22m [33m[1m[vite][22m[39m (ssr) warning: Duplicate key "removeOnFail" in object literal
140 |          removeOnComplete: false,
141 |          removeOnFail: true,
142 |          removeOnFail: true,
    |          ^
143 |          // timeout: 5000,
144 |        })

  Plugin: vite:esbuild
  File: /Users/lg/lab/daicer/src/queues/__tests__/queue-config.test.ts
 [32m✓[39m src/api/game/services/__tests__/logic-determinism.test.ts [2m([22m[2m2 tests[22m[2m)[22m[32m 203[2mms[22m[39m
 [32m✓[39m src/api/game/services/__tests__/spawn-derivation.test.ts [2m([22m[2m3 tests[22m[2m)[22m[32m 8[2mms[22m[39m
[90mstdout[2m | src/api/game/services/__tests__/spawn-stats.test.ts[2m > [22m[2mSpawn Service Stat Logic[2m > [22m[2mshould calculate HP for Con NaN as NaN
[22m[39m[SpawnService] Found Room: room-1 (Name: Unknown)
[SpawnService] Creating EntitySheet for character: Hero in room: room-1

[90mstdout[2m | src/api/game/services/__tests__/spawn-stats.test.ts[2m > [22m[2mSpawn Service Stat Logic[2m > [22m[2mshould calculate HP for Con NaN as NaN
[22m[39m[SpawnService] Found Room: room-1 (Name: Unknown)
[SpawnService] Creating EntitySheet for character: Hero in room: room-1

[90mstdout[2m | src/api/game/services/__tests__/spawn-stats.test.ts[2m > [22m[2mSpawn Service Stat Logic[2m > [22m[2mshould calculate HP for Con NaN as NaN
[22m[39m[SpawnService] Found Room: room-1 (Name: Unknown)
[SpawnService] Creating EntitySheet for character: Hero in room: room-1

[90mstdout[2m | src/api/game/services/__tests__/spawn-stats.test.ts[2m > [22m[2mSpawn Service Stat Logic[2m > [22m[2mshould calculate HP for Con NaN as NaN
[22m[39m[SpawnService] Found Room: room-1 (Name: Unknown)
[SpawnService] Creating EntitySheet for character: Hero in room: room-1

[90mstderr[2m | src/plugins/map-explorer/admin/src/components/PixelForge/__tests__/PixelForge.test.tsx[2m > [22m[2mPixelForge[2m > [22m[2mshould render and load prompt from entity data
[22m[39mWarning: React does not recognize the `startIcon` prop on a DOM element. If you intentionally want it to appear in the DOM as a custom attribute, spell it as lowercase `starticon` instead. If you accidentally passed it from a parent component, remove it from the DOM element.
    at button
    at Button (/Users/lg/lab/daicer/src/plugins/map-explorer/admin/src/components/PixelForge/__tests__/PixelForge.test.tsx:38:14)
    at div
    at Flex (/Users/lg/lab/daicer/src/plugins/map-explorer/admin/src/components/PixelForge/__tests__/PixelForge.test.tsx:19:12)
    at div
    at Box (/Users/lg/lab/daicer/src/plugins/map-explorer/admin/src/components/PixelForge/__tests__/PixelForge.test.tsx:14:11)
    at PixelForge (/Users/lg/lab/daicer/src/plugins/map-explorer/admin/src/components/PixelForge/index.tsx:16:23)
PixelForge: Failed to parse value TypeError: Cannot read properties of null (reading 'pixels')
    at [90m/Users/lg/lab/daicer/[39msrc/plugins/map-explorer/admin/src/components/PixelForge/index.tsx:60:35
    at commitHookEffectListMount [90m(/Users/lg/lab/daicer/[39msrc/plugins/map-explorer/node_modules/[4mreact-dom[24m/cjs/react-dom.development.js:23189:26[90m)[39m
    at commitPassiveMountOnFiber [90m(/Users/lg/lab/daicer/[39msrc/plugins/map-explorer/node_modules/[4mreact-dom[24m/cjs/react-dom.development.js:24970:11[90m)[39m
    at commitPassiveMountEffects_complete [90m(/Users/lg/lab/daicer/[39msrc/plugins/map-explorer/node_modules/[4mreact-dom[24m/cjs/react-dom.development.js:24930:9[90m)[39m
    at commitPassiveMountEffects_begin [90m(/Users/lg/lab/daicer/[39msrc/plugins/map-explorer/node_modules/[4mreact-dom[24m/cjs/react-dom.development.js:24917:7[90m)[39m
    at commitPassiveMountEffects [90m(/Users/lg/lab/daicer/[39msrc/plugins/map-explorer/node_modules/[4mreact-dom[24m/cjs/react-dom.development.js:24905:3[90m)[39m
    at flushPassiveEffectsImpl [90m(/Users/lg/lab/daicer/[39msrc/plugins/map-explorer/node_modules/[4mreact-dom[24m/cjs/react-dom.development.js:27078:3[90m)[39m
    at flushPassiveEffects [90m(/Users/lg/lab/daicer/[39msrc/plugins/map-explorer/node_modules/[4mreact-dom[24m/cjs/react-dom.development.js:27023:14[90m)[39m
    at [90m/Users/lg/lab/daicer/[39msrc/plugins/map-explorer/node_modules/[4mreact-dom[24m/cjs/react-dom.development.js:26808:9
    at flushActQueue [90m(/Users/lg/lab/daicer/[39msrc/plugins/map-explorer/node_modules/[4mreact[24m/cjs/react.development.js:2667:24[90m)[39m
Warning: React does not recognize the `fullWidth` prop on a DOM element. If you intentionally want it to appear in the DOM as a custom attribute, spell it as lowercase `fullwidth` instead. If you accidentally passed it from a parent component, remove it from the DOM element.
    at button
    at Button (/Users/lg/lab/daicer/src/plugins/map-explorer/admin/src/components/PixelForge/__tests__/PixelForge.test.tsx:38:14)
    at div
    at Box (/Users/lg/lab/daicer/src/plugins/map-explorer/admin/src/components/PixelForge/__tests__/PixelForge.test.tsx:14:11)
    at div
    at Box (/Users/lg/lab/daicer/src/plugins/map-explorer/admin/src/components/PixelForge/__tests__/PixelForge.test.tsx:14:11)
    at div
    at Flex (/Users/lg/lab/daicer/src/plugins/map-explorer/admin/src/components/PixelForge/__tests__/PixelForge.test.tsx:19:12)
    at div
    at Box (/Users/lg/lab/daicer/src/plugins/map-explorer/admin/src/components/PixelForge/__tests__/PixelForge.test.tsx:14:11)
    at div
    at Flex (/Users/lg/lab/daicer/src/plugins/map-explorer/admin/src/components/PixelForge/__tests__/PixelForge.test.tsx:19:12)
    at div
    at Box (/Users/lg/lab/daicer/src/plugins/map-explorer/admin/src/components/PixelForge/__tests__/PixelForge.test.tsx:14:11)
    at div
    at Flex (/Users/lg/lab/daicer/src/plugins/map-explorer/admin/src/components/PixelForge/__tests__/PixelForge.test.tsx:19:12)
    at div
    at Box (/Users/lg/lab/daicer/src/plugins/map-explorer/admin/src/components/PixelForge/__tests__/PixelForge.test.tsx:14:11)
    at div
    at Box (/Users/lg/lab/daicer/src/plugins/map-explorer/admin/src/components/PixelForge/__tests__/PixelForge.test.tsx:14:11)
    at PixelForge (/Users/lg/lab/daicer/src/plugins/map-explorer/admin/src/components/PixelForge/index.tsx:16:23)
Warning: Received `false` for a non-boolean attribute `loading`.

If you want to write it to the DOM, pass a string instead: loading="false" or loading={value.toString()}.

If you used to conditionally omit it with loading={condition && value}, pass loading={condition ? value : undefined} instead.
    at button
    at Button (/Users/lg/lab/daicer/src/plugins/map-explorer/admin/src/components/PixelForge/__tests__/PixelForge.test.tsx:38:14)
    at div
    at Box (/Users/lg/lab/daicer/src/plugins/map-explorer/admin/src/components/PixelForge/__tests__/PixelForge.test.tsx:14:11)
    at div
    at Box (/Users/lg/lab/daicer/src/plugins/map-explorer/admin/src/components/PixelForge/__tests__/PixelForge.test.tsx:14:11)
    at div
    at Flex (/Users/lg/lab/daicer/src/plugins/map-explorer/admin/src/components/PixelForge/__tests__/PixelForge.test.tsx:19:12)
    at div
    at Box (/Users/lg/lab/daicer/src/plugins/map-explorer/admin/src/components/PixelForge/__tests__/PixelForge.test.tsx:14:11)
    at div
    at Flex (/Users/lg/lab/daicer/src/plugins/map-explorer/admin/src/components/PixelForge/__tests__/PixelForge.test.tsx:19:12)
    at div
    at Box (/Users/lg/lab/daicer/src/plugins/map-explorer/admin/src/components/PixelForge/__tests__/PixelForge.test.tsx:14:11)
    at div
    at Flex (/Users/lg/lab/daicer/src/plugins/map-explorer/admin/src/components/PixelForge/__tests__/PixelForge.test.tsx:19:12)
    at div
    at Box (/Users/lg/lab/daicer/src/plugins/map-explorer/admin/src/components/PixelForge/__tests__/PixelForge.test.tsx:14:11)
    at div
    at Box (/Users/lg/lab/daicer/src/plugins/map-explorer/admin/src/components/PixelForge/__tests__/PixelForge.test.tsx:14:11)
    at PixelForge (/Users/lg/lab/daicer/src/plugins/map-explorer/admin/src/components/PixelForge/index.tsx:16:23)

[90mstdout[2m | src/api/game/services/__tests__/spawn-stats.test.ts[2m > [22m[2mSpawn Service Stat Logic[2m > [22m[2mshould calculate HP for Con NaN as NaN
[22m[39m[SpawnService] Found Room: room-1 (Name: Unknown)
[SpawnService] Creating EntitySheet for character: Hero in room: room-1

[90mstdout[2m | src/api/game/services/__tests__/spawn-stats.test.ts[2m > [22m[2mSpawn Service Stat Logic[2m > [22m[2mshould calculate HP for Con NaN as NaN
[22m[39m[SpawnService] Found Room: room-1 (Name: Unknown)
[SpawnService] Creating EntitySheet for character: Hero in room: room-1

[90mstdout[2m | src/api/game/services/__tests__/spawn-stats.test.ts[2m > [22m[2mSpawn Service Stat Logic[2m > [22m[2mshould calculate HP for Con NaN as NaN
[22m[39m[SpawnService] Found Room: room-1 (Name: Unknown)
[SpawnService] Creating EntitySheet for character: Hero in room: room-1

[90mstdout[2m | src/api/game/services/__tests__/spawn-stats.test.ts[2m > [22m[2mSpawn Service Stat Logic[2m > [22m[2mshould calculate HP for Con NaN as NaN
[22m[39m[SpawnService] Found Room: room-1 (Name: Unknown)
[SpawnService] Creating EntitySheet for character: Hero in room: room-1

[90mstdout[2m | src/api/game/services/__tests__/spawn-stats.test.ts[2m > [22m[2mSpawn Service Stat Logic[2m > [22m[2mshould derive { stat: 'strength', val: 18 } correctly
[22m[39m[SpawnService] Found Room: room-1 (Name: Unknown)
[SpawnService] Creating EntitySheet for character: Hero in room: room-1

[90mstdout[2m | src/api/game/services/__tests__/spawn-stats.test.ts[2m > [22m[2mSpawn Service Stat Logic[2m > [22m[2mshould derive { stat: 'dexterity', val: 18 } correctly
[22m[39m[SpawnService] Found Room: room-1 (Name: Unknown)
[SpawnService] Creating EntitySheet for character: Hero in room: room-1

[90mstdout[2m | src/api/game/services/__tests__/spawn-stats.test.ts[2m > [22m[2mSpawn Service Stat Logic[2m > [22m[2mshould derive { stat: 'intelligence', val: 18 } correctly
[22m[39m[SpawnService] Found Room: room-1 (Name: Unknown)
[SpawnService] Creating EntitySheet for character: Hero in room: room-1

[90mstdout[2m | src/api/game/services/__tests__/spawn-stats.test.ts[2m > [22m[2mSpawn Service Stat Logic[2m > [22m[2mshould derive { stat: 'wisdom', val: 18 } correctly
[22m[39m[SpawnService] Found Room: room-1 (Name: Unknown)
[SpawnService] Creating EntitySheet for character: Hero in room: room-1

[90mstdout[2m | src/api/game/services/__tests__/spawn-stats.test.ts[2m > [22m[2mSpawn Service Stat Logic[2m > [22m[2mshould derive { stat: 'charisma', val: 18 } correctly
[22m[39m[SpawnService] Found Room: room-1 (Name: Unknown)
[SpawnService] Creating EntitySheet for character: Hero in room: room-1

 [32m✓[39m src/api/game/services/__tests__/spawn-stats.test.ts [2m([22m[2m13 tests[22m[2m)[22m[32m 31[2mms[22m[39m
[90mstdout[2m | src/plugins/map-explorer/server/src/services/__tests__/voxel-engine.property.test.ts[2m > [22m[2mVoxel Engine Property Tests (SOTA Verification)[2m > [22m[2mshould maintain invariants across 300 random generations
[22m[39mRunning 300 Iterations of Generative Testing...

 [32m✓[39m src/plugins/map-explorer/server/src/services/__tests__/voxel-engine.property.test.ts [2m([22m[2m3 tests[22m[2m)[22m[32m 38[2mms[22m[39m
 [32m✓[39m src/services/__tests__/unified-search-integration.spec.ts [2m([22m[2m3 tests[22m[2m)[22m[32m 6[2mms[22m[39m
 [32m✓[39m src/queues/__tests__/queue-config.test.ts [2m([22m[2m6 tests[22m[2m)[22m[32m 46[2mms[22m[39m
 [32m✓[39m src/plugins/map-explorer/admin/src/utils/__tests__/render-engine.comprehensive.test.ts [2m([22m[2m103 tests[22m[2m)[22m[32m 44[2mms[22m[39m
 [32m✓[39m src/shared/utils/__tests__/markdown-chunker.test.ts [2m([22m[2m3 tests[22m[2m)[22m[33m 1104[2mms[22m[39m
     [33m[2m✓[22m[39m should split deep leaf nodes if they are individually too big [33m 1055[2mms[22m[39m
[90mstdout[2m | src/api/game/services/__tests__/action-engine.matrix.test.ts[2m > [22m[2mAction Engine Matrix (High-Volume Validation)[2m > [22m[2mCombat Hit Matrix[2m > [22m[2mCase: Roll 2 + Bonus 5 vs AC 30 -> Hit: false, Crit: false
[22m[39m[ActionEngine] Resolving command: ATTACK {
  actorId: [32m'actor-matrix'[39m,
  targetId: [32m'target-matrix'[39m,
  weaponId: [32m'test-weapon'[39m
}

[90mstdout[2m | src/api/game/services/__tests__/action-engine.matrix.test.ts[2m > [22m[2mAction Engine Matrix (High-Volume Validation)[2m > [22m[2mCombat Hit Matrix[2m > [22m[2mCase: Roll 2 + Bonus 10 vs AC 10 -> Hit: true, Crit: false
[22m[39m[ActionEngine] Resolving command: ATTACK {
  actorId: [32m'actor-matrix'[39m,
  targetId: [32m'target-matrix'[39m,
  weaponId: [32m'test-weapon'[39m
}

[90mstdout[2m | src/api/game/services/__tests__/action-engine.matrix.test.ts[2m > [22m[2mAction Engine Matrix (High-Volume Validation)[2m > [22m[2mCombat Hit Matrix[2m > [22m[2mCase: Roll 2 + Bonus 10 vs AC 12 -> Hit: true, Crit: false
[22m[39m[ActionEngine] Resolving command: ATTACK {
  actorId: [32m'actor-matrix'[39m,
  targetId: [32m'target-matrix'[39m,
  weaponId: [32m'test-weapon'[39m
}

[90mstdout[2m | src/api/game/services/__tests__/action-engine.matrix.test.ts[2m > [22m[2mAction Engine Matrix (High-Volume Validation)[2m > [22m[2mCombat Hit Matrix[2m > [22m[2mCase: Roll 2 + Bonus 10 vs AC 15 -> Hit: false, Crit: false
[22m[39m[ActionEngine] Resolving command: ATTACK {
  actorId: [32m'actor-matrix'[39m,
  targetId: [32m'target-matrix'[39m,
  weaponId: [32m'test-weapon'[39m
}

[90mstdout[2m | src/api/game/services/__tests__/action-engine.matrix.test.ts[2m > [22m[2mAction Engine Matrix (High-Volume Validation)[2m > [22m[2mCombat Hit Matrix[2m > [22m[2mCase: Roll 2 + Bonus 10 vs AC 18 -> Hit: false, Crit: false
[22m[39m[ActionEngine] Resolving command: ATTACK {
  actorId: [32m'actor-matrix'[39m,
  targetId: [32m'target-matrix'[39m,
  weaponId: [32m'test-weapon'[39m
}

[90mstdout[2m | src/api/game/services/__tests__/action-engine.matrix.test.ts[2m > [22m[2mAction Engine Matrix (High-Volume Validation)[2m > [22m[2mCombat Hit Matrix[2m > [22m[2mCase: Roll 2 + Bonus 10 vs AC 20 -> Hit: false, Crit: false
[22m[39m[ActionEngine] Resolving command: ATTACK {
  actorId: [32m'actor-matrix'[39m,
  targetId: [32m'target-matrix'[39m,
  weaponId: [32m'test-weapon'[39m
}

[90mstdout[2m | src/api/game/services/__tests__/action-engine.matrix.test.ts[2m > [22m[2mAction Engine Matrix (High-Volume Validation)[2m > [22m[2mCombat Hit Matrix[2m > [22m[2mCase: Roll 2 + Bonus 10 vs AC 25 -> Hit: false, Crit: false
[22m[39m[ActionEngine] Resolving command: ATTACK {
  actorId: [32m'actor-matrix'[39m,
  targetId: [32m'target-matrix'[39m,
  weaponId: [32m'test-weapon'[39m
}

[90mstdout[2m | src/api/game/services/__tests__/action-engine.matrix.test.ts[2m > [22m[2mAction Engine Matrix (High-Volume Validation)[2m > [22m[2mCombat Hit Matrix[2m > [22m[2mCase: Roll 2 + Bonus 10 vs AC 30 -> Hit: false, Crit: false
[22m[39m[ActionEngine] Resolving command: ATTACK {
  actorId: [32m'actor-matrix'[39m,
  targetId: [32m'target-matrix'[39m,
  weaponId: [32m'test-weapon'[39m
}

[90mstdout[2m | src/api/game/services/__tests__/action-engine.matrix.test.ts[2m > [22m[2mAction Engine Matrix (High-Volume Validation)[2m > [22m[2mCombat Hit Matrix[2m > [22m[2mCase: Roll 5 + Bonus -1 vs AC 10 -> Hit: false, Crit: false
[22m[39m[ActionEngine] Resolving command: ATTACK {
  actorId: [32m'actor-matrix'[39m,
  targetId: [32m'target-matrix'[39m,
  weaponId: [32m'test-weapon'[39m
}

[90mstdout[2m | src/api/game/services/__tests__/action-engine.matrix.test.ts[2m > [22m[2mAction Engine Matrix (High-Volume Validation)[2m > [22m[2mCombat Hit Matrix[2m > [22m[2mCase: Roll 5 + Bonus -1 vs AC 12 -> Hit: false, Crit: false
[22m[39m[ActionEngine] Resolving command: ATTACK {
  actorId: [32m'actor-matrix'[39m,
  targetId: [32m'target-matrix'[39m,
  weaponId: [32m'test-weapon'[39m
}

[90mstdout[2m | src/api/game/services/__tests__/action-engine.matrix.test.ts[2m > [22m[2mAction Engine Matrix (High-Volume Validation)[2m > [22m[2mCombat Hit Matrix[2m > [22m[2mCase: Roll 5 + Bonus -1 vs AC 15 -> Hit: false, Crit: false
[22m[39m[ActionEngine] Resolving command: ATTACK {
  actorId: [32m'actor-matrix'[39m,
  targetId: [32m'target-matrix'[39m,
  weaponId: [32m'test-weapon'[39m
}

[90mstdout[2m | src/api/game/services/__tests__/action-engine.matrix.test.ts[2m > [22m[2mAction Engine Matrix (High-Volume Validation)[2m > [22m[2mCombat Hit Matrix[2m > [22m[2mCase: Roll 5 + Bonus -1 vs AC 18 -> Hit: false, Crit: false
[22m[39m[ActionEngine] Resolving command: ATTACK {
  actorId: [32m'actor-matrix'[39m,
  targetId: [32m'target-matrix'[39m,
  weaponId: [32m'test-weapon'[39m
}

[90mstdout[2m | src/api/game/services/__tests__/action-engine.matrix.test.ts[2m > [22m[2mAction Engine Matrix (High-Volume Validation)[2m > [22m[2mCombat Hit Matrix[2m > [22m[2mCase: Roll 5 + Bonus -1 vs AC 20 -> Hit: false, Crit: false
[22m[39m[ActionEngine] Resolving command: ATTACK {
  actorId: [32m'actor-matrix'[39m,
  targetId: [32m'target-matrix'[39m,
  weaponId: [32m'test-weapon'[39m
}

[90mstdout[2m | src/api/game/services/__tests__/action-engine.matrix.test.ts[2m > [22m[2mAction Engine Matrix (High-Volume Validation)[2m > [22m[2mCombat Hit Matrix[2m > [22m[2mCase: Roll 5 + Bonus -1 vs AC 25 -> Hit: false, Crit: false
[22m[39m[ActionEngine] Resolving command: ATTACK {
  actorId: [32m'actor-matrix'[39m,
  targetId: [32m'target-matrix'[39m,
  weaponId: [32m'test-weapon'[39m
}

[90mstdout[2m | src/api/game/services/__tests__/action-engine.matrix.test.ts[2m > [22m[2mAction Engine Matrix (High-Volume Validation)[2m > [22m[2mCombat Hit Matrix[2m > [22m[2mCase: Roll 5 + Bonus -1 vs AC 30 -> Hit: false, Crit: false
[22m[39m[ActionEngine] Resolving command: ATTACK {
  actorId: [32m'actor-matrix'[39m,
  targetId: [32m'target-matrix'[39m,
  weaponId: [32m'test-weapon'[39m
}

[90mstdout[2m | src/api/game/services/__tests__/action-engine.matrix.test.ts[2m > [22m[2mAction Engine Matrix (High-Volume Validation)[2m > [22m[2mCombat Hit Matrix[2m > [22m[2mCase: Roll 5 + Bonus +0 vs AC 10 -> Hit: false, Crit: false
[22m[39m[ActionEngine] Resolving command: ATTACK {
  actorId: [32m'actor-matrix'[39m,
  targetId: [32m'target-matrix'[39m,
  weaponId: [32m'test-weapon'[39m
}

[90mstdout[2m | src/api/game/services/__tests__/action-engine.matrix.test.ts[2m > [22m[2mAction Engine Matrix (High-Volume Validation)[2m > [22m[2mCombat Hit Matrix[2m > [22m[2mCase: Roll 5 + Bonus +0 vs AC 12 -> Hit: false, Crit: false
[22m[39m[ActionEngine] Resolving command: ATTACK {
  actorId: [32m'actor-matrix'[39m,
  targetId: [32m'target-matrix'[39m,
  weaponId: [32m'test-weapon'[39m
}

[90mstdout[2m | src/api/game/services/__tests__/action-engine.matrix.test.ts[2m > [22m[2mAction Engine Matrix (High-Volume Validation)[2m > [22m[2mCombat Hit Matrix[2m > [22m[2mCase: Roll 5 + Bonus +0 vs AC 15 -> Hit: false, Crit: false
[22m[39m[ActionEngine] Resolving command: ATTACK {
  actorId: [32m'actor-matrix'[39m,
  targetId: [32m'target-matrix'[39m,
  weaponId: [32m'test-weapon'[39m
}

[90mstdout[2m | src/api/game/services/__tests__/action-engine.matrix.test.ts[2m > [22m[2mAction Engine Matrix (High-Volume Validation)[2m > [22m[2mCombat Hit Matrix[2m > [22m[2mCase: Roll 5 + Bonus +0 vs AC 18 -> Hit: false, Crit: false
[22m[39m[ActionEngine] Resolving command: ATTACK {
  actorId: [32m'actor-matrix'[39m,
  targetId: [32m'target-matrix'[39m,
  weaponId: [32m'test-weapon'[39m
}

[90mstdout[2m | src/api/game/services/__tests__/action-engine.matrix.test.ts[2m > [22m[2mAction Engine Matrix (High-Volume Validation)[2m > [22m[2mCombat Hit Matrix[2m > [22m[2mCase: Roll 5 + Bonus +0 vs AC 20 -> Hit: false, Crit: false
[22m[39m[ActionEngine] Resolving command: ATTACK {
  actorId: [32m'actor-matrix'[39m,
  targetId: [32m'target-matrix'[39m,
  weaponId: [32m'test-weapon'[39m
}

[90mstdout[2m | src/api/game/services/__tests__/action-engine.matrix.test.ts[2m > [22m[2mAction Engine Matrix (High-Volume Validation)[2m > [22m[2mCombat Hit Matrix[2m > [22m[2mCase: Roll 5 + Bonus +0 vs AC 25 -> Hit: false, Crit: false
[22m[39m[ActionEngine] Resolving command: ATTACK {
  actorId: [32m'actor-matrix'[39m,
  targetId: [32m'target-matrix'[39m,
  weaponId: [32m'test-weapon'[39m
}

[90mstdout[2m | src/api/game/services/__tests__/action-engine.matrix.test.ts[2m > [22m[2mAction Engine Matrix (High-Volume Validation)[2m > [22m[2mCombat Hit Matrix[2m > [22m[2mCase: Roll 5 + Bonus +0 vs AC 30 -> Hit: false, Crit: false
[22m[39m[ActionEngine] Resolving command: ATTACK {
  actorId: [32m'actor-matrix'[39m,
  targetId: [32m'target-matrix'[39m,
  weaponId: [32m'test-weapon'[39m
}

[90mstdout[2m | src/api/game/services/__tests__/action-engine.matrix.test.ts[2m > [22m[2mAction Engine Matrix (High-Volume Validation)[2m > [22m[2mCombat Hit Matrix[2m > [22m[2mCase: Roll 5 + Bonus 5 vs AC 10 -> Hit: true, Crit: false
[22m[39m[ActionEngine] Resolving command: ATTACK {
  actorId: [32m'actor-matrix'[39m,
  targetId: [32m'target-matrix'[39m,
  weaponId: [32m'test-weapon'[39m
}

[90mstdout[2m | src/api/game/services/__tests__/action-engine.matrix.test.ts[2m > [22m[2mAction Engine Matrix (High-Volume Validation)[2m > [22m[2mCombat Hit Matrix[2m > [22m[2mCase: Roll 5 + Bonus 5 vs AC 12 -> Hit: false, Crit: false
[22m[39m[ActionEngine] Resolving command: ATTACK {
  actorId: [32m'actor-matrix'[39m,
  targetId: [32m'target-matrix'[39m,
  weaponId: [32m'test-weapon'[39m
}

[90mstdout[2m | src/api/game/services/__tests__/action-engine.matrix.test.ts[2m > [22m[2mAction Engine Matrix (High-Volume Validation)[2m > [22m[2mCombat Hit Matrix[2m > [22m[2mCase: Roll 5 + Bonus 5 vs AC 15 -> Hit: false, Crit: false
[22m[39m[ActionEngine] Resolving command: ATTACK {
  actorId: [32m'actor-matrix'[39m,
  targetId: [32m'target-matrix'[39m,
  weaponId: [32m'test-weapon'[39m
}

[90mstdout[2m | src/api/game/services/__tests__/action-engine.matrix.test.ts[2m > [22m[2mAction Engine Matrix (High-Volume Validation)[2m > [22m[2mCombat Hit Matrix[2m > [22m[2mCase: Roll 5 + Bonus 5 vs AC 18 -> Hit: false, Crit: false
[22m[39m[ActionEngine] Resolving command: ATTACK {
  actorId: [32m'actor-matrix'[39m,
  targetId: [32m'target-matrix'[39m,
  weaponId: [32m'test-weapon'[39m
}

[90mstdout[2m | src/api/game/services/__tests__/action-engine.matrix.test.ts[2m > [22m[2mAction Engine Matrix (High-Volume Validation)[2m > [22m[2mCombat Hit Matrix[2m > [22m[2mCase: Roll 5 + Bonus 5 vs AC 20 -> Hit: false, Crit: false
[22m[39m[ActionEngine] Resolving command: ATTACK {
  actorId: [32m'actor-matrix'[39m,
  targetId: [32m'target-matrix'[39m,
  weaponId: [32m'test-weapon'[39m
}

[90mstdout[2m | src/api/game/services/__tests__/action-engine.matrix.test.ts[2m > [22m[2mAction Engine Matrix (High-Volume Validation)[2m > [22m[2mCombat Hit Matrix[2m > [22m[2mCase: Roll 5 + Bonus 5 vs AC 25 -> Hit: false, Crit: false
[22m[39m[ActionEngine] Resolving command: ATTACK {
  actorId: [32m'actor-matrix'[39m,
  targetId: [32m'target-matrix'[39m,
  weaponId: [32m'test-weapon'[39m
}

[90mstdout[2m | src/api/game/services/__tests__/action-engine.matrix.test.ts[2m > [22m[2mAction Engine Matrix (High-Volume Validation)[2m > [22m[2mCombat Hit Matrix[2m > [22m[2mCase: Roll 5 + Bonus 5 vs AC 30 -> Hit: false, Crit: false
[22m[39m[ActionEngine] Resolving command: ATTACK {
  actorId: [32m'actor-matrix'[39m,
  targetId: [32m'target-matrix'[39m,
  weaponId: [32m'test-weapon'[39m
}

[90mstdout[2m | src/api/game/services/__tests__/action-engine.matrix.test.ts[2m > [22m[2mAction Engine Matrix (High-Volume Validation)[2m > [22m[2mCombat Hit Matrix[2m > [22m[2mCase: Roll 5 + Bonus 10 vs AC 10 -> Hit: true, Crit: false
[22m[39m[ActionEngine] Resolving command: ATTACK {
  actorId: [32m'actor-matrix'[39m,
  targetId: [32m'target-matrix'[39m,
  weaponId: [32m'test-weapon'[39m
}

[90mstdout[2m | src/api/game/services/__tests__/action-engine.matrix.test.ts[2m > [22m[2mAction Engine Matrix (High-Volume Validation)[2m > [22m[2mCombat Hit Matrix[2m > [22m[2mCase: Roll 5 + Bonus 10 vs AC 12 -> Hit: true, Crit: false
[22m[39m[ActionEngine] Resolving command: ATTACK {
  actorId: [32m'actor-matrix'[39m,
  targetId: [32m'target-matrix'[39m,
  weaponId: [32m'test-weapon'[39m
}

[90mstdout[2m | src/api/game/services/__tests__/action-engine.matrix.test.ts[2m > [22m[2mAction Engine Matrix (High-Volume Validation)[2m > [22m[2mCombat Hit Matrix[2m > [22m[2mCase: Roll 5 + Bonus 10 vs AC 15 -> Hit: true, Crit: false
[22m[39m[ActionEngine] Resolving command: ATTACK {
  actorId: [32m'actor-matrix'[39m,
  targetId: [32m'target-matrix'[39m,
  weaponId: [32m'test-weapon'[39m
}

[90mstdout[2m | src/api/game/services/__tests__/action-engine.matrix.test.ts[2m > [22m[2mAction Engine Matrix (High-Volume Validation)[2m > [22m[2mCombat Hit Matrix[2m > [22m[2mCase: Roll 5 + Bonus 10 vs AC 18 -> Hit: false, Crit: false
[22m[39m[ActionEngine] Resolving command: ATTACK {
  actorId: [32m'actor-matrix'[39m,
  targetId: [32m'target-matrix'[39m,
  weaponId: [32m'test-weapon'[39m
}

[90mstdout[2m | src/api/game/services/__tests__/action-engine.matrix.test.ts[2m > [22m[2mAction Engine Matrix (High-Volume Validation)[2m > [22m[2mCombat Hit Matrix[2m > [22m[2mCase: Roll 5 + Bonus 10 vs AC 20 -> Hit: false, Crit: false
[22m[39m[ActionEngine] Resolving command: ATTACK {
  actorId: [32m'actor-matrix'[39m,
  targetId: [32m'target-matrix'[39m,
  weaponId: [32m'test-weapon'[39m
}

[90mstdout[2m | src/api/game/services/__tests__/action-engine.matrix.test.ts[2m > [22m[2mAction Engine Matrix (High-Volume Validation)[2m > [22m[2mCombat Hit Matrix[2m > [22m[2mCase: Roll 5 + Bonus 10 vs AC 25 -> Hit: false, Crit: false
[22m[39m[ActionEngine] Resolving command: ATTACK {
  actorId: [32m'actor-matrix'[39m,
  targetId: [32m'target-matrix'[39m,
  weaponId: [32m'test-weapon'[39m
}

[90mstdout[2m | src/api/game/services/__tests__/action-engine.matrix.test.ts[2m > [22m[2mAction Engine Matrix (High-Volume Validation)[2m > [22m[2mCombat Hit Matrix[2m > [22m[2mCase: Roll 5 + Bonus 10 vs AC 30 -> Hit: false, Crit: false
[22m[39m[ActionEngine] Resolving command: ATTACK {
  actorId: [32m'actor-matrix'[39m,
  targetId: [32m'target-matrix'[39m,
  weaponId: [32m'test-weapon'[39m
}

[90mstdout[2m | src/api/game/services/__tests__/action-engine.matrix.test.ts[2m > [22m[2mAction Engine Matrix (High-Volume Validation)[2m > [22m[2mCombat Hit Matrix[2m > [22m[2mCase: Roll 10 + Bonus -1 vs AC 10 -> Hit: false, Crit: false
[22m[39m[ActionEngine] Resolving command: ATTACK {
  actorId: [32m'actor-matrix'[39m,
  targetId: [32m'target-matrix'[39m,
  weaponId: [32m'test-weapon'[39m
}

[90mstdout[2m | src/api/game/services/__tests__/action-engine.matrix.test.ts[2m > [22m[2mAction Engine Matrix (High-Volume Validation)[2m > [22m[2mCombat Hit Matrix[2m > [22m[2mCase: Roll 10 + Bonus -1 vs AC 12 -> Hit: false, Crit: false
[22m[39m[ActionEngine] Resolving command: ATTACK {
  actorId: [32m'actor-matrix'[39m,
  targetId: [32m'target-matrix'[39m,
  weaponId: [32m'test-weapon'[39m
}

[90mstdout[2m | src/api/game/services/__tests__/action-engine.matrix.test.ts[2m > [22m[2mAction Engine Matrix (High-Volume Validation)[2m > [22m[2mCombat Hit Matrix[2m > [22m[2mCase: Roll 10 + Bonus -1 vs AC 15 -> Hit: false, Crit: false
[22m[39m[ActionEngine] Resolving command: ATTACK {
  actorId: [32m'actor-matrix'[39m,
  targetId: [32m'target-matrix'[39m,
  weaponId: [32m'test-weapon'[39m
}

[90mstdout[2m | src/api/game/services/__tests__/action-engine.matrix.test.ts[2m > [22m[2mAction Engine Matrix (High-Volume Validation)[2m > [22m[2mCombat Hit Matrix[2m > [22m[2mCase: Roll 10 + Bonus -1 vs AC 18 -> Hit: false, Crit: false
[22m[39m[ActionEngine] Resolving command: ATTACK {
  actorId: [32m'actor-matrix'[39m,
  targetId: [32m'target-matrix'[39m,
  weaponId: [32m'test-weapon'[39m
}

[90mstdout[2m | src/api/game/services/__tests__/action-engine.matrix.test.ts[2m > [22m[2mAction Engine Matrix (High-Volume Validation)[2m > [22m[2mCombat Hit Matrix[2m > [22m[2mCase: Roll 10 + Bonus -1 vs AC 20 -> Hit: false, Crit: false
[22m[39m[ActionEngine] Resolving command: ATTACK {
  actorId: [32m'actor-matrix'[39m,
  targetId: [32m'target-matrix'[39m,
  weaponId: [32m'test-weapon'[39m
}

[90mstdout[2m | src/api/game/services/__tests__/action-engine.matrix.test.ts[2m > [22m[2mAction Engine Matrix (High-Volume Validation)[2m > [22m[2mCombat Hit Matrix[2m > [22m[2mCase: Roll 10 + Bonus -1 vs AC 25 -> Hit: false, Crit: false
[22m[39m[ActionEngine] Resolving command: ATTACK {
  actorId: [32m'actor-matrix'[39m,
  targetId: [32m'target-matrix'[39m,
  weaponId: [32m'test-weapon'[39m
}

[90mstdout[2m | src/api/game/services/__tests__/action-engine.matrix.test.ts[2m > [22m[2mAction Engine Matrix (High-Volume Validation)[2m > [22m[2mCombat Hit Matrix[2m > [22m[2mCase: Roll 10 + Bonus -1 vs AC 30 -> Hit: false, Crit: false
[22m[39m[ActionEngine] Resolving command: ATTACK {
  actorId: [32m'actor-matrix'[39m,
  targetId: [32m'target-matrix'[39m,
  weaponId: [32m'test-weapon'[39m
}

[90mstdout[2m | src/api/game/services/__tests__/action-engine.matrix.test.ts[2m > [22m[2mAction Engine Matrix (High-Volume Validation)[2m > [22m[2mCombat Hit Matrix[2m > [22m[2mCase: Roll 10 + Bonus +0 vs AC 10 -> Hit: true, Crit: false
[22m[39m[ActionEngine] Resolving command: ATTACK {
  actorId: [32m'actor-matrix'[39m,
  targetId: [32m'target-matrix'[39m,
  weaponId: [32m'test-weapon'[39m
}

[90mstdout[2m | src/api/game/services/__tests__/action-engine.matrix.test.ts[2m > [22m[2mAction Engine Matrix (High-Volume Validation)[2m > [22m[2mCombat Hit Matrix[2m > [22m[2mCase: Roll 10 + Bonus +0 vs AC 12 -> Hit: false, Crit: false
[22m[39m[ActionEngine] Resolving command: ATTACK {
  actorId: [32m'actor-matrix'[39m,
  targetId: [32m'target-matrix'[39m,
  weaponId: [32m'test-weapon'[39m
}

[90mstdout[2m | src/api/game/services/__tests__/action-engine.matrix.test.ts[2m > [22m[2mAction Engine Matrix (High-Volume Validation)[2m > [22m[2mCombat Hit Matrix[2m > [22m[2mCase: Roll 10 + Bonus +0 vs AC 15 -> Hit: false, Crit: false
[22m[39m[ActionEngine] Resolving command: ATTACK {
  actorId: [32m'actor-matrix'[39m,
  targetId: [32m'target-matrix'[39m,
  weaponId: [32m'test-weapon'[39m
}

[90mstdout[2m | src/api/game/services/__tests__/action-engine.matrix.test.ts[2m > [22m[2mAction Engine Matrix (High-Volume Validation)[2m > [22m[2mCombat Hit Matrix[2m > [22m[2mCase: Roll 10 + Bonus +0 vs AC 18 -> Hit: false, Crit: false
[22m[39m[ActionEngine] Resolving command: ATTACK {
  actorId: [32m'actor-matrix'[39m,
  targetId: [32m'target-matrix'[39m,
  weaponId: [32m'test-weapon'[39m
}

[90mstdout[2m | src/api/game/services/__tests__/action-engine.matrix.test.ts[2m > [22m[2mAction Engine Matrix (High-Volume Validation)[2m > [22m[2mCombat Hit Matrix[2m > [22m[2mCase: Roll 10 + Bonus +0 vs AC 20 -> Hit: false, Crit: false
[22m[39m[ActionEngine] Resolving command: ATTACK {
  actorId: [32m'actor-matrix'[39m,
  targetId: [32m'target-matrix'[39m,
  weaponId: [32m'test-weapon'[39m
}

[90mstdout[2m | src/api/game/services/__tests__/action-engine.matrix.test.ts[2m > [22m[2mAction Engine Matrix (High-Volume Validation)[2m > [22m[2mCombat Hit Matrix[2m > [22m[2mCase: Roll 10 + Bonus +0 vs AC 25 -> Hit: false, Crit: false
[22m[39m[ActionEngine] Resolving command: ATTACK {
  actorId: [32m'actor-matrix'[39m,
  targetId: [32m'target-matrix'[39m,
  weaponId: [32m'test-weapon'[39m
}

[90mstdout[2m | src/api/game/services/__tests__/action-engine.matrix.test.ts[2m > [22m[2mAction Engine Matrix (High-Volume Validation)[2m > [22m[2mCombat Hit Matrix[2m > [22m[2mCase: Roll 10 + Bonus +0 vs AC 30 -> Hit: false, Crit: false
[22m[39m[ActionEngine] Resolving command: ATTACK {
  actorId: [32m'actor-matrix'[39m,
  targetId: [32m'target-matrix'[39m,
  weaponId: [32m'test-weapon'[39m
}

[90mstdout[2m | src/api/game/services/__tests__/action-engine.matrix.test.ts[2m > [22m[2mAction Engine Matrix (High-Volume Validation)[2m > [22m[2mCombat Hit Matrix[2m > [22m[2mCase: Roll 10 + Bonus 5 vs AC 10 -> Hit: true, Crit: false
[22m[39m[ActionEngine] Resolving command: ATTACK {
  actorId: [32m'actor-matrix'[39m,
  targetId: [32m'target-matrix'[39m,
  weaponId: [32m'test-weapon'[39m
}

[90mstdout[2m | src/api/game/services/__tests__/action-engine.matrix.test.ts[2m > [22m[2mAction Engine Matrix (High-Volume Validation)[2m > [22m[2mCombat Hit Matrix[2m > [22m[2mCase: Roll 10 + Bonus 5 vs AC 12 -> Hit: true, Crit: false
[22m[39m[ActionEngine] Resolving command: ATTACK {
  actorId: [32m'actor-matrix'[39m,
  targetId: [32m'target-matrix'[39m,
  weaponId: [32m'test-weapon'[39m
}

[90mstdout[2m | src/api/game/services/__tests__/action-engine.matrix.test.ts[2m > [22m[2mAction Engine Matrix (High-Volume Validation)[2m > [22m[2mCombat Hit Matrix[2m > [22m[2mCase: Roll 10 + Bonus 5 vs AC 15 -> Hit: true, Crit: false
[22m[39m[ActionEngine] Resolving command: ATTACK {
  actorId: [32m'actor-matrix'[39m,
  targetId: [32m'target-matrix'[39m,
  weaponId: [32m'test-weapon'[39m
}

[90mstdout[2m | src/api/game/services/__tests__/action-engine.matrix.test.ts[2m > [22m[2mAction Engine Matrix (High-Volume Validation)[2m > [22m[2mCombat Hit Matrix[2m > [22m[2mCase: Roll 10 + Bonus 5 vs AC 18 -> Hit: false, Crit: false
[22m[39m[ActionEngine] Resolving command: ATTACK {
  actorId: [32m'actor-matrix'[39m,
  targetId: [32m'target-matrix'[39m,
  weaponId: [32m'test-weapon'[39m
}

[90mstdout[2m | src/api/game/services/__tests__/action-engine.matrix.test.ts[2m > [22m[2mAction Engine Matrix (High-Volume Validation)[2m > [22m[2mCombat Hit Matrix[2m > [22m[2mCase: Roll 10 + Bonus 5 vs AC 20 -> Hit: false, Crit: false
[22m[39m[ActionEngine] Resolving command: ATTACK {
  actorId: [32m'actor-matrix'[39m,
  targetId: [32m'target-matrix'[39m,
  weaponId: [32m'test-weapon'[39m
}

[90mstdout[2m | src/api/game/services/__tests__/action-engine.matrix.test.ts[2m > [22m[2mAction Engine Matrix (High-Volume Validation)[2m > [22m[2mCombat Hit Matrix[2m > [22m[2mCase: Roll 10 + Bonus 5 vs AC 25 -> Hit: false, Crit: false
[22m[39m[ActionEngine] Resolving command: ATTACK {
  actorId: [32m'actor-matrix'[39m,
  targetId: [32m'target-matrix'[39m,
  weaponId: [32m'test-weapon'[39m
}

[90mstdout[2m | src/api/game/services/__tests__/action-engine.matrix.test.ts[2m > [22m[2mAction Engine Matrix (High-Volume Validation)[2m > [22m[2mCombat Hit Matrix[2m > [22m[2mCase: Roll 10 + Bonus 5 vs AC 30 -> Hit: false, Crit: false
[22m[39m[ActionEngine] Resolving command: ATTACK {
  actorId: [32m'actor-matrix'[39m,
  targetId: [32m'target-matrix'[39m,
  weaponId: [32m'test-weapon'[39m
}

[90mstdout[2m | src/api/game/services/__tests__/action-engine.matrix.test.ts[2m > [22m[2mAction Engine Matrix (High-Volume Validation)[2m > [22m[2mCombat Hit Matrix[2m > [22m[2mCase: Roll 10 + Bonus 10 vs AC 10 -> Hit: true, Crit: false
[22m[39m[ActionEngine] Resolving command: ATTACK {
  actorId: [32m'actor-matrix'[39m,
  targetId: [32m'target-matrix'[39m,
  weaponId: [32m'test-weapon'[39m
}

[90mstdout[2m | src/api/game/services/__tests__/action-engine.matrix.test.ts[2m > [22m[2mAction Engine Matrix (High-Volume Validation)[2m > [22m[2mCombat Hit Matrix[2m > [22m[2mCase: Roll 10 + Bonus 10 vs AC 12 -> Hit: true, Crit: false
[22m[39m[ActionEngine] Resolving command: ATTACK {
  actorId: [32m'actor-matrix'[39m,
  targetId: [32m'target-matrix'[39m,
  weaponId: [32m'test-weapon'[39m
}

[90mstdout[2m | src/api/game/services/__tests__/action-engine.matrix.test.ts[2m > [22m[2mAction Engine Matrix (High-Volume Validation)[2m > [22m[2mCombat Hit Matrix[2m > [22m[2mCase: Roll 10 + Bonus 10 vs AC 15 -> Hit: true, Crit: false
[22m[39m[ActionEngine] Resolving command: ATTACK {
  actorId: [32m'actor-matrix'[39m,
  targetId: [32m'target-matrix'[39m,
  weaponId: [32m'test-weapon'[39m
}

[90mstdout[2m | src/api/game/services/__tests__/action-engine.matrix.test.ts[2m > [22m[2mAction Engine Matrix (High-Volume Validation)[2m > [22m[2mCombat Hit Matrix[2m > [22m[2mCase: Roll 10 + Bonus 10 vs AC 18 -> Hit: true, Crit: false
[22m[39m[ActionEngine] Resolving command: ATTACK {
  actorId: [32m'actor-matrix'[39m,
  targetId: [32m'target-matrix'[39m,
  weaponId: [32m'test-weapon'[39m
}

[90mstdout[2m | src/api/game/services/__tests__/action-engine.matrix.test.ts[2m > [22m[2mAction Engine Matrix (High-Volume Validation)[2m > [22m[2mCombat Hit Matrix[2m > [22m[2mCase: Roll 10 + Bonus 10 vs AC 20 -> Hit: true, Crit: false
[22m[39m[ActionEngine] Resolving command: ATTACK {
  actorId: [32m'actor-matrix'[39m,
  targetId: [32m'target-matrix'[39m,
  weaponId: [32m'test-weapon'[39m
}

[90mstdout[2m | src/api/game/services/__tests__/action-engine.matrix.test.ts[2m > [22m[2mAction Engine Matrix (High-Volume Validation)[2m > [22m[2mCombat Hit Matrix[2m > [22m[2mCase: Roll 10 + Bonus 10 vs AC 25 -> Hit: false, Crit: false
[22m[39m[ActionEngine] Resolving command: ATTACK {
  actorId: [32m'actor-matrix'[39m,
  targetId: [32m'target-matrix'[39m,
  weaponId: [32m'test-weapon'[39m
}

[90mstdout[2m | src/api/game/services/__tests__/action-engine.matrix.test.ts[2m > [22m[2mAction Engine Matrix (High-Volume Validation)[2m > [22m[2mCombat Hit Matrix[2m > [22m[2mCase: Roll 10 + Bonus 10 vs AC 30 -> Hit: false, Crit: false
[22m[39m[ActionEngine] Resolving command: ATTACK {
  actorId: [32m'actor-matrix'[39m,
  targetId: [32m'target-matrix'[39m,
  weaponId: [32m'test-weapon'[39m
}

[90mstdout[2m | src/api/game/services/__tests__/action-engine.matrix.test.ts[2m > [22m[2mAction Engine Matrix (High-Volume Validation)[2m > [22m[2mCombat Hit Matrix[2m > [22m[2mCase: Roll 15 + Bonus -1 vs AC 10 -> Hit: true, Crit: false
[22m[39m[ActionEngine] Resolving command: ATTACK {
  actorId: [32m'actor-matrix'[39m,
  targetId: [32m'target-matrix'[39m,
  weaponId: [32m'test-weapon'[39m
}

[90mstdout[2m | src/api/game/services/__tests__/action-engine.matrix.test.ts[2m > [22m[2mAction Engine Matrix (High-Volume Validation)[2m > [22m[2mCombat Hit Matrix[2m > [22m[2mCase: Roll 15 + Bonus -1 vs AC 12 -> Hit: true, Crit: false
[22m[39m[ActionEngine] Resolving command: ATTACK {
  actorId: [32m'actor-matrix'[39m,
  targetId: [32m'target-matrix'[39m,
  weaponId: [32m'test-weapon'[39m
}

[90mstdout[2m | src/api/game/services/__tests__/action-engine.matrix.test.ts[2m > [22m[2mAction Engine Matrix (High-Volume Validation)[2m > [22m[2mCombat Hit Matrix[2m > [22m[2mCase: Roll 15 + Bonus -1 vs AC 15 -> Hit: false, Crit: false
[22m[39m[ActionEngine] Resolving command: ATTACK {
  actorId: [32m'actor-matrix'[39m,
  targetId: [32m'target-matrix'[39m,
  weaponId: [32m'test-weapon'[39m
}

[90mstdout[2m | src/api/game/services/__tests__/action-engine.matrix.test.ts[2m > [22m[2mAction Engine Matrix (High-Volume Validation)[2m > [22m[2mCombat Hit Matrix[2m > [22m[2mCase: Roll 15 + Bonus -1 vs AC 18 -> Hit: false, Crit: false
[22m[39m[ActionEngine] Resolving command: ATTACK {
  actorId: [32m'actor-matrix'[39m,
  targetId: [32m'target-matrix'[39m,
  weaponId: [32m'test-weapon'[39m
}

[90mstdout[2m | src/api/game/services/__tests__/action-engine.matrix.test.ts[2m > [22m[2mAction Engine Matrix (High-Volume Validation)[2m > [22m[2mCombat Hit Matrix[2m > [22m[2mCase: Roll 15 + Bonus -1 vs AC 20 -> Hit: false, Crit: false
[22m[39m[ActionEngine] Resolving command: ATTACK {
  actorId: [32m'actor-matrix'[39m,
  targetId: [32m'target-matrix'[39m,
  weaponId: [32m'test-weapon'[39m
}

[90mstdout[2m | src/api/game/services/__tests__/action-engine.matrix.test.ts[2m > [22m[2mAction Engine Matrix (High-Volume Validation)[2m > [22m[2mCombat Hit Matrix[2m > [22m[2mCase: Roll 15 + Bonus -1 vs AC 25 -> Hit: false, Crit: false
[22m[39m[ActionEngine] Resolving command: ATTACK {
  actorId: [32m'actor-matrix'[39m,
  targetId: [32m'target-matrix'[39m,
  weaponId: [32m'test-weapon'[39m
}

[90mstdout[2m | src/api/game/services/__tests__/action-engine.matrix.test.ts[2m > [22m[2mAction Engine Matrix (High-Volume Validation)[2m > [22m[2mCombat Hit Matrix[2m > [22m[2mCase: Roll 15 + Bonus -1 vs AC 30 -> Hit: false, Crit: false
[22m[39m[ActionEngine] Resolving command: ATTACK {
  actorId: [32m'actor-matrix'[39m,
  targetId: [32m'target-matrix'[39m,
  weaponId: [32m'test-weapon'[39m
}

[90mstdout[2m | src/api/game/services/__tests__/action-engine.matrix.test.ts[2m > [22m[2mAction Engine Matrix (High-Volume Validation)[2m > [22m[2mCombat Hit Matrix[2m > [22m[2mCase: Roll 15 + Bonus +0 vs AC 10 -> Hit: true, Crit: false
[22m[39m[ActionEngine] Resolving command: ATTACK {
  actorId: [32m'actor-matrix'[39m,
  targetId: [32m'target-matrix'[39m,
  weaponId: [32m'test-weapon'[39m
}

[90mstdout[2m | src/api/game/services/__tests__/action-engine.matrix.test.ts[2m > [22m[2mAction Engine Matrix (High-Volume Validation)[2m > [22m[2mCombat Hit Matrix[2m > [22m[2mCase: Roll 15 + Bonus +0 vs AC 12 -> Hit: true, Crit: false
[22m[39m[ActionEngine] Resolving command: ATTACK {
  actorId: [32m'actor-matrix'[39m,
  targetId: [32m'target-matrix'[39m,
  weaponId: [32m'test-weapon'[39m
}

[90mstdout[2m | src/api/game/services/__tests__/action-engine.matrix.test.ts[2m > [22m[2mAction Engine Matrix (High-Volume Validation)[2m > [22m[2mCombat Hit Matrix[2m > [22m[2mCase: Roll 15 + Bonus +0 vs AC 15 -> Hit: true, Crit: false
[22m[39m[ActionEngine] Resolving command: ATTACK {
  actorId: [32m'actor-matrix'[39m,
  targetId: [32m'target-matrix'[39m,
  weaponId: [32m'test-weapon'[39m
}

[90mstdout[2m | src/api/game/services/__tests__/action-engine.matrix.test.ts[2m > [22m[2mAction Engine Matrix (High-Volume Validation)[2m > [22m[2mCombat Hit Matrix[2m > [22m[2mCase: Roll 15 + Bonus +0 vs AC 18 -> Hit: false, Crit: false
[22m[39m[ActionEngine] Resolving command: ATTACK {
  actorId: [32m'actor-matrix'[39m,
  targetId: [32m'target-matrix'[39m,
  weaponId: [32m'test-weapon'[39m
}

[90mstdout[2m | src/api/game/services/__tests__/action-engine.matrix.test.ts[2m > [22m[2mAction Engine Matrix (High-Volume Validation)[2m > [22m[2mCombat Hit Matrix[2m > [22m[2mCase: Roll 15 + Bonus +0 vs AC 20 -> Hit: false, Crit: false
[22m[39m[ActionEngine] Resolving command: ATTACK {
  actorId: [32m'actor-matrix'[39m,
  targetId: [32m'target-matrix'[39m,
  weaponId: [32m'test-weapon'[39m
}

[90mstdout[2m | src/api/game/services/__tests__/action-engine.matrix.test.ts[2m > [22m[2mAction Engine Matrix (High-Volume Validation)[2m > [22m[2mCombat Hit Matrix[2m > [22m[2mCase: Roll 15 + Bonus +0 vs AC 25 -> Hit: false, Crit: false
[22m[39m[ActionEngine] Resolving command: ATTACK {
  actorId: [32m'actor-matrix'[39m,
  targetId: [32m'target-matrix'[39m,
  weaponId: [32m'test-weapon'[39m
}

[90mstdout[2m | src/api/game/services/__tests__/action-engine.matrix.test.ts[2m > [22m[2mAction Engine Matrix (High-Volume Validation)[2m > [22m[2mCombat Hit Matrix[2m > [22m[2mCase: Roll 15 + Bonus +0 vs AC 30 -> Hit: false, Crit: false
[22m[39m[ActionEngine] Resolving command: ATTACK {
  actorId: [32m'actor-matrix'[39m,
  targetId: [32m'target-matrix'[39m,
  weaponId: [32m'test-weapon'[39m
}

[90mstdout[2m | src/api/game/services/__tests__/action-engine.matrix.test.ts[2m > [22m[2mAction Engine Matrix (High-Volume Validation)[2m > [22m[2mCombat Hit Matrix[2m > [22m[2mCase: Roll 15 + Bonus 5 vs AC 10 -> Hit: true, Crit: false
[22m[39m[ActionEngine] Resolving command: ATTACK {
  actorId: [32m'actor-matrix'[39m,
  targetId: [32m'target-matrix'[39m,
  weaponId: [32m'test-weapon'[39m
}

[90mstdout[2m | src/api/game/services/__tests__/action-engine.matrix.test.ts[2m > [22m[2mAction Engine Matrix (High-Volume Validation)[2m > [22m[2mCombat Hit Matrix[2m > [22m[2mCase: Roll 15 + Bonus 5 vs AC 12 -> Hit: true, Crit: false
[22m[39m[ActionEngine] Resolving command: ATTACK {
  actorId: [32m'actor-matrix'[39m,
  targetId: [32m'target-matrix'[39m,
  weaponId: [32m'test-weapon'[39m
}

[90mstdout[2m | src/api/game/services/__tests__/action-engine.matrix.test.ts[2m > [22m[2mAction Engine Matrix (High-Volume Validation)[2m > [22m[2mCombat Hit Matrix[2m > [22m[2mCase: Roll 15 + Bonus 5 vs AC 15 -> Hit: true, Crit: false
[22m[39m[ActionEngine] Resolving command: ATTACK {
  actorId: [32m'actor-matrix'[39m,
  targetId: [32m'target-matrix'[39m,
  weaponId: [32m'test-weapon'[39m
}

[90mstdout[2m | src/api/game/services/__tests__/action-engine.matrix.test.ts[2m > [22m[2mAction Engine Matrix (High-Volume Validation)[2m > [22m[2mCombat Hit Matrix[2m > [22m[2mCase: Roll 15 + Bonus 5 vs AC 18 -> Hit: true, Crit: false
[22m[39m[ActionEngine] Resolving command: ATTACK {
  actorId: [32m'actor-matrix'[39m,
  targetId: [32m'target-matrix'[39m,
  weaponId: [32m'test-weapon'[39m
}

[90mstdout[2m | src/api/game/services/__tests__/action-engine.matrix.test.ts[2m > [22m[2mAction Engine Matrix (High-Volume Validation)[2m > [22m[2mCombat Hit Matrix[2m > [22m[2mCase: Roll 15 + Bonus 5 vs AC 20 -> Hit: true, Crit: false
[22m[39m[ActionEngine] Resolving command: ATTACK {
  actorId: [32m'actor-matrix'[39m,
  targetId: [32m'target-matrix'[39m,
  weaponId: [32m'test-weapon'[39m
}

[90mstdout[2m | src/api/game/services/__tests__/action-engine.matrix.test.ts[2m > [22m[2mAction Engine Matrix (High-Volume Validation)[2m > [22m[2mCombat Hit Matrix[2m > [22m[2mCase: Roll 15 + Bonus 5 vs AC 25 -> Hit: false, Crit: false
[22m[39m[ActionEngine] Resolving command: ATTACK {
  actorId: [32m'actor-matrix'[39m,
  targetId: [32m'target-matrix'[39m,
  weaponId: [32m'test-weapon'[39m
}

[90mstdout[2m | src/api/game/services/__tests__/action-engine.matrix.test.ts[2m > [22m[2mAction Engine Matrix (High-Volume Validation)[2m > [22m[2mCombat Hit Matrix[2m > [22m[2mCase: Roll 15 + Bonus 5 vs AC 30 -> Hit: false, Crit: false
[22m[39m[ActionEngine] Resolving command: ATTACK {
  actorId: [32m'actor-matrix'[39m,
  targetId: [32m'target-matrix'[39m,
  weaponId: [32m'test-weapon'[39m
}

[90mstdout[2m | src/api/game/services/__tests__/action-engine.matrix.test.ts[2m > [22m[2mAction Engine Matrix (High-Volume Validation)[2m > [22m[2mCombat Hit Matrix[2m > [22m[2mCase: Roll 15 + Bonus 10 vs AC 10 -> Hit: true, Crit: false
[22m[39m[ActionEngine] Resolving command: ATTACK {
  actorId: [32m'actor-matrix'[39m,
  targetId: [32m'target-matrix'[39m,
  weaponId: [32m'test-weapon'[39m
}

[90mstdout[2m | src/api/game/services/__tests__/action-engine.matrix.test.ts[2m > [22m[2mAction Engine Matrix (High-Volume Validation)[2m > [22m[2mCombat Hit Matrix[2m > [22m[2mCase: Roll 15 + Bonus 10 vs AC 12 -> Hit: true, Crit: false
[22m[39m[ActionEngine] Resolving command: ATTACK {
  actorId: [32m'actor-matrix'[39m,
  targetId: [32m'target-matrix'[39m,
  weaponId: [32m'test-weapon'[39m
}

[90mstdout[2m | src/api/game/services/__tests__/action-engine.matrix.test.ts[2m > [22m[2mAction Engine Matrix (High-Volume Validation)[2m > [22m[2mCombat Hit Matrix[2m > [22m[2mCase: Roll 15 + Bonus 10 vs AC 15 -> Hit: true, Crit: false
[22m[39m[ActionEngine] Resolving command: ATTACK {
  actorId: [32m'actor-matrix'[39m,
  targetId: [32m'target-matrix'[39m,
  weaponId: [32m'test-weapon'[39m
}

[90mstdout[2m | src/api/game/services/__tests__/action-engine.matrix.test.ts[2m > [22m[2mAction Engine Matrix (High-Volume Validation)[2m > [22m[2mCombat Hit Matrix[2m > [22m[2mCase: Roll 15 + Bonus 10 vs AC 18 -> Hit: true, Crit: false
[22m[39m[ActionEngine] Resolving command: ATTACK {
  actorId: [32m'actor-matrix'[39m,
  targetId: [32m'target-matrix'[39m,
  weaponId: [32m'test-weapon'[39m
}

[90mstdout[2m | src/api/game/services/__tests__/action-engine.matrix.test.ts[2m > [22m[2mAction Engine Matrix (High-Volume Validation)[2m > [22m[2mCombat Hit Matrix[2m > [22m[2mCase: Roll 15 + Bonus 10 vs AC 20 -> Hit: true, Crit: false
[22m[39m[ActionEngine] Resolving command: ATTACK {
  actorId: [32m'actor-matrix'[39m,
  targetId: [32m'target-matrix'[39m,
  weaponId: [32m'test-weapon'[39m
}

[90mstdout[2m | src/api/game/services/__tests__/action-engine.matrix.test.ts[2m > [22m[2mAction Engine Matrix (High-Volume Validation)[2m > [22m[2mCombat Hit Matrix[2m > [22m[2mCase: Roll 15 + Bonus 10 vs AC 25 -> Hit: true, Crit: false
[22m[39m[ActionEngine] Resolving command: ATTACK {
  actorId: [32m'actor-matrix'[39m,
  targetId: [32m'target-matrix'[39m,
  weaponId: [32m'test-weapon'[39m
}

[90mstdout[2m | src/api/game/services/__tests__/action-engine.matrix.test.ts[2m > [22m[2mAction Engine Matrix (High-Volume Validation)[2m > [22m[2mCombat Hit Matrix[2m > [22m[2mCase: Roll 15 + Bonus 10 vs AC 30 -> Hit: false, Crit: false
[22m[39m[ActionEngine] Resolving command: ATTACK {
  actorId: [32m'actor-matrix'[39m,
  targetId: [32m'target-matrix'[39m,
  weaponId: [32m'test-weapon'[39m
}

[90mstdout[2m | src/api/game/services/__tests__/action-engine.matrix.test.ts[2m > [22m[2mAction Engine Matrix (High-Volume Validation)[2m > [22m[2mCombat Hit Matrix[2m > [22m[2mCase: Roll 18 + Bonus -1 vs AC 10 -> Hit: true, Crit: false
[22m[39m[ActionEngine] Resolving command: ATTACK {
  actorId: [32m'actor-matrix'[39m,
  targetId: [32m'target-matrix'[39m,
  weaponId: [32m'test-weapon'[39m
}

[90mstdout[2m | src/api/game/services/__tests__/action-engine.matrix.test.ts[2m > [22m[2mAction Engine Matrix (High-Volume Validation)[2m > [22m[2mCombat Hit Matrix[2m > [22m[2mCase: Roll 18 + Bonus -1 vs AC 12 -> Hit: true, Crit: false
[22m[39m[ActionEngine] Resolving command: ATTACK {
  actorId: [32m'actor-matrix'[39m,
  targetId: [32m'target-matrix'[39m,
  weaponId: [32m'test-weapon'[39m
}

[90mstdout[2m | src/api/game/services/__tests__/action-engine.matrix.test.ts[2m > [22m[2mAction Engine Matrix (High-Volume Validation)[2m > [22m[2mCombat Hit Matrix[2m > [22m[2mCase: Roll 18 + Bonus -1 vs AC 15 -> Hit: true, Crit: false
[22m[39m[ActionEngine] Resolving command: ATTACK {
  actorId: [32m'actor-matrix'[39m,
  targetId: [32m'target-matrix'[39m,
  weaponId: [32m'test-weapon'[39m
}

[90mstdout[2m | src/api/game/services/__tests__/action-engine.matrix.test.ts[2m > [22m[2mAction Engine Matrix (High-Volume Validation)[2m > [22m[2mCombat Hit Matrix[2m > [22m[2mCase: Roll 18 + Bonus -1 vs AC 18 -> Hit: false, Crit: false
[22m[39m[ActionEngine] Resolving command: ATTACK {
  actorId: [32m'actor-matrix'[39m,
  targetId: [32m'target-matrix'[39m,
  weaponId: [32m'test-weapon'[39m
}

[90mstdout[2m | src/api/game/services/__tests__/action-engine.matrix.test.ts[2m > [22m[2mAction Engine Matrix (High-Volume Validation)[2m > [22m[2mCombat Hit Matrix[2m > [22m[2mCase: Roll 18 + Bonus -1 vs AC 20 -> Hit: false, Crit: false
[22m[39m[ActionEngine] Resolving command: ATTACK {
  actorId: [32m'actor-matrix'[39m,
  targetId: [32m'target-matrix'[39m,
  weaponId: [32m'test-weapon'[39m
}

[90mstdout[2m | src/api/game/services/__tests__/action-engine.matrix.test.ts[2m > [22m[2mAction Engine Matrix (High-Volume Validation)[2m > [22m[2mCombat Hit Matrix[2m > [22m[2mCase: Roll 18 + Bonus -1 vs AC 25 -> Hit: false, Crit: false
[22m[39m[ActionEngine] Resolving command: ATTACK {
  actorId: [32m'actor-matrix'[39m,
  targetId: [32m'target-matrix'[39m,
  weaponId: [32m'test-weapon'[39m
}

[90mstdout[2m | src/api/game/services/__tests__/action-engine.matrix.test.ts[2m > [22m[2mAction Engine Matrix (High-Volume Validation)[2m > [22m[2mCombat Hit Matrix[2m > [22m[2mCase: Roll 18 + Bonus -1 vs AC 30 -> Hit: false, Crit: false
[22m[39m[ActionEngine] Resolving command: ATTACK {
  actorId: [32m'actor-matrix'[39m,
  targetId: [32m'target-matrix'[39m,
  weaponId: [32m'test-weapon'[39m
}

[90mstdout[2m | src/api/game/services/__tests__/action-engine.matrix.test.ts[2m > [22m[2mAction Engine Matrix (High-Volume Validation)[2m > [22m[2mCombat Hit Matrix[2m > [22m[2mCase: Roll 18 + Bonus +0 vs AC 10 -> Hit: true, Crit: false
[22m[39m[ActionEngine] Resolving command: ATTACK {
  actorId: [32m'actor-matrix'[39m,
  targetId: [32m'target-matrix'[39m,
  weaponId: [32m'test-weapon'[39m
}

[90mstdout[2m | src/api/game/services/__tests__/action-engine.matrix.test.ts[2m > [22m[2mAction Engine Matrix (High-Volume Validation)[2m > [22m[2mCombat Hit Matrix[2m > [22m[2mCase: Roll 18 + Bonus +0 vs AC 12 -> Hit: true, Crit: false
[22m[39m[ActionEngine] Resolving command: ATTACK {
  actorId: [32m'actor-matrix'[39m,
  targetId: [32m'target-matrix'[39m,
  weaponId: [32m'test-weapon'[39m
}

[90mstdout[2m | src/api/game/services/__tests__/action-engine.matrix.test.ts[2m > [22m[2mAction Engine Matrix (High-Volume Validation)[2m > [22m[2mCombat Hit Matrix[2m > [22m[2mCase: Roll 18 + Bonus +0 vs AC 15 -> Hit: true, Crit: false
[22m[39m[ActionEngine] Resolving command: ATTACK {
  actorId: [32m'actor-matrix'[39m,
  targetId: [32m'target-matrix'[39m,
  weaponId: [32m'test-weapon'[39m
}

[90mstdout[2m | src/api/game/services/__tests__/action-engine.matrix.test.ts[2m > [22m[2mAction Engine Matrix (High-Volume Validation)[2m > [22m[2mCombat Hit Matrix[2m > [22m[2mCase: Roll 18 + Bonus +0 vs AC 18 -> Hit: true, Crit: false
[22m[39m[ActionEngine] Resolving command: ATTACK {
  actorId: [32m'actor-matrix'[39m,
  targetId: [32m'target-matrix'[39m,
  weaponId: [32m'test-weapon'[39m
}

[90mstdout[2m | src/api/game/services/__tests__/action-engine.matrix.test.ts[2m > [22m[2mAction Engine Matrix (High-Volume Validation)[2m > [22m[2mCombat Hit Matrix[2m > [22m[2mCase: Roll 18 + Bonus +0 vs AC 20 -> Hit: false, Crit: false
[22m[39m[ActionEngine] Resolving command: ATTACK {
  actorId: [32m'actor-matrix'[39m,
  targetId: [32m'target-matrix'[39m,
  weaponId: [32m'test-weapon'[39m
}

[90mstdout[2m | src/api/game/services/__tests__/action-engine.matrix.test.ts[2m > [22m[2mAction Engine Matrix (High-Volume Validation)[2m > [22m[2mCombat Hit Matrix[2m > [22m[2mCase: Roll 18 + Bonus +0 vs AC 25 -> Hit: false, Crit: false
[22m[39m[ActionEngine] Resolving command: ATTACK {
  actorId: [32m'actor-matrix'[39m,
  targetId: [32m'target-matrix'[39m,
  weaponId: [32m'test-weapon'[39m
}

[90mstdout[2m | src/api/game/services/__tests__/action-engine.matrix.test.ts[2m > [22m[2mAction Engine Matrix (High-Volume Validation)[2m > [22m[2mCombat Hit Matrix[2m > [22m[2mCase: Roll 18 + Bonus +0 vs AC 30 -> Hit: false, Crit: false
[22m[39m[ActionEngine] Resolving command: ATTACK {
  actorId: [32m'actor-matrix'[39m,
  targetId: [32m'target-matrix'[39m,
  weaponId: [32m'test-weapon'[39m
}

[90mstdout[2m | src/api/game/services/__tests__/action-engine.matrix.test.ts[2m > [22m[2mAction Engine Matrix (High-Volume Validation)[2m > [22m[2mCombat Hit Matrix[2m > [22m[2mCase: Roll 18 + Bonus 5 vs AC 10 -> Hit: true, Crit: false
[22m[39m[ActionEngine] Resolving command: ATTACK {
  actorId: [32m'actor-matrix'[39m,
  targetId: [32m'target-matrix'[39m,
  weaponId: [32m'test-weapon'[39m
}

[90mstdout[2m | src/api/game/services/__tests__/action-engine.matrix.test.ts[2m > [22m[2mAction Engine Matrix (High-Volume Validation)[2m > [22m[2mCombat Hit Matrix[2m > [22m[2mCase: Roll 18 + Bonus 5 vs AC 12 -> Hit: true, Crit: false
[22m[39m[ActionEngine] Resolving command: ATTACK {
  actorId: [32m'actor-matrix'[39m,
  targetId: [32m'target-matrix'[39m,
  weaponId: [32m'test-weapon'[39m
}

[90mstdout[2m | src/api/game/services/__tests__/action-engine.matrix.test.ts[2m > [22m[2mAction Engine Matrix (High-Volume Validation)[2m > [22m[2mCombat Hit Matrix[2m > [22m[2mCase: Roll 18 + Bonus 5 vs AC 15 -> Hit: true, Crit: false
[22m[39m[ActionEngine] Resolving command: ATTACK {
  actorId: [32m'actor-matrix'[39m,
  targetId: [32m'target-matrix'[39m,
  weaponId: [32m'test-weapon'[39m
}

[90mstdout[2m | src/api/game/services/__tests__/action-engine.matrix.test.ts[2m > [22m[2mAction Engine Matrix (High-Volume Validation)[2m > [22m[2mCombat Hit Matrix[2m > [22m[2mCase: Roll 18 + Bonus 5 vs AC 18 -> Hit: true, Crit: false
[22m[39m[ActionEngine] Resolving command: ATTACK {
  actorId: [32m'actor-matrix'[39m,
  targetId: [32m'target-matrix'[39m,
  weaponId: [32m'test-weapon'[39m
}

[90mstdout[2m | src/api/game/services/__tests__/action-engine.matrix.test.ts[2m > [22m[2mAction Engine Matrix (High-Volume Validation)[2m > [22m[2mCombat Hit Matrix[2m > [22m[2mCase: Roll 18 + Bonus 5 vs AC 20 -> Hit: true, Crit: false
[22m[39m[ActionEngine] Resolving command: ATTACK {
  actorId: [32m'actor-matrix'[39m,
  targetId: [32m'target-matrix'[39m,
  weaponId: [32m'test-weapon'[39m
}

[90mstdout[2m | src/api/game/services/__tests__/action-engine.matrix.test.ts[2m > [22m[2mAction Engine Matrix (High-Volume Validation)[2m > [22m[2mCombat Hit Matrix[2m > [22m[2mCase: Roll 18 + Bonus 5 vs AC 25 -> Hit: false, Crit: false
[22m[39m[ActionEngine] Resolving command: ATTACK {
  actorId: [32m'actor-matrix'[39m,
  targetId: [32m'target-matrix'[39m,
  weaponId: [32m'test-weapon'[39m
}

[90mstdout[2m | src/api/game/services/__tests__/action-engine.matrix.test.ts[2m > [22m[2mAction Engine Matrix (High-Volume Validation)[2m > [22m[2mCombat Hit Matrix[2m > [22m[2mCase: Roll 18 + Bonus 5 vs AC 30 -> Hit: false, Crit: false
[22m[39m[ActionEngine] Resolving command: ATTACK {
  actorId: [32m'actor-matrix'[39m,
  targetId: [32m'target-matrix'[39m,
  weaponId: [32m'test-weapon'[39m
}

[90mstdout[2m | src/api/game/services/__tests__/action-engine.matrix.test.ts[2m > [22m[2mAction Engine Matrix (High-Volume Validation)[2m > [22m[2mCombat Hit Matrix[2m > [22m[2mCase: Roll 18 + Bonus 10 vs AC 10 -> Hit: true, Crit: false
[22m[39m[ActionEngine] Resolving command: ATTACK {
  actorId: [32m'actor-matrix'[39m,
  targetId: [32m'target-matrix'[39m,
  weaponId: [32m'test-weapon'[39m
}

[90mstdout[2m | src/api/game/services/__tests__/action-engine.matrix.test.ts[2m > [22m[2mAction Engine Matrix (High-Volume Validation)[2m > [22m[2mCombat Hit Matrix[2m > [22m[2mCase: Roll 18 + Bonus 10 vs AC 12 -> Hit: true, Crit: false
[22m[39m[ActionEngine] Resolving command: ATTACK {
  actorId: [32m'actor-matrix'[39m,
  targetId: [32m'target-matrix'[39m,
  weaponId: [32m'test-weapon'[39m
}

[90mstdout[2m | src/api/game/services/__tests__/action-engine.matrix.test.ts[2m > [22m[2mAction Engine Matrix (High-Volume Validation)[2m > [22m[2mCombat Hit Matrix[2m > [22m[2mCase: Roll 18 + Bonus 10 vs AC 15 -> Hit: true, Crit: false
[22m[39m[ActionEngine] Resolving command: ATTACK {
  actorId: [32m'actor-matrix'[39m,
  targetId: [32m'target-matrix'[39m,
  weaponId: [32m'test-weapon'[39m
}

[90mstdout[2m | src/api/game/services/__tests__/action-engine.matrix.test.ts[2m > [22m[2mAction Engine Matrix (High-Volume Validation)[2m > [22m[2mCombat Hit Matrix[2m > [22m[2mCase: Roll 18 + Bonus 10 vs AC 18 -> Hit: true, Crit: false
[22m[39m[ActionEngine] Resolving command: ATTACK {
  actorId: [32m'actor-matrix'[39m,
  targetId: [32m'target-matrix'[39m,
  weaponId: [32m'test-weapon'[39m
}

[90mstdout[2m | src/api/game/services/__tests__/action-engine.matrix.test.ts[2m > [22m[2mAction Engine Matrix (High-Volume Validation)[2m > [22m[2mCombat Hit Matrix[2m > [22m[2mCase: Roll 18 + Bonus 10 vs AC 20 -> Hit: true, Crit: false
[22m[39m[ActionEngine] Resolving command: ATTACK {
  actorId: [32m'actor-matrix'[39m,
  targetId: [32m'target-matrix'[39m,
  weaponId: [32m'test-weapon'[39m
}

[90mstdout[2m | src/api/game/services/__tests__/action-engine.matrix.test.ts[2m > [22m[2mAction Engine Matrix (High-Volume Validation)[2m > [22m[2mCombat Hit Matrix[2m > [22m[2mCase: Roll 18 + Bonus 10 vs AC 25 -> Hit: true, Crit: false
[22m[39m[ActionEngine] Resolving command: ATTACK {
  actorId: [32m'actor-matrix'[39m,
  targetId: [32m'target-matrix'[39m,
  weaponId: [32m'test-weapon'[39m
}

[90mstdout[2m | src/api/game/services/__tests__/action-engine.matrix.test.ts[2m > [22m[2mAction Engine Matrix (High-Volume Validation)[2m > [22m[2mCombat Hit Matrix[2m > [22m[2mCase: Roll 18 + Bonus 10 vs AC 30 -> Hit: false, Crit: false
[22m[39m[ActionEngine] Resolving command: ATTACK {
  actorId: [32m'actor-matrix'[39m,
  targetId: [32m'target-matrix'[39m,
  weaponId: [32m'test-weapon'[39m
}

[90mstdout[2m | src/api/game/services/__tests__/action-engine.matrix.test.ts[2m > [22m[2mAction Engine Matrix (High-Volume Validation)[2m > [22m[2mCombat Hit Matrix[2m > [22m[2mCase: Roll 19 + Bonus -1 vs AC 10 -> Hit: true, Crit: false
[22m[39m[ActionEngine] Resolving command: ATTACK {
  actorId: [32m'actor-matrix'[39m,
  targetId: [32m'target-matrix'[39m,
  weaponId: [32m'test-weapon'[39m
}

[90mstdout[2m | src/api/game/services/__tests__/action-engine.matrix.test.ts[2m > [22m[2mAction Engine Matrix (High-Volume Validation)[2m > [22m[2mCombat Hit Matrix[2m > [22m[2mCase: Roll 19 + Bonus -1 vs AC 12 -> Hit: true, Crit: false
[22m[39m[ActionEngine] Resolving command: ATTACK {
  actorId: [32m'actor-matrix'[39m,
  targetId: [32m'target-matrix'[39m,
  weaponId: [32m'test-weapon'[39m
}

[90mstdout[2m | src/api/game/services/__tests__/action-engine.matrix.test.ts[2m > [22m[2mAction Engine Matrix (High-Volume Validation)[2m > [22m[2mCombat Hit Matrix[2m > [22m[2mCase: Roll 19 + Bonus -1 vs AC 15 -> Hit: true, Crit: false
[22m[39m[ActionEngine] Resolving command: ATTACK {
  actorId: [32m'actor-matrix'[39m,
  targetId: [32m'target-matrix'[39m,
  weaponId: [32m'test-weapon'[39m
}

[90mstdout[2m | src/api/game/services/__tests__/action-engine.matrix.test.ts[2m > [22m[2mAction Engine Matrix (High-Volume Validation)[2m > [22m[2mCombat Hit Matrix[2m > [22m[2mCase: Roll 19 + Bonus -1 vs AC 18 -> Hit: true, Crit: false
[22m[39m[ActionEngine] Resolving command: ATTACK {
  actorId: [32m'actor-matrix'[39m,
  targetId: [32m'target-matrix'[39m,
  weaponId: [32m'test-weapon'[39m
}

[90mstdout[2m | src/api/game/services/__tests__/action-engine.matrix.test.ts[2m > [22m[2mAction Engine Matrix (High-Volume Validation)[2m > [22m[2mCombat Hit Matrix[2m > [22m[2mCase: Roll 19 + Bonus -1 vs AC 20 -> Hit: false, Crit: false
[22m[39m[ActionEngine] Resolving command: ATTACK {
  actorId: [32m'actor-matrix'[39m,
  targetId: [32m'target-matrix'[39m,
  weaponId: [32m'test-weapon'[39m
}

[90mstdout[2m | src/api/game/services/__tests__/action-engine.matrix.test.ts[2m > [22m[2mAction Engine Matrix (High-Volume Validation)[2m > [22m[2mCombat Hit Matrix[2m > [22m[2mCase: Roll 19 + Bonus -1 vs AC 25 -> Hit: false, Crit: false
[22m[39m[ActionEngine] Resolving command: ATTACK {
  actorId: [32m'actor-matrix'[39m,
  targetId: [32m'target-matrix'[39m,
  weaponId: [32m'test-weapon'[39m
}

[90mstdout[2m | src/api/game/services/__tests__/action-engine.matrix.test.ts[2m > [22m[2mAction Engine Matrix (High-Volume Validation)[2m > [22m[2mCombat Hit Matrix[2m > [22m[2mCase: Roll 19 + Bonus -1 vs AC 30 -> Hit: false, Crit: false
[22m[39m[ActionEngine] Resolving command: ATTACK {
  actorId: [32m'actor-matrix'[39m,
  targetId: [32m'target-matrix'[39m,
  weaponId: [32m'test-weapon'[39m
}

[90mstdout[2m | src/api/game/services/__tests__/action-engine.matrix.test.ts[2m > [22m[2mAction Engine Matrix (High-Volume Validation)[2m > [22m[2mCombat Hit Matrix[2m > [22m[2mCase: Roll 19 + Bonus +0 vs AC 10 -> Hit: true, Crit: false
[22m[39m[ActionEngine] Resolving command: ATTACK {
  actorId: [32m'actor-matrix'[39m,
  targetId: [32m'target-matrix'[39m,
  weaponId: [32m'test-weapon'[39m
}

[90mstdout[2m | src/api/game/services/__tests__/action-engine.matrix.test.ts[2m > [22m[2mAction Engine Matrix (High-Volume Validation)[2m > [22m[2mCombat Hit Matrix[2m > [22m[2mCase: Roll 19 + Bonus +0 vs AC 12 -> Hit: true, Crit: false
[22m[39m[ActionEngine] Resolving command: ATTACK {
  actorId: [32m'actor-matrix'[39m,
  targetId: [32m'target-matrix'[39m,
  weaponId: [32m'test-weapon'[39m
}

[90mstdout[2m | src/api/game/services/__tests__/action-engine.matrix.test.ts[2m > [22m[2mAction Engine Matrix (High-Volume Validation)[2m > [22m[2mCombat Hit Matrix[2m > [22m[2mCase: Roll 19 + Bonus +0 vs AC 15 -> Hit: true, Crit: false
[22m[39m[ActionEngine] Resolving command: ATTACK {
  actorId: [32m'actor-matrix'[39m,
  targetId: [32m'target-matrix'[39m,
  weaponId: [32m'test-weapon'[39m
}

[90mstdout[2m | src/api/game/services/__tests__/action-engine.matrix.test.ts[2m > [22m[2mAction Engine Matrix (High-Volume Validation)[2m > [22m[2mCombat Hit Matrix[2m > [22m[2mCase: Roll 19 + Bonus +0 vs AC 18 -> Hit: true, Crit: false
[22m[39m[ActionEngine] Resolving command: ATTACK {
  actorId: [32m'actor-matrix'[39m,
  targetId: [32m'target-matrix'[39m,
  weaponId: [32m'test-weapon'[39m
}

[90mstdout[2m | src/api/game/services/__tests__/action-engine.matrix.test.ts[2m > [22m[2mAction Engine Matrix (High-Volume Validation)[2m > [22m[2mCombat Hit Matrix[2m > [22m[2mCase: Roll 19 + Bonus +0 vs AC 20 -> Hit: false, Crit: false
[22m[39m[ActionEngine] Resolving command: ATTACK {
  actorId: [32m'actor-matrix'[39m,
  targetId: [32m'target-matrix'[39m,
  weaponId: [32m'test-weapon'[39m
}

[90mstdout[2m | src/api/game/services/__tests__/action-engine.matrix.test.ts[2m > [22m[2mAction Engine Matrix (High-Volume Validation)[2m > [22m[2mCombat Hit Matrix[2m > [22m[2mCase: Roll 19 + Bonus +0 vs AC 25 -> Hit: false, Crit: false
[22m[39m[ActionEngine] Resolving command: ATTACK {
  actorId: [32m'actor-matrix'[39m,
  targetId: [32m'target-matrix'[39m,
  weaponId: [32m'test-weapon'[39m
}

[90mstdout[2m | src/api/game/services/__tests__/action-engine.matrix.test.ts[2m > [22m[2mAction Engine Matrix (High-Volume Validation)[2m > [22m[2mCombat Hit Matrix[2m > [22m[2mCase: Roll 19 + Bonus +0 vs AC 30 -> Hit: false, Crit: false
[22m[39m[ActionEngine] Resolving command: ATTACK {
  actorId: [32m'actor-matrix'[39m,
  targetId: [32m'target-matrix'[39m,
  weaponId: [32m'test-weapon'[39m
}

[90mstdout[2m | src/api/game/services/__tests__/action-engine.matrix.test.ts[2m > [22m[2mAction Engine Matrix (High-Volume Validation)[2m > [22m[2mCombat Hit Matrix[2m > [22m[2mCase: Roll 19 + Bonus 5 vs AC 10 -> Hit: true, Crit: false
[22m[39m[ActionEngine] Resolving command: ATTACK {
  actorId: [32m'actor-matrix'[39m,
  targetId: [32m'target-matrix'[39m,
  weaponId: [32m'test-weapon'[39m
}

[90mstdout[2m | src/api/game/services/__tests__/action-engine.matrix.test.ts[2m > [22m[2mAction Engine Matrix (High-Volume Validation)[2m > [22m[2mCombat Hit Matrix[2m > [22m[2mCase: Roll 19 + Bonus 5 vs AC 12 -> Hit: true, Crit: false
[22m[39m[ActionEngine] Resolving command: ATTACK {
  actorId: [32m'actor-matrix'[39m,
  targetId: [32m'target-matrix'[39m,
  weaponId: [32m'test-weapon'[39m
}

[90mstdout[2m | src/api/game/services/__tests__/action-engine.matrix.test.ts[2m > [22m[2mAction Engine Matrix (High-Volume Validation)[2m > [22m[2mCombat Hit Matrix[2m > [22m[2mCase: Roll 19 + Bonus 5 vs AC 15 -> Hit: true, Crit: false
[22m[39m[ActionEngine] Resolving command: ATTACK {
  actorId: [32m'actor-matrix'[39m,
  targetId: [32m'target-matrix'[39m,
  weaponId: [32m'test-weapon'[39m
}

[90mstdout[2m | src/api/game/services/__tests__/action-engine.matrix.test.ts[2m > [22m[2mAction Engine Matrix (High-Volume Validation)[2m > [22m[2mCombat Hit Matrix[2m > [22m[2mCase: Roll 19 + Bonus 5 vs AC 18 -> Hit: true, Crit: false
[22m[39m[ActionEngine] Resolving command: ATTACK {
  actorId: [32m'actor-matrix'[39m,
  targetId: [32m'target-matrix'[39m,
  weaponId: [32m'test-weapon'[39m
}

[90mstdout[2m | src/api/game/services/__tests__/action-engine.matrix.test.ts[2m > [22m[2mAction Engine Matrix (High-Volume Validation)[2m > [22m[2mCombat Hit Matrix[2m > [22m[2mCase: Roll 19 + Bonus 5 vs AC 20 -> Hit: true, Crit: false
[22m[39m[ActionEngine] Resolving command: ATTACK {
  actorId: [32m'actor-matrix'[39m,
  targetId: [32m'target-matrix'[39m,
  weaponId: [32m'test-weapon'[39m
}

[90mstdout[2m | src/api/game/services/__tests__/action-engine.matrix.test.ts[2m > [22m[2mAction Engine Matrix (High-Volume Validation)[2m > [22m[2mCombat Hit Matrix[2m > [22m[2mCase: Roll 19 + Bonus 5 vs AC 25 -> Hit: false, Crit: false
[22m[39m[ActionEngine] Resolving command: ATTACK {
  actorId: [32m'actor-matrix'[39m,
  targetId: [32m'target-matrix'[39m,
  weaponId: [32m'test-weapon'[39m
}

[90mstdout[2m | src/api/game/services/__tests__/action-engine.matrix.test.ts[2m > [22m[2mAction Engine Matrix (High-Volume Validation)[2m > [22m[2mCombat Hit Matrix[2m > [22m[2mCase: Roll 19 + Bonus 5 vs AC 30 -> Hit: false, Crit: false
[22m[39m[ActionEngine] Resolving command: ATTACK {
  actorId: [32m'actor-matrix'[39m,
  targetId: [32m'target-matrix'[39m,
  weaponId: [32m'test-weapon'[39m
}

[90mstdout[2m | src/api/game/services/__tests__/action-engine.matrix.test.ts[2m > [22m[2mAction Engine Matrix (High-Volume Validation)[2m > [22m[2mCombat Hit Matrix[2m > [22m[2mCase: Roll 19 + Bonus 10 vs AC 10 -> Hit: true, Crit: false
[22m[39m[ActionEngine] Resolving command: ATTACK {
  actorId: [32m'actor-matrix'[39m,
  targetId: [32m'target-matrix'[39m,
  weaponId: [32m'test-weapon'[39m
}

[90mstdout[2m | src/api/game/services/__tests__/action-engine.matrix.test.ts[2m > [22m[2mAction Engine Matrix (High-Volume Validation)[2m > [22m[2mCombat Hit Matrix[2m > [22m[2mCase: Roll 19 + Bonus 10 vs AC 12 -> Hit: true, Crit: false
[22m[39m[ActionEngine] Resolving command: ATTACK {
  actorId: [32m'actor-matrix'[39m,
  targetId: [32m'target-matrix'[39m,
  weaponId: [32m'test-weapon'[39m
}

[90mstdout[2m | src/api/game/services/__tests__/action-engine.matrix.test.ts[2m > [22m[2mAction Engine Matrix (High-Volume Validation)[2m > [22m[2mCombat Hit Matrix[2m > [22m[2mCase: Roll 19 + Bonus 10 vs AC 15 -> Hit: true, Crit: false
[22m[39m[ActionEngine] Resolving command: ATTACK {
  actorId: [32m'actor-matrix'[39m,
  targetId: [32m'target-matrix'[39m,
  weaponId: [32m'test-weapon'[39m
}

[90mstdout[2m | src/api/game/services/__tests__/action-engine.matrix.test.ts[2m > [22m[2mAction Engine Matrix (High-Volume Validation)[2m > [22m[2mCombat Hit Matrix[2m > [22m[2mCase: Roll 19 + Bonus 10 vs AC 18 -> Hit: true, Crit: false
[22m[39m[ActionEngine] Resolving command: ATTACK {
  actorId: [32m'actor-matrix'[39m,
  targetId: [32m'target-matrix'[39m,
  weaponId: [32m'test-weapon'[39m
}

[90mstdout[2m | src/api/game/services/__tests__/action-engine.matrix.test.ts[2m > [22m[2mAction Engine Matrix (High-Volume Validation)[2m > [22m[2mCombat Hit Matrix[2m > [22m[2mCase: Roll 19 + Bonus 10 vs AC 20 -> Hit: true, Crit: false
[22m[39m[ActionEngine] Resolving command: ATTACK {
  actorId: [32m'actor-matrix'[39m,
  targetId: [32m'target-matrix'[39m,
  weaponId: [32m'test-weapon'[39m
}

[90mstdout[2m | src/api/game/services/__tests__/action-engine.matrix.test.ts[2m > [22m[2mAction Engine Matrix (High-Volume Validation)[2m > [22m[2mCombat Hit Matrix[2m > [22m[2mCase: Roll 19 + Bonus 10 vs AC 25 -> Hit: true, Crit: false
[22m[39m[ActionEngine] Resolving command: ATTACK {
  actorId: [32m'actor-matrix'[39m,
  targetId: [32m'target-matrix'[39m,
  weaponId: [32m'test-weapon'[39m
}

[90mstdout[2m | src/api/game/services/__tests__/action-engine.matrix.test.ts[2m > [22m[2mAction Engine Matrix (High-Volume Validation)[2m > [22m[2mCombat Hit Matrix[2m > [22m[2mCase: Roll 19 + Bonus 10 vs AC 30 -> Hit: false, Crit: false
[22m[39m[ActionEngine] Resolving command: ATTACK {
  actorId: [32m'actor-matrix'[39m,
  targetId: [32m'target-matrix'[39m,
  weaponId: [32m'test-weapon'[39m
}

[90mstdout[2m | src/api/game/services/__tests__/action-engine.matrix.test.ts[2m > [22m[2mAction Engine Matrix (High-Volume Validation)[2m > [22m[2mCombat Hit Matrix[2m > [22m[2mCase: Roll 20 + Bonus -1 vs AC 10 -> Hit: true, Crit: true
[22m[39m[ActionEngine] Resolving command: ATTACK {
  actorId: [32m'actor-matrix'[39m,
  targetId: [32m'target-matrix'[39m,
  weaponId: [32m'test-weapon'[39m
}

 [32m✓[39m src/api/voxel-engine/services/generators/__tests__/generator-verification.test.ts [2m([22m[2m5 tests[22m[2m)[22m[32m 43[2mms[22m[39m
[90mstderr[2m | src/api/game/services/__tests__/action-engine.matrix.test.ts[2m > [22m[2mAction Engine Matrix (High-Volume Validation)[2m > [22m[2mCombat Hit Matrix[2m > [22m[2mCase: Roll 20 + Bonus -1 vs AC 10 -> Hit: true, Crit: true
[22m[39m[ChunkManager] editVoxel: newType undefined and chunk not in cache for 0,0. Defaulting to 'dirt'.

[90mstderr[2m | src/api/game/services/__tests__/action-engine.matrix.test.ts[2m > [22m[2mAction Engine Matrix (High-Volume Validation)[2m > [22m[2mCombat Hit Matrix[2m > [22m[2mCase: Roll 20 + Bonus -1 vs AC 10 -> Hit: true, Crit: true
[22m[39m[ActionEngine] Death side-effects failed TypeError: Cannot read properties of undefined (reading 'query')
    at ChunkManager.editVoxel [90m(/Users/lg/lab/daicer/[39msrc/api/voxel-engine/services/chunk-manager.ts:217:21[90m)[39m
    at Object.resolveAttack [90m(/Users/lg/lab/daicer/[39msrc/api/game/services/action-engine.ts:461:20[90m)[39m
[90m    at processTicksAndRejections (node:internal/process/task_queues:105:5)[39m
    at Object.dispatch [90m(/Users/lg/lab/daicer/[39msrc/api/game/services/action-engine.ts:119:22[90m)[39m
    at [90m/Users/lg/lab/daicer/[39msrc/api/game/services/__tests__/action-engine.matrix.test.ts:89:33
    at [90mfile:///Users/lg/lab/daicer/[39mnode_modules/[4m@vitest[24m/runner/dist/index.js:915:20

[90mstdout[2m | src/api/game/services/__tests__/action-engine.matrix.test.ts[2m > [22m[2mAction Engine Matrix (High-Volume Validation)[2m > [22m[2mCombat Hit Matrix[2m > [22m[2mCase: Roll 20 + Bonus -1 vs AC 12 -> Hit: true, Crit: true
[22m[39m[ActionEngine] Resolving command: ATTACK {
  actorId: [32m'actor-matrix'[39m,
  targetId: [32m'target-matrix'[39m,
  weaponId: [32m'test-weapon'[39m
}

[90mstderr[2m | src/api/game/services/__tests__/action-engine.matrix.test.ts[2m > [22m[2mAction Engine Matrix (High-Volume Validation)[2m > [22m[2mCombat Hit Matrix[2m > [22m[2mCase: Roll 20 + Bonus -1 vs AC 12 -> Hit: true, Crit: true
[22m[39m[ChunkManager] editVoxel: newType undefined and chunk not in cache for 0,0. Defaulting to 'dirt'.

[90mstderr[2m | src/api/game/services/__tests__/action-engine.matrix.test.ts[2m > [22m[2mAction Engine Matrix (High-Volume Validation)[2m > [22m[2mCombat Hit Matrix[2m > [22m[2mCase: Roll 20 + Bonus -1 vs AC 12 -> Hit: true, Crit: true
[22m[39m[ActionEngine] Death side-effects failed TypeError: Cannot read properties of undefined (reading 'query')
    at ChunkManager.editVoxel [90m(/Users/lg/lab/daicer/[39msrc/api/voxel-engine/services/chunk-manager.ts:217:21[90m)[39m
    at Object.resolveAttack [90m(/Users/lg/lab/daicer/[39msrc/api/game/services/action-engine.ts:461:20[90m)[39m
[90m    at processTicksAndRejections (node:internal/process/task_queues:105:5)[39m
    at Object.dispatch [90m(/Users/lg/lab/daicer/[39msrc/api/game/services/action-engine.ts:119:22[90m)[39m
    at [90m/Users/lg/lab/daicer/[39msrc/api/game/services/__tests__/action-engine.matrix.test.ts:89:33
    at [90mfile:///Users/lg/lab/daicer/[39mnode_modules/[4m@vitest[24m/runner/dist/index.js:915:20

[90mstdout[2m | src/api/game/services/__tests__/action-engine.matrix.test.ts[2m > [22m[2mAction Engine Matrix (High-Volume Validation)[2m > [22m[2mCombat Hit Matrix[2m > [22m[2mCase: Roll 20 + Bonus -1 vs AC 15 -> Hit: true, Crit: true
[22m[39m[ActionEngine] Resolving command: ATTACK {
  actorId: [32m'actor-matrix'[39m,
  targetId: [32m'target-matrix'[39m,
  weaponId: [32m'test-weapon'[39m
}

[90mstderr[2m | src/api/game/services/__tests__/action-engine.matrix.test.ts[2m > [22m[2mAction Engine Matrix (High-Volume Validation)[2m > [22m[2mCombat Hit Matrix[2m > [22m[2mCase: Roll 20 + Bonus -1 vs AC 15 -> Hit: true, Crit: true
[22m[39m[ChunkManager] editVoxel: newType undefined and chunk not in cache for 0,0. Defaulting to 'dirt'.

[90mstderr[2m | src/api/game/services/__tests__/action-engine.matrix.test.ts[2m > [22m[2mAction Engine Matrix (High-Volume Validation)[2m > [22m[2mCombat Hit Matrix[2m > [22m[2mCase: Roll 20 + Bonus -1 vs AC 15 -> Hit: true, Crit: true
[22m[39m[ActionEngine] Death side-effects failed TypeError: Cannot read properties of undefined (reading 'query')
    at ChunkManager.editVoxel [90m(/Users/lg/lab/daicer/[39msrc/api/voxel-engine/services/chunk-manager.ts:217:21[90m)[39m
    at Object.resolveAttack [90m(/Users/lg/lab/daicer/[39msrc/api/game/services/action-engine.ts:461:20[90m)[39m
[90m    at processTicksAndRejections (node:internal/process/task_queues:105:5)[39m
    at Object.dispatch [90m(/Users/lg/lab/daicer/[39msrc/api/game/services/action-engine.ts:119:22[90m)[39m
    at [90m/Users/lg/lab/daicer/[39msrc/api/game/services/__tests__/action-engine.matrix.test.ts:89:33
    at [90mfile:///Users/lg/lab/daicer/[39mnode_modules/[4m@vitest[24m/runner/dist/index.js:915:20

[90mstdout[2m | src/api/game/services/__tests__/action-engine.matrix.test.ts[2m > [22m[2mAction Engine Matrix (High-Volume Validation)[2m > [22m[2mCombat Hit Matrix[2m > [22m[2mCase: Roll 20 + Bonus -1 vs AC 18 -> Hit: true, Crit: true
[22m[39m[ActionEngine] Resolving command: ATTACK {
  actorId: [32m'actor-matrix'[39m,
  targetId: [32m'target-matrix'[39m,
  weaponId: [32m'test-weapon'[39m
}

[90mstderr[2m | src/api/game/services/__tests__/action-engine.matrix.test.ts[2m > [22m[2mAction Engine Matrix (High-Volume Validation)[2m > [22m[2mCombat Hit Matrix[2m > [22m[2mCase: Roll 20 + Bonus -1 vs AC 18 -> Hit: true, Crit: true
[22m[39m[ChunkManager] editVoxel: newType undefined and chunk not in cache for 0,0. Defaulting to 'dirt'.

[90mstderr[2m | src/api/game/services/__tests__/action-engine.matrix.test.ts[2m > [22m[2mAction Engine Matrix (High-Volume Validation)[2m > [22m[2mCombat Hit Matrix[2m > [22m[2mCase: Roll 20 + Bonus -1 vs AC 18 -> Hit: true, Crit: true
[22m[39m[ActionEngine] Death side-effects failed TypeError: Cannot read properties of undefined (reading 'query')
    at ChunkManager.editVoxel [90m(/Users/lg/lab/daicer/[39msrc/api/voxel-engine/services/chunk-manager.ts:217:21[90m)[39m
    at Object.resolveAttack [90m(/Users/lg/lab/daicer/[39msrc/api/game/services/action-engine.ts:461:20[90m)[39m
[90m    at processTicksAndRejections (node:internal/process/task_queues:105:5)[39m
    at Object.dispatch [90m(/Users/lg/lab/daicer/[39msrc/api/game/services/action-engine.ts:119:22[90m)[39m
    at [90m/Users/lg/lab/daicer/[39msrc/api/game/services/__tests__/action-engine.matrix.test.ts:89:33
    at [90mfile:///Users/lg/lab/daicer/[39mnode_modules/[4m@vitest[24m/runner/dist/index.js:915:20

[90mstdout[2m | src/api/game/services/__tests__/action-engine.matrix.test.ts[2m > [22m[2mAction Engine Matrix (High-Volume Validation)[2m > [22m[2mCombat Hit Matrix[2m > [22m[2mCase: Roll 20 + Bonus -1 vs AC 20 -> Hit: true, Crit: true
[22m[39m[ActionEngine] Resolving command: ATTACK {
  actorId: [32m'actor-matrix'[39m,
  targetId: [32m'target-matrix'[39m,
  weaponId: [32m'test-weapon'[39m
}

[90mstderr[2m | src/api/game/services/__tests__/action-engine.matrix.test.ts[2m > [22m[2mAction Engine Matrix (High-Volume Validation)[2m > [22m[2mCombat Hit Matrix[2m > [22m[2mCase: Roll 20 + Bonus -1 vs AC 20 -> Hit: true, Crit: true
[22m[39m[ChunkManager] editVoxel: newType undefined and chunk not in cache for 0,0. Defaulting to 'dirt'.

[90mstderr[2m | src/api/game/services/__tests__/action-engine.matrix.test.ts[2m > [22m[2mAction Engine Matrix (High-Volume Validation)[2m > [22m[2mCombat Hit Matrix[2m > [22m[2mCase: Roll 20 + Bonus -1 vs AC 20 -> Hit: true, Crit: true
[22m[39m[ActionEngine] Death side-effects failed TypeError: Cannot read properties of undefined (reading 'query')
    at ChunkManager.editVoxel [90m(/Users/lg/lab/daicer/[39msrc/api/voxel-engine/services/chunk-manager.ts:217:21[90m)[39m
    at Object.resolveAttack [90m(/Users/lg/lab/daicer/[39msrc/api/game/services/action-engine.ts:461:20[90m)[39m
[90m    at processTicksAndRejections (node:internal/process/task_queues:105:5)[39m
    at Object.dispatch [90m(/Users/lg/lab/daicer/[39msrc/api/game/services/action-engine.ts:119:22[90m)[39m
    at [90m/Users/lg/lab/daicer/[39msrc/api/game/services/__tests__/action-engine.matrix.test.ts:89:33
    at [90mfile:///Users/lg/lab/daicer/[39mnode_modules/[4m@vitest[24m/runner/dist/index.js:915:20

[90mstdout[2m | src/api/game/services/__tests__/action-engine.matrix.test.ts[2m > [22m[2mAction Engine Matrix (High-Volume Validation)[2m > [22m[2mCombat Hit Matrix[2m > [22m[2mCase: Roll 20 + Bonus -1 vs AC 25 -> Hit: true, Crit: true
[22m[39m[ActionEngine] Resolving command: ATTACK {
  actorId: [32m'actor-matrix'[39m,
  targetId: [32m'target-matrix'[39m,
  weaponId: [32m'test-weapon'[39m
}

[90mstderr[2m | src/api/game/services/__tests__/action-engine.matrix.test.ts[2m > [22m[2mAction Engine Matrix (High-Volume Validation)[2m > [22m[2mCombat Hit Matrix[2m > [22m[2mCase: Roll 20 + Bonus -1 vs AC 25 -> Hit: true, Crit: true
[22m[39m[ChunkManager] editVoxel: newType undefined and chunk not in cache for 0,0. Defaulting to 'dirt'.

[90mstderr[2m | src/api/game/services/__tests__/action-engine.matrix.test.ts[2m > [22m[2mAction Engine Matrix (High-Volume Validation)[2m > [22m[2mCombat Hit Matrix[2m > [22m[2mCase: Roll 20 + Bonus -1 vs AC 25 -> Hit: true, Crit: true
[22m[39m[ActionEngine] Death side-effects failed TypeError: Cannot read properties of undefined (reading 'query')
    at ChunkManager.editVoxel [90m(/Users/lg/lab/daicer/[39msrc/api/voxel-engine/services/chunk-manager.ts:217:21[90m)[39m
    at Object.resolveAttack [90m(/Users/lg/lab/daicer/[39msrc/api/game/services/action-engine.ts:461:20[90m)[39m
[90m    at processTicksAndRejections (node:internal/process/task_queues:105:5)[39m
    at Object.dispatch [90m(/Users/lg/lab/daicer/[39msrc/api/game/services/action-engine.ts:119:22[90m)[39m
    at [90m/Users/lg/lab/daicer/[39msrc/api/game/services/__tests__/action-engine.matrix.test.ts:89:33
    at [90mfile:///Users/lg/lab/daicer/[39mnode_modules/[4m@vitest[24m/runner/dist/index.js:915:20

[90mstdout[2m | src/api/game/services/__tests__/action-engine.matrix.test.ts[2m > [22m[2mAction Engine Matrix (High-Volume Validation)[2m > [22m[2mCombat Hit Matrix[2m > [22m[2mCase: Roll 20 + Bonus -1 vs AC 30 -> Hit: true, Crit: true
[22m[39m[ActionEngine] Resolving command: ATTACK {
  actorId: [32m'actor-matrix'[39m,
  targetId: [32m'target-matrix'[39m,
  weaponId: [32m'test-weapon'[39m
}

[90mstderr[2m | src/api/game/services/__tests__/action-engine.matrix.test.ts[2m > [22m[2mAction Engine Matrix (High-Volume Validation)[2m > [22m[2mCombat Hit Matrix[2m > [22m[2mCase: Roll 20 + Bonus -1 vs AC 30 -> Hit: true, Crit: true
[22m[39m[ChunkManager] editVoxel: newType undefined and chunk not in cache for 0,0. Defaulting to 'dirt'.

[90mstderr[2m | src/api/game/services/__tests__/action-engine.matrix.test.ts[2m > [22m[2mAction Engine Matrix (High-Volume Validation)[2m > [22m[2mCombat Hit Matrix[2m > [22m[2mCase: Roll 20 + Bonus -1 vs AC 30 -> Hit: true, Crit: true
[22m[39m[ActionEngine] Death side-effects failed TypeError: Cannot read properties of undefined (reading 'query')
    at ChunkManager.editVoxel [90m(/Users/lg/lab/daicer/[39msrc/api/voxel-engine/services/chunk-manager.ts:217:21[90m)[39m
    at Object.resolveAttack [90m(/Users/lg/lab/daicer/[39msrc/api/game/services/action-engine.ts:461:20[90m)[39m
[90m    at processTicksAndRejections (node:internal/process/task_queues:105:5)[39m
    at Object.dispatch [90m(/Users/lg/lab/daicer/[39msrc/api/game/services/action-engine.ts:119:22[90m)[39m
    at [90m/Users/lg/lab/daicer/[39msrc/api/game/services/__tests__/action-engine.matrix.test.ts:89:33
    at [90mfile:///Users/lg/lab/daicer/[39mnode_modules/[4m@vitest[24m/runner/dist/index.js:915:20

[90mstdout[2m | src/api/game/services/__tests__/action-engine.matrix.test.ts[2m > [22m[2mAction Engine Matrix (High-Volume Validation)[2m > [22m[2mCombat Hit Matrix[2m > [22m[2mCase: Roll 20 + Bonus +0 vs AC 10 -> Hit: true, Crit: true
[22m[39m[ActionEngine] Resolving command: ATTACK {
  actorId: [32m'actor-matrix'[39m,
  targetId: [32m'target-matrix'[39m,
  weaponId: [32m'test-weapon'[39m
}

[90mstderr[2m | src/api/game/services/__tests__/action-engine.matrix.test.ts[2m > [22m[2mAction Engine Matrix (High-Volume Validation)[2m > [22m[2mCombat Hit Matrix[2m > [22m[2mCase: Roll 20 + Bonus +0 vs AC 10 -> Hit: true, Crit: true
[22m[39m[ChunkManager] editVoxel: newType undefined and chunk not in cache for 0,0. Defaulting to 'dirt'.

[90mstderr[2m | src/api/game/services/__tests__/action-engine.matrix.test.ts[2m > [22m[2mAction Engine Matrix (High-Volume Validation)[2m > [22m[2mCombat Hit Matrix[2m > [22m[2mCase: Roll 20 + Bonus +0 vs AC 10 -> Hit: true, Crit: true
[22m[39m[ActionEngine] Death side-effects failed TypeError: Cannot read properties of undefined (reading 'query')
    at ChunkManager.editVoxel [90m(/Users/lg/lab/daicer/[39msrc/api/voxel-engine/services/chunk-manager.ts:217:21[90m)[39m
    at Object.resolveAttack [90m(/Users/lg/lab/daicer/[39msrc/api/game/services/action-engine.ts:461:20[90m)[39m
[90m    at processTicksAndRejections (node:internal/process/task_queues:105:5)[39m
    at Object.dispatch [90m(/Users/lg/lab/daicer/[39msrc/api/game/services/action-engine.ts:119:22[90m)[39m
    at [90m/Users/lg/lab/daicer/[39msrc/api/game/services/__tests__/action-engine.matrix.test.ts:89:33
    at [90mfile:///Users/lg/lab/daicer/[39mnode_modules/[4m@vitest[24m/runner/dist/index.js:915:20

[90mstdout[2m | src/api/game/services/__tests__/action-engine.matrix.test.ts[2m > [22m[2mAction Engine Matrix (High-Volume Validation)[2m > [22m[2mCombat Hit Matrix[2m > [22m[2mCase: Roll 20 + Bonus +0 vs AC 12 -> Hit: true, Crit: true
[22m[39m[ActionEngine] Resolving command: ATTACK {
  actorId: [32m'actor-matrix'[39m,
  targetId: [32m'target-matrix'[39m,
  weaponId: [32m'test-weapon'[39m
}

[90mstderr[2m | src/api/game/services/__tests__/action-engine.matrix.test.ts[2m > [22m[2mAction Engine Matrix (High-Volume Validation)[2m > [22m[2mCombat Hit Matrix[2m > [22m[2mCase: Roll 20 + Bonus +0 vs AC 12 -> Hit: true, Crit: true
[22m[39m[ChunkManager] editVoxel: newType undefined and chunk not in cache for 0,0. Defaulting to 'dirt'.

[90mstderr[2m | src/api/game/services/__tests__/action-engine.matrix.test.ts[2m > [22m[2mAction Engine Matrix (High-Volume Validation)[2m > [22m[2mCombat Hit Matrix[2m > [22m[2mCase: Roll 20 + Bonus +0 vs AC 12 -> Hit: true, Crit: true
[22m[39m[ActionEngine] Death side-effects failed TypeError: Cannot read properties of undefined (reading 'query')
    at ChunkManager.editVoxel [90m(/Users/lg/lab/daicer/[39msrc/api/voxel-engine/services/chunk-manager.ts:217:21[90m)[39m
    at Object.resolveAttack [90m(/Users/lg/lab/daicer/[39msrc/api/game/services/action-engine.ts:461:20[90m)[39m
[90m    at processTicksAndRejections (node:internal/process/task_queues:105:5)[39m
    at Object.dispatch [90m(/Users/lg/lab/daicer/[39msrc/api/game/services/action-engine.ts:119:22[90m)[39m
    at [90m/Users/lg/lab/daicer/[39msrc/api/game/services/__tests__/action-engine.matrix.test.ts:89:33
    at [90mfile:///Users/lg/lab/daicer/[39mnode_modules/[4m@vitest[24m/runner/dist/index.js:915:20

[90mstdout[2m | src/api/game/services/__tests__/action-engine.matrix.test.ts[2m > [22m[2mAction Engine Matrix (High-Volume Validation)[2m > [22m[2mCombat Hit Matrix[2m > [22m[2mCase: Roll 20 + Bonus +0 vs AC 15 -> Hit: true, Crit: true
[22m[39m[ActionEngine] Resolving command: ATTACK {
  actorId: [32m'actor-matrix'[39m,
  targetId: [32m'target-matrix'[39m,
  weaponId: [32m'test-weapon'[39m
}

[90mstderr[2m | src/api/game/services/__tests__/action-engine.matrix.test.ts[2m > [22m[2mAction Engine Matrix (High-Volume Validation)[2m > [22m[2mCombat Hit Matrix[2m > [22m[2mCase: Roll 20 + Bonus +0 vs AC 15 -> Hit: true, Crit: true
[22m[39m[ChunkManager] editVoxel: newType undefined and chunk not in cache for 0,0. Defaulting to 'dirt'.

[90mstderr[2m | src/api/game/services/__tests__/action-engine.matrix.test.ts[2m > [22m[2mAction Engine Matrix (High-Volume Validation)[2m > [22m[2mCombat Hit Matrix[2m > [22m[2mCase: Roll 20 + Bonus +0 vs AC 15 -> Hit: true, Crit: true
[22m[39m[ActionEngine] Death side-effects failed TypeError: Cannot read properties of undefined (reading 'query')
    at ChunkManager.editVoxel [90m(/Users/lg/lab/daicer/[39msrc/api/voxel-engine/services/chunk-manager.ts:217:21[90m)[39m
    at Object.resolveAttack [90m(/Users/lg/lab/daicer/[39msrc/api/game/services/action-engine.ts:461:20[90m)[39m
[90m    at processTicksAndRejections (node:internal/process/task_queues:105:5)[39m
    at Object.dispatch [90m(/Users/lg/lab/daicer/[39msrc/api/game/services/action-engine.ts:119:22[90m)[39m
    at [90m/Users/lg/lab/daicer/[39msrc/api/game/services/__tests__/action-engine.matrix.test.ts:89:33
    at [90mfile:///Users/lg/lab/daicer/[39mnode_modules/[4m@vitest[24m/runner/dist/index.js:915:20

[90mstdout[2m | src/api/game/services/__tests__/action-engine.matrix.test.ts[2m > [22m[2mAction Engine Matrix (High-Volume Validation)[2m > [22m[2mCombat Hit Matrix[2m > [22m[2mCase: Roll 20 + Bonus +0 vs AC 18 -> Hit: true, Crit: true
[22m[39m[ActionEngine] Resolving command: ATTACK {
  actorId: [32m'actor-matrix'[39m,
  targetId: [32m'target-matrix'[39m,
  weaponId: [32m'test-weapon'[39m
}

[90mstderr[2m | src/api/game/services/__tests__/action-engine.matrix.test.ts[2m > [22m[2mAction Engine Matrix (High-Volume Validation)[2m > [22m[2mCombat Hit Matrix[2m > [22m[2mCase: Roll 20 + Bonus +0 vs AC 18 -> Hit: true, Crit: true
[22m[39m[ChunkManager] editVoxel: newType undefined and chunk not in cache for 0,0. Defaulting to 'dirt'.

[90mstderr[2m | src/api/game/services/__tests__/action-engine.matrix.test.ts[2m > [22m[2mAction Engine Matrix (High-Volume Validation)[2m > [22m[2mCombat Hit Matrix[2m > [22m[2mCase: Roll 20 + Bonus +0 vs AC 18 -> Hit: true, Crit: true
[22m[39m[ActionEngine] Death side-effects failed TypeError: Cannot read properties of undefined (reading 'query')
    at ChunkManager.editVoxel [90m(/Users/lg/lab/daicer/[39msrc/api/voxel-engine/services/chunk-manager.ts:217:21[90m)[39m
    at Object.resolveAttack [90m(/Users/lg/lab/daicer/[39msrc/api/game/services/action-engine.ts:461:20[90m)[39m
[90m    at processTicksAndRejections (node:internal/process/task_queues:105:5)[39m
    at Object.dispatch [90m(/Users/lg/lab/daicer/[39msrc/api/game/services/action-engine.ts:119:22[90m)[39m
    at [90m/Users/lg/lab/daicer/[39msrc/api/game/services/__tests__/action-engine.matrix.test.ts:89:33
    at [90mfile:///Users/lg/lab/daicer/[39mnode_modules/[4m@vitest[24m/runner/dist/index.js:915:20

[90mstdout[2m | src/api/game/services/__tests__/action-engine.matrix.test.ts[2m > [22m[2mAction Engine Matrix (High-Volume Validation)[2m > [22m[2mCombat Hit Matrix[2m > [22m[2mCase: Roll 20 + Bonus +0 vs AC 20 -> Hit: true, Crit: true
[22m[39m[ActionEngine] Resolving command: ATTACK {
  actorId: [32m'actor-matrix'[39m,
  targetId: [32m'target-matrix'[39m,
  weaponId: [32m'test-weapon'[39m
}

[90mstderr[2m | src/api/game/services/__tests__/action-engine.matrix.test.ts[2m > [22m[2mAction Engine Matrix (High-Volume Validation)[2m > [22m[2mCombat Hit Matrix[2m > [22m[2mCase: Roll 20 + Bonus +0 vs AC 20 -> Hit: true, Crit: true
[22m[39m[ChunkManager] editVoxel: newType undefined and chunk not in cache for 0,0. Defaulting to 'dirt'.

[90mstderr[2m | src/api/game/services/__tests__/action-engine.matrix.test.ts[2m > [22m[2mAction Engine Matrix (High-Volume Validation)[2m > [22m[2mCombat Hit Matrix[2m > [22m[2mCase: Roll 20 + Bonus +0 vs AC 20 -> Hit: true, Crit: true
[22m[39m[ActionEngine] Death side-effects failed TypeError: Cannot read properties of undefined (reading 'query')
    at ChunkManager.editVoxel [90m(/Users/lg/lab/daicer/[39msrc/api/voxel-engine/services/chunk-manager.ts:217:21[90m)[39m
    at Object.resolveAttack [90m(/Users/lg/lab/daicer/[39msrc/api/game/services/action-engine.ts:461:20[90m)[39m
[90m    at processTicksAndRejections (node:internal/process/task_queues:105:5)[39m
    at Object.dispatch [90m(/Users/lg/lab/daicer/[39msrc/api/game/services/action-engine.ts:119:22[90m)[39m
    at [90m/Users/lg/lab/daicer/[39msrc/api/game/services/__tests__/action-engine.matrix.test.ts:89:33
    at [90mfile:///Users/lg/lab/daicer/[39mnode_modules/[4m@vitest[24m/runner/dist/index.js:915:20

[90mstdout[2m | src/api/game/services/__tests__/action-engine.matrix.test.ts[2m > [22m[2mAction Engine Matrix (High-Volume Validation)[2m > [22m[2mCombat Hit Matrix[2m > [22m[2mCase: Roll 20 + Bonus +0 vs AC 25 -> Hit: true, Crit: true
[22m[39m[ActionEngine] Resolving command: ATTACK {
  actorId: [32m'actor-matrix'[39m,
  targetId: [32m'target-matrix'[39m,
  weaponId: [32m'test-weapon'[39m
}

[90mstderr[2m | src/api/game/services/__tests__/action-engine.matrix.test.ts[2m > [22m[2mAction Engine Matrix (High-Volume Validation)[2m > [22m[2mCombat Hit Matrix[2m > [22m[2mCase: Roll 20 + Bonus +0 vs AC 25 -> Hit: true, Crit: true
[22m[39m[ChunkManager] editVoxel: newType undefined and chunk not in cache for 0,0. Defaulting to 'dirt'.

[90mstderr[2m | src/api/game/services/__tests__/action-engine.matrix.test.ts[2m > [22m[2mAction Engine Matrix (High-Volume Validation)[2m > [22m[2mCombat Hit Matrix[2m > [22m[2mCase: Roll 20 + Bonus +0 vs AC 25 -> Hit: true, Crit: true
[22m[39m[ActionEngine] Death side-effects failed TypeError: Cannot read properties of undefined (reading 'query')
    at ChunkManager.editVoxel [90m(/Users/lg/lab/daicer/[39msrc/api/voxel-engine/services/chunk-manager.ts:217:21[90m)[39m
    at Object.resolveAttack [90m(/Users/lg/lab/daicer/[39msrc/api/game/services/action-engine.ts:461:20[90m)[39m
[90m    at processTicksAndRejections (node:internal/process/task_queues:105:5)[39m
    at Object.dispatch [90m(/Users/lg/lab/daicer/[39msrc/api/game/services/action-engine.ts:119:22[90m)[39m
    at [90m/Users/lg/lab/daicer/[39msrc/api/game/services/__tests__/action-engine.matrix.test.ts:89:33
    at [90mfile:///Users/lg/lab/daicer/[39mnode_modules/[4m@vitest[24m/runner/dist/index.js:915:20

[90mstdout[2m | src/api/game/services/__tests__/action-engine.matrix.test.ts[2m > [22m[2mAction Engine Matrix (High-Volume Validation)[2m > [22m[2mCombat Hit Matrix[2m > [22m[2mCase: Roll 20 + Bonus +0 vs AC 30 -> Hit: true, Crit: true
[22m[39m[ActionEngine] Resolving command: ATTACK {
  actorId: [32m'actor-matrix'[39m,
  targetId: [32m'target-matrix'[39m,
  weaponId: [32m'test-weapon'[39m
}

[90mstderr[2m | src/api/game/services/__tests__/action-engine.matrix.test.ts[2m > [22m[2mAction Engine Matrix (High-Volume Validation)[2m > [22m[2mCombat Hit Matrix[2m > [22m[2mCase: Roll 20 + Bonus +0 vs AC 30 -> Hit: true, Crit: true
[22m[39m[ChunkManager] editVoxel: newType undefined and chunk not in cache for 0,0. Defaulting to 'dirt'.

[90mstderr[2m | src/api/game/services/__tests__/action-engine.matrix.test.ts[2m > [22m[2mAction Engine Matrix (High-Volume Validation)[2m > [22m[2mCombat Hit Matrix[2m > [22m[2mCase: Roll 20 + Bonus +0 vs AC 30 -> Hit: true, Crit: true
[22m[39m[ActionEngine] Death side-effects failed TypeError: Cannot read properties of undefined (reading 'query')
    at ChunkManager.editVoxel [90m(/Users/lg/lab/daicer/[39msrc/api/voxel-engine/services/chunk-manager.ts:217:21[90m)[39m
    at Object.resolveAttack [90m(/Users/lg/lab/daicer/[39msrc/api/game/services/action-engine.ts:461:20[90m)[39m
[90m    at processTicksAndRejections (node:internal/process/task_queues:105:5)[39m
    at Object.dispatch [90m(/Users/lg/lab/daicer/[39msrc/api/game/services/action-engine.ts:119:22[90m)[39m
    at [90m/Users/lg/lab/daicer/[39msrc/api/game/services/__tests__/action-engine.matrix.test.ts:89:33
    at [90mfile:///Users/lg/lab/daicer/[39mnode_modules/[4m@vitest[24m/runner/dist/index.js:915:20

[90mstdout[2m | src/api/game/services/__tests__/action-engine.matrix.test.ts[2m > [22m[2mAction Engine Matrix (High-Volume Validation)[2m > [22m[2mCombat Hit Matrix[2m > [22m[2mCase: Roll 20 + Bonus 5 vs AC 10 -> Hit: true, Crit: true
[22m[39m[ActionEngine] Resolving command: ATTACK {
  actorId: [32m'actor-matrix'[39m,
  targetId: [32m'target-matrix'[39m,
  weaponId: [32m'test-weapon'[39m
}

[90mstderr[2m | src/api/game/services/__tests__/action-engine.matrix.test.ts[2m > [22m[2mAction Engine Matrix (High-Volume Validation)[2m > [22m[2mCombat Hit Matrix[2m > [22m[2mCase: Roll 20 + Bonus 5 vs AC 10 -> Hit: true, Crit: true
[22m[39m[ChunkManager] editVoxel: newType undefined and chunk not in cache for 0,0. Defaulting to 'dirt'.

[90mstderr[2m | src/api/game/services/__tests__/action-engine.matrix.test.ts[2m > [22m[2mAction Engine Matrix (High-Volume Validation)[2m > [22m[2mCombat Hit Matrix[2m > [22m[2mCase: Roll 20 + Bonus 5 vs AC 10 -> Hit: true, Crit: true
[22m[39m[ActionEngine] Death side-effects failed TypeError: Cannot read properties of undefined (reading 'query')
    at ChunkManager.editVoxel [90m(/Users/lg/lab/daicer/[39msrc/api/voxel-engine/services/chunk-manager.ts:217:21[90m)[39m
    at Object.resolveAttack [90m(/Users/lg/lab/daicer/[39msrc/api/game/services/action-engine.ts:461:20[90m)[39m
[90m    at processTicksAndRejections (node:internal/process/task_queues:105:5)[39m
    at Object.dispatch [90m(/Users/lg/lab/daicer/[39msrc/api/game/services/action-engine.ts:119:22[90m)[39m
    at [90m/Users/lg/lab/daicer/[39msrc/api/game/services/__tests__/action-engine.matrix.test.ts:89:33
    at [90mfile:///Users/lg/lab/daicer/[39mnode_modules/[4m@vitest[24m/runner/dist/index.js:915:20

[90mstderr[2m | src/plugins/map-explorer/admin/src/components/PixelForge/__tests__/PixelForge.test.tsx[2m > [22m[2mPixelForge[2m > [22m[2mshould call dispatch on generate
[22m[39mPixelForge: Failed to parse value TypeError: Cannot read properties of null (reading 'pixels')
    at [90m/Users/lg/lab/daicer/[39msrc/plugins/map-explorer/admin/src/components/PixelForge/index.tsx:60:35
    at commitHookEffectListMount [90m(/Users/lg/lab/daicer/[39msrc/plugins/map-explorer/node_modules/[4mreact-dom[24m/cjs/react-dom.development.js:23189:26[90m)[39m
    at commitPassiveMountOnFiber [90m(/Users/lg/lab/daicer/[39msrc/plugins/map-explorer/node_modules/[4mreact-dom[24m/cjs/react-dom.development.js:24970:11[90m)[39m
    at commitPassiveMountEffects_complete [90m(/Users/lg/lab/daicer/[39msrc/plugins/map-explorer/node_modules/[4mreact-dom[24m/cjs/react-dom.development.js:24930:9[90m)[39m
    at commitPassiveMountEffects_begin [90m(/Users/lg/lab/daicer/[39msrc/plugins/map-explorer/node_modules/[4mreact-dom[24m/cjs/react-dom.development.js:24917:7[90m)[39m
    at commitPassiveMountEffects [90m(/Users/lg/lab/daicer/[39msrc/plugins/map-explorer/node_modules/[4mreact-dom[24m/cjs/react-dom.development.js:24905:3[90m)[39m
    at flushPassiveEffectsImpl [90m(/Users/lg/lab/daicer/[39msrc/plugins/map-explorer/node_modules/[4mreact-dom[24m/cjs/react-dom.development.js:27078:3[90m)[39m
    at flushPassiveEffects [90m(/Users/lg/lab/daicer/[39msrc/plugins/map-explorer/node_modules/[4mreact-dom[24m/cjs/react-dom.development.js:27023:14[90m)[39m
    at commitRootImpl [90m(/Users/lg/lab/daicer/[39msrc/plugins/map-explorer/node_modules/[4mreact-dom[24m/cjs/react-dom.development.js:26974:5[90m)[39m
    at commitRoot [90m(/Users/lg/lab/daicer/[39msrc/plugins/map-explorer/node_modules/[4mreact-dom[24m/cjs/react-dom.development.js:26721:5[90m)[39m

[90mstdout[2m | src/api/game/services/__tests__/action-engine.matrix.test.ts[2m > [22m[2mAction Engine Matrix (High-Volume Validation)[2m > [22m[2mCombat Hit Matrix[2m > [22m[2mCase: Roll 20 + Bonus 5 vs AC 12 -> Hit: true, Crit: true
[22m[39m[ActionEngine] Resolving command: ATTACK {
  actorId: [32m'actor-matrix'[39m,
  targetId: [32m'target-matrix'[39m,
  weaponId: [32m'test-weapon'[39m
}

[90mstderr[2m | src/api/game/services/__tests__/action-engine.matrix.test.ts[2m > [22m[2mAction Engine Matrix (High-Volume Validation)[2m > [22m[2mCombat Hit Matrix[2m > [22m[2mCase: Roll 20 + Bonus 5 vs AC 12 -> Hit: true, Crit: true
[22m[39m[ChunkManager] editVoxel: newType undefined and chunk not in cache for 0,0. Defaulting to 'dirt'.

[90mstderr[2m | src/api/game/services/__tests__/action-engine.matrix.test.ts[2m > [22m[2mAction Engine Matrix (High-Volume Validation)[2m > [22m[2mCombat Hit Matrix[2m > [22m[2mCase: Roll 20 + Bonus 5 vs AC 12 -> Hit: true, Crit: true
[22m[39m[ActionEngine] Death side-effects failed TypeError: Cannot read properties of undefined (reading 'query')
    at ChunkManager.editVoxel [90m(/Users/lg/lab/daicer/[39msrc/api/voxel-engine/services/chunk-manager.ts:217:21[90m)[39m
    at Object.resolveAttack [90m(/Users/lg/lab/daicer/[39msrc/api/game/services/action-engine.ts:461:20[90m)[39m
[90m    at processTicksAndRejections (node:internal/process/task_queues:105:5)[39m
    at Object.dispatch [90m(/Users/lg/lab/daicer/[39msrc/api/game/services/action-engine.ts:119:22[90m)[39m
    at [90m/Users/lg/lab/daicer/[39msrc/api/game/services/__tests__/action-engine.matrix.test.ts:89:33
    at [90mfile:///Users/lg/lab/daicer/[39mnode_modules/[4m@vitest[24m/runner/dist/index.js:915:20

[90mstdout[2m | src/api/game/services/__tests__/action-engine.matrix.test.ts[2m > [22m[2mAction Engine Matrix (High-Volume Validation)[2m > [22m[2mCombat Hit Matrix[2m > [22m[2mCase: Roll 20 + Bonus 5 vs AC 15 -> Hit: true, Crit: true
[22m[39m[ActionEngine] Resolving command: ATTACK {
  actorId: [32m'actor-matrix'[39m,
  targetId: [32m'target-matrix'[39m,
  weaponId: [32m'test-weapon'[39m
}

[90mstderr[2m | src/api/game/services/__tests__/action-engine.matrix.test.ts[2m > [22m[2mAction Engine Matrix (High-Volume Validation)[2m > [22m[2mCombat Hit Matrix[2m > [22m[2mCase: Roll 20 + Bonus 5 vs AC 15 -> Hit: true, Crit: true
[22m[39m[ChunkManager] editVoxel: newType undefined and chunk not in cache for 0,0. Defaulting to 'dirt'.

[90mstderr[2m | src/api/game/services/__tests__/action-engine.matrix.test.ts[2m > [22m[2mAction Engine Matrix (High-Volume Validation)[2m > [22m[2mCombat Hit Matrix[2m > [22m[2mCase: Roll 20 + Bonus 5 vs AC 15 -> Hit: true, Crit: true
[22m[39m[ActionEngine] Death side-effects failed TypeError: Cannot read properties of undefined (reading 'query')
    at ChunkManager.editVoxel [90m(/Users/lg/lab/daicer/[39msrc/api/voxel-engine/services/chunk-manager.ts:217:21[90m)[39m
    at Object.resolveAttack [90m(/Users/lg/lab/daicer/[39msrc/api/game/services/action-engine.ts:461:20[90m)[39m
[90m    at processTicksAndRejections (node:internal/process/task_queues:105:5)[39m
    at Object.dispatch [90m(/Users/lg/lab/daicer/[39msrc/api/game/services/action-engine.ts:119:22[90m)[39m
    at [90m/Users/lg/lab/daicer/[39msrc/api/game/services/__tests__/action-engine.matrix.test.ts:89:33
    at [90mfile:///Users/lg/lab/daicer/[39mnode_modules/[4m@vitest[24m/runner/dist/index.js:915:20

[90mstdout[2m | src/api/game/services/__tests__/action-engine.matrix.test.ts[2m > [22m[2mAction Engine Matrix (High-Volume Validation)[2m > [22m[2mCombat Hit Matrix[2m > [22m[2mCase: Roll 20 + Bonus 5 vs AC 18 -> Hit: true, Crit: true
[22m[39m[ActionEngine] Resolving command: ATTACK {
  actorId: [32m'actor-matrix'[39m,
  targetId: [32m'target-matrix'[39m,
  weaponId: [32m'test-weapon'[39m
}

[90mstderr[2m | src/api/game/services/__tests__/action-engine.matrix.test.ts[2m > [22m[2mAction Engine Matrix (High-Volume Validation)[2m > [22m[2mCombat Hit Matrix[2m > [22m[2mCase: Roll 20 + Bonus 5 vs AC 18 -> Hit: true, Crit: true
[22m[39m[ChunkManager] editVoxel: newType undefined and chunk not in cache for 0,0. Defaulting to 'dirt'.

[90mstderr[2m | src/api/game/services/__tests__/action-engine.matrix.test.ts[2m > [22m[2mAction Engine Matrix (High-Volume Validation)[2m > [22m[2mCombat Hit Matrix[2m > [22m[2mCase: Roll 20 + Bonus 5 vs AC 18 -> Hit: true, Crit: true
[22m[39m[ActionEngine] Death side-effects failed TypeError: Cannot read properties of undefined (reading 'query')
    at ChunkManager.editVoxel [90m(/Users/lg/lab/daicer/[39msrc/api/voxel-engine/services/chunk-manager.ts:217:21[90m)[39m
    at Object.resolveAttack [90m(/Users/lg/lab/daicer/[39msrc/api/game/services/action-engine.ts:461:20[90m)[39m
[90m    at processTicksAndRejections (node:internal/process/task_queues:105:5)[39m
    at Object.dispatch [90m(/Users/lg/lab/daicer/[39msrc/api/game/services/action-engine.ts:119:22[90m)[39m
    at [90m/Users/lg/lab/daicer/[39msrc/api/game/services/__tests__/action-engine.matrix.test.ts:89:33
    at [90mfile:///Users/lg/lab/daicer/[39mnode_modules/[4m@vitest[24m/runner/dist/index.js:915:20

[90mstdout[2m | src/api/game/services/__tests__/action-engine.matrix.test.ts[2m > [22m[2mAction Engine Matrix (High-Volume Validation)[2m > [22m[2mCombat Hit Matrix[2m > [22m[2mCase: Roll 20 + Bonus 5 vs AC 20 -> Hit: true, Crit: true
[22m[39m[ActionEngine] Resolving command: ATTACK {
  actorId: [32m'actor-matrix'[39m,
  targetId: [32m'target-matrix'[39m,
  weaponId: [32m'test-weapon'[39m
}

[90mstderr[2m | src/api/game/services/__tests__/action-engine.matrix.test.ts[2m > [22m[2mAction Engine Matrix (High-Volume Validation)[2m > [22m[2mCombat Hit Matrix[2m > [22m[2mCase: Roll 20 + Bonus 5 vs AC 20 -> Hit: true, Crit: true
[22m[39m[ChunkManager] editVoxel: newType undefined and chunk not in cache for 0,0. Defaulting to 'dirt'.

[90mstderr[2m | src/api/game/services/__tests__/action-engine.matrix.test.ts[2m > [22m[2mAction Engine Matrix (High-Volume Validation)[2m > [22m[2mCombat Hit Matrix[2m > [22m[2mCase: Roll 20 + Bonus 5 vs AC 20 -> Hit: true, Crit: true
[22m[39m[ActionEngine] Death side-effects failed TypeError: Cannot read properties of undefined (reading 'query')
    at ChunkManager.editVoxel [90m(/Users/lg/lab/daicer/[39msrc/api/voxel-engine/services/chunk-manager.ts:217:21[90m)[39m
    at Object.resolveAttack [90m(/Users/lg/lab/daicer/[39msrc/api/game/services/action-engine.ts:461:20[90m)[39m
[90m    at processTicksAndRejections (node:internal/process/task_queues:105:5)[39m
    at Object.dispatch [90m(/Users/lg/lab/daicer/[39msrc/api/game/services/action-engine.ts:119:22[90m)[39m
    at [90m/Users/lg/lab/daicer/[39msrc/api/game/services/__tests__/action-engine.matrix.test.ts:89:33
    at [90mfile:///Users/lg/lab/daicer/[39mnode_modules/[4m@vitest[24m/runner/dist/index.js:915:20

 [32m✓[39m src/api/entity-sheet/__tests__/lifecycles-granularity.test.ts [2m([22m[2m55 tests[22m[2m)[22m[32m 18[2mms[22m[39m
[90mstdout[2m | src/api/game/services/__tests__/action-engine.matrix.test.ts[2m > [22m[2mAction Engine Matrix (High-Volume Validation)[2m > [22m[2mCombat Hit Matrix[2m > [22m[2mCase: Roll 20 + Bonus 5 vs AC 25 -> Hit: true, Crit: true
[22m[39m[ActionEngine] Resolving command: ATTACK {
  actorId: [32m'actor-matrix'[39m,
  targetId: [32m'target-matrix'[39m,
  weaponId: [32m'test-weapon'[39m
}

[90mstderr[2m | src/api/game/services/__tests__/action-engine.matrix.test.ts[2m > [22m[2mAction Engine Matrix (High-Volume Validation)[2m > [22m[2mCombat Hit Matrix[2m > [22m[2mCase: Roll 20 + Bonus 5 vs AC 25 -> Hit: true, Crit: true
[22m[39m[ChunkManager] editVoxel: newType undefined and chunk not in cache for 0,0. Defaulting to 'dirt'.

[90mstderr[2m | src/api/game/services/__tests__/action-engine.matrix.test.ts[2m > [22m[2mAction Engine Matrix (High-Volume Validation)[2m > [22m[2mCombat Hit Matrix[2m > [22m[2mCase: Roll 20 + Bonus 5 vs AC 25 -> Hit: true, Crit: true
[22m[39m[ActionEngine] Death side-effects failed TypeError: Cannot read properties of undefined (reading 'query')
    at ChunkManager.editVoxel [90m(/Users/lg/lab/daicer/[39msrc/api/voxel-engine/services/chunk-manager.ts:217:21[90m)[39m
    at Object.resolveAttack [90m(/Users/lg/lab/daicer/[39msrc/api/game/services/action-engine.ts:461:20[90m)[39m
[90m    at processTicksAndRejections (node:internal/process/task_queues:105:5)[39m
    at Object.dispatch [90m(/Users/lg/lab/daicer/[39msrc/api/game/services/action-engine.ts:119:22[90m)[39m
    at [90m/Users/lg/lab/daicer/[39msrc/api/game/services/__tests__/action-engine.matrix.test.ts:89:33
    at [90mfile:///Users/lg/lab/daicer/[39mnode_modules/[4m@vitest[24m/runner/dist/index.js:915:20

[90mstdout[2m | src/api/game/services/__tests__/action-engine.matrix.test.ts[2m > [22m[2mAction Engine Matrix (High-Volume Validation)[2m > [22m[2mCombat Hit Matrix[2m > [22m[2mCase: Roll 20 + Bonus 5 vs AC 30 -> Hit: true, Crit: true
[22m[39m[ActionEngine] Resolving command: ATTACK {
  actorId: [32m'actor-matrix'[39m,
  targetId: [32m'target-matrix'[39m,
  weaponId: [32m'test-weapon'[39m
}

[90mstderr[2m | src/api/game/services/__tests__/action-engine.matrix.test.ts[2m > [22m[2mAction Engine Matrix (High-Volume Validation)[2m > [22m[2mCombat Hit Matrix[2m > [22m[2mCase: Roll 20 + Bonus 5 vs AC 30 -> Hit: true, Crit: true
[22m[39m[ChunkManager] editVoxel: newType undefined and chunk not in cache for 0,0. Defaulting to 'dirt'.

[90mstderr[2m | src/api/game/services/__tests__/action-engine.matrix.test.ts[2m > [22m[2mAction Engine Matrix (High-Volume Validation)[2m > [22m[2mCombat Hit Matrix[2m > [22m[2mCase: Roll 20 + Bonus 5 vs AC 30 -> Hit: true, Crit: true
[22m[39m[ActionEngine] Death side-effects failed TypeError: Cannot read properties of undefined (reading 'query')
    at ChunkManager.editVoxel [90m(/Users/lg/lab/daicer/[39msrc/api/voxel-engine/services/chunk-manager.ts:217:21[90m)[39m
    at Object.resolveAttack [90m(/Users/lg/lab/daicer/[39msrc/api/game/services/action-engine.ts:461:20[90m)[39m
[90m    at processTicksAndRejections (node:internal/process/task_queues:105:5)[39m
    at Object.dispatch [90m(/Users/lg/lab/daicer/[39msrc/api/game/services/action-engine.ts:119:22[90m)[39m
    at [90m/Users/lg/lab/daicer/[39msrc/api/game/services/__tests__/action-engine.matrix.test.ts:89:33
    at [90mfile:///Users/lg/lab/daicer/[39mnode_modules/[4m@vitest[24m/runner/dist/index.js:915:20

[90mstdout[2m | src/api/game/services/__tests__/action-engine.matrix.test.ts[2m > [22m[2mAction Engine Matrix (High-Volume Validation)[2m > [22m[2mCombat Hit Matrix[2m > [22m[2mCase: Roll 20 + Bonus 10 vs AC 10 -> Hit: true, Crit: true
[22m[39m[ActionEngine] Resolving command: ATTACK {
  actorId: [32m'actor-matrix'[39m,
  targetId: [32m'target-matrix'[39m,
  weaponId: [32m'test-weapon'[39m
}

[90mstderr[2m | src/api/game/services/__tests__/action-engine.matrix.test.ts[2m > [22m[2mAction Engine Matrix (High-Volume Validation)[2m > [22m[2mCombat Hit Matrix[2m > [22m[2mCase: Roll 20 + Bonus 10 vs AC 10 -> Hit: true, Crit: true
[22m[39m[ChunkManager] editVoxel: newType undefined and chunk not in cache for 0,0. Defaulting to 'dirt'.

[90mstderr[2m | src/api/game/services/__tests__/action-engine.matrix.test.ts[2m > [22m[2mAction Engine Matrix (High-Volume Validation)[2m > [22m[2mCombat Hit Matrix[2m > [22m[2mCase: Roll 20 + Bonus 10 vs AC 10 -> Hit: true, Crit: true
[22m[39m[ActionEngine] Death side-effects failed TypeError: Cannot read properties of undefined (reading 'query')
    at ChunkManager.editVoxel [90m(/Users/lg/lab/daicer/[39msrc/api/voxel-engine/services/chunk-manager.ts:217:21[90m)[39m
    at Object.resolveAttack [90m(/Users/lg/lab/daicer/[39msrc/api/game/services/action-engine.ts:461:20[90m)[39m
[90m    at processTicksAndRejections (node:internal/process/task_queues:105:5)[39m
    at Object.dispatch [90m(/Users/lg/lab/daicer/[39msrc/api/game/services/action-engine.ts:119:22[90m)[39m
    at [90m/Users/lg/lab/daicer/[39msrc/api/game/services/__tests__/action-engine.matrix.test.ts:89:33
    at [90mfile:///Users/lg/lab/daicer/[39mnode_modules/[4m@vitest[24m/runner/dist/index.js:915:20

[90mstdout[2m | src/api/game/services/__tests__/action-engine.matrix.test.ts[2m > [22m[2mAction Engine Matrix (High-Volume Validation)[2m > [22m[2mCombat Hit Matrix[2m > [22m[2mCase: Roll 20 + Bonus 10 vs AC 12 -> Hit: true, Crit: true
[22m[39m[ActionEngine] Resolving command: ATTACK {
  actorId: [32m'actor-matrix'[39m,
  targetId: [32m'target-matrix'[39m,
  weaponId: [32m'test-weapon'[39m
}

[90mstderr[2m | src/api/game/services/__tests__/action-engine.matrix.test.ts[2m > [22m[2mAction Engine Matrix (High-Volume Validation)[2m > [22m[2mCombat Hit Matrix[2m > [22m[2mCase: Roll 20 + Bonus 10 vs AC 12 -> Hit: true, Crit: true
[22m[39m[ChunkManager] editVoxel: newType undefined and chunk not in cache for 0,0. Defaulting to 'dirt'.

[90mstderr[2m | src/api/game/services/__tests__/action-engine.matrix.test.ts[2m > [22m[2mAction Engine Matrix (High-Volume Validation)[2m > [22m[2mCombat Hit Matrix[2m > [22m[2mCase: Roll 20 + Bonus 10 vs AC 12 -> Hit: true, Crit: true
[22m[39m[ActionEngine] Death side-effects failed TypeError: Cannot read properties of undefined (reading 'query')
    at ChunkManager.editVoxel [90m(/Users/lg/lab/daicer/[39msrc/api/voxel-engine/services/chunk-manager.ts:217:21[90m)[39m
    at Object.resolveAttack [90m(/Users/lg/lab/daicer/[39msrc/api/game/services/action-engine.ts:461:20[90m)[39m
[90m    at processTicksAndRejections (node:internal/process/task_queues:105:5)[39m
    at Object.dispatch [90m(/Users/lg/lab/daicer/[39msrc/api/game/services/action-engine.ts:119:22[90m)[39m
    at [90m/Users/lg/lab/daicer/[39msrc/api/game/services/__tests__/action-engine.matrix.test.ts:89:33
    at [90mfile:///Users/lg/lab/daicer/[39mnode_modules/[4m@vitest[24m/runner/dist/index.js:915:20

[90mstdout[2m | src/api/game/services/__tests__/action-engine.matrix.test.ts[2m > [22m[2mAction Engine Matrix (High-Volume Validation)[2m > [22m[2mCombat Hit Matrix[2m > [22m[2mCase: Roll 20 + Bonus 10 vs AC 15 -> Hit: true, Crit: true
[22m[39m[ActionEngine] Resolving command: ATTACK {
  actorId: [32m'actor-matrix'[39m,
  targetId: [32m'target-matrix'[39m,
  weaponId: [32m'test-weapon'[39m
}

[90mstderr[2m | src/api/game/services/__tests__/action-engine.matrix.test.ts[2m > [22m[2mAction Engine Matrix (High-Volume Validation)[2m > [22m[2mCombat Hit Matrix[2m > [22m[2mCase: Roll 20 + Bonus 10 vs AC 15 -> Hit: true, Crit: true
[22m[39m[ChunkManager] editVoxel: newType undefined and chunk not in cache for 0,0. Defaulting to 'dirt'.

[90mstderr[2m | src/api/game/services/__tests__/action-engine.matrix.test.ts[2m > [22m[2mAction Engine Matrix (High-Volume Validation)[2m > [22m[2mCombat Hit Matrix[2m > [22m[2mCase: Roll 20 + Bonus 10 vs AC 15 -> Hit: true, Crit: true
[22m[39m[ActionEngine] Death side-effects failed TypeError: Cannot read properties of undefined (reading 'query')
    at ChunkManager.editVoxel [90m(/Users/lg/lab/daicer/[39msrc/api/voxel-engine/services/chunk-manager.ts:217:21[90m)[39m
    at Object.resolveAttack [90m(/Users/lg/lab/daicer/[39msrc/api/game/services/action-engine.ts:461:20[90m)[39m
[90m    at processTicksAndRejections (node:internal/process/task_queues:105:5)[39m
    at Object.dispatch [90m(/Users/lg/lab/daicer/[39msrc/api/game/services/action-engine.ts:119:22[90m)[39m
    at [90m/Users/lg/lab/daicer/[39msrc/api/game/services/__tests__/action-engine.matrix.test.ts:89:33
    at [90mfile:///Users/lg/lab/daicer/[39mnode_modules/[4m@vitest[24m/runner/dist/index.js:915:20

[90mstdout[2m | src/api/game/services/__tests__/action-engine.matrix.test.ts[2m > [22m[2mAction Engine Matrix (High-Volume Validation)[2m > [22m[2mCombat Hit Matrix[2m > [22m[2mCase: Roll 20 + Bonus 10 vs AC 18 -> Hit: true, Crit: true
[22m[39m[ActionEngine] Resolving command: ATTACK {
  actorId: [32m'actor-matrix'[39m,
  targetId: [32m'target-matrix'[39m,
  weaponId: [32m'test-weapon'[39m
}

[90mstderr[2m | src/api/game/services/__tests__/action-engine.matrix.test.ts[2m > [22m[2mAction Engine Matrix (High-Volume Validation)[2m > [22m[2mCombat Hit Matrix[2m > [22m[2mCase: Roll 20 + Bonus 10 vs AC 18 -> Hit: true, Crit: true
[22m[39m[ChunkManager] editVoxel: newType undefined and chunk not in cache for 0,0. Defaulting to 'dirt'.

[90mstderr[2m | src/api/game/services/__tests__/action-engine.matrix.test.ts[2m > [22m[2mAction Engine Matrix (High-Volume Validation)[2m > [22m[2mCombat Hit Matrix[2m > [22m[2mCase: Roll 20 + Bonus 10 vs AC 18 -> Hit: true, Crit: true
[22m[39m[ActionEngine] Death side-effects failed TypeError: Cannot read properties of undefined (reading 'query')
    at ChunkManager.editVoxel [90m(/Users/lg/lab/daicer/[39msrc/api/voxel-engine/services/chunk-manager.ts:217:21[90m)[39m
    at Object.resolveAttack [90m(/Users/lg/lab/daicer/[39msrc/api/game/services/action-engine.ts:461:20[90m)[39m
[90m    at processTicksAndRejections (node:internal/process/task_queues:105:5)[39m
    at Object.dispatch [90m(/Users/lg/lab/daicer/[39msrc/api/game/services/action-engine.ts:119:22[90m)[39m
    at [90m/Users/lg/lab/daicer/[39msrc/api/game/services/__tests__/action-engine.matrix.test.ts:89:33
    at [90mfile:///Users/lg/lab/daicer/[39mnode_modules/[4m@vitest[24m/runner/dist/index.js:915:20

 [32m✓[39m src/plugins/map-explorer/server/src/services/__tests__/pixel-forge.comprehensive.test.ts [2m([22m[2m8 tests[22m[2m)[22m[32m 11[2mms[22m[39m
[90mstdout[2m | src/api/game/services/__tests__/action-engine.matrix.test.ts[2m > [22m[2mAction Engine Matrix (High-Volume Validation)[2m > [22m[2mCombat Hit Matrix[2m > [22m[2mCase: Roll 20 + Bonus 10 vs AC 20 -> Hit: true, Crit: true
[22m[39m[ActionEngine] Resolving command: ATTACK {
  actorId: [32m'actor-matrix'[39m,
  targetId: [32m'target-matrix'[39m,
  weaponId: [32m'test-weapon'[39m
}

[90mstderr[2m | src/api/game/services/__tests__/action-engine.matrix.test.ts[2m > [22m[2mAction Engine Matrix (High-Volume Validation)[2m > [22m[2mCombat Hit Matrix[2m > [22m[2mCase: Roll 20 + Bonus 10 vs AC 20 -> Hit: true, Crit: true
[22m[39m[ChunkManager] editVoxel: newType undefined and chunk not in cache for 0,0. Defaulting to 'dirt'.

[90mstderr[2m | src/api/game/services/__tests__/action-engine.matrix.test.ts[2m > [22m[2mAction Engine Matrix (High-Volume Validation)[2m > [22m[2mCombat Hit Matrix[2m > [22m[2mCase: Roll 20 + Bonus 10 vs AC 20 -> Hit: true, Crit: true
[22m[39m[ActionEngine] Death side-effects failed TypeError: Cannot read properties of undefined (reading 'query')
    at ChunkManager.editVoxel [90m(/Users/lg/lab/daicer/[39msrc/api/voxel-engine/services/chunk-manager.ts:217:21[90m)[39m
    at Object.resolveAttack [90m(/Users/lg/lab/daicer/[39msrc/api/game/services/action-engine.ts:461:20[90m)[39m
[90m    at processTicksAndRejections (node:internal/process/task_queues:105:5)[39m
    at Object.dispatch [90m(/Users/lg/lab/daicer/[39msrc/api/game/services/action-engine.ts:119:22[90m)[39m
    at [90m/Users/lg/lab/daicer/[39msrc/api/game/services/__tests__/action-engine.matrix.test.ts:89:33
    at [90mfile:///Users/lg/lab/daicer/[39mnode_modules/[4m@vitest[24m/runner/dist/index.js:915:20

[90mstdout[2m | src/api/game/services/__tests__/action-engine.matrix.test.ts[2m > [22m[2mAction Engine Matrix (High-Volume Validation)[2m > [22m[2mCombat Hit Matrix[2m > [22m[2mCase: Roll 20 + Bonus 10 vs AC 25 -> Hit: true, Crit: true
[22m[39m[ActionEngine] Resolving command: ATTACK {
  actorId: [32m'actor-matrix'[39m,
  targetId: [32m'target-matrix'[39m,
  weaponId: [32m'test-weapon'[39m
}

[90mstderr[2m | src/api/game/services/__tests__/action-engine.matrix.test.ts[2m > [22m[2mAction Engine Matrix (High-Volume Validation)[2m > [22m[2mCombat Hit Matrix[2m > [22m[2mCase: Roll 20 + Bonus 10 vs AC 25 -> Hit: true, Crit: true
[22m[39m[ChunkManager] editVoxel: newType undefined and chunk not in cache for 0,0. Defaulting to 'dirt'.

[90mstderr[2m | src/api/game/services/__tests__/action-engine.matrix.test.ts[2m > [22m[2mAction Engine Matrix (High-Volume Validation)[2m > [22m[2mCombat Hit Matrix[2m > [22m[2mCase: Roll 20 + Bonus 10 vs AC 25 -> Hit: true, Crit: true
[22m[39m[ActionEngine] Death side-effects failed TypeError: Cannot read properties of undefined (reading 'query')
    at ChunkManager.editVoxel [90m(/Users/lg/lab/daicer/[39msrc/api/voxel-engine/services/chunk-manager.ts:217:21[90m)[39m
    at Object.resolveAttack [90m(/Users/lg/lab/daicer/[39msrc/api/game/services/action-engine.ts:461:20[90m)[39m
[90m    at processTicksAndRejections (node:internal/process/task_queues:105:5)[39m
    at Object.dispatch [90m(/Users/lg/lab/daicer/[39msrc/api/game/services/action-engine.ts:119:22[90m)[39m
    at [90m/Users/lg/lab/daicer/[39msrc/api/game/services/__tests__/action-engine.matrix.test.ts:89:33
    at [90mfile:///Users/lg/lab/daicer/[39mnode_modules/[4m@vitest[24m/runner/dist/index.js:915:20

 [32m✓[39m src/api/game/src/engine/resolution/__tests__/SpellCoverage.test.ts [2m([22m[2m32 tests[22m[2m)[22m[32m 16[2mms[22m[39m
[90mstdout[2m | src/api/game/services/__tests__/action-engine.matrix.test.ts[2m > [22m[2mAction Engine Matrix (High-Volume Validation)[2m > [22m[2mCombat Hit Matrix[2m > [22m[2mCase: Roll 20 + Bonus 10 vs AC 30 -> Hit: true, Crit: true
[22m[39m[ActionEngine] Resolving command: ATTACK {
  actorId: [32m'actor-matrix'[39m,
  targetId: [32m'target-matrix'[39m,
  weaponId: [32m'test-weapon'[39m
}

[90mstderr[2m | src/api/game/services/__tests__/action-engine.matrix.test.ts[2m > [22m[2mAction Engine Matrix (High-Volume Validation)[2m > [22m[2mCombat Hit Matrix[2m > [22m[2mCase: Roll 20 + Bonus 10 vs AC 30 -> Hit: true, Crit: true
[22m[39m[ChunkManager] editVoxel: newType undefined and chunk not in cache for 0,0. Defaulting to 'dirt'.

[90mstderr[2m | src/api/game/services/__tests__/action-engine.matrix.test.ts[2m > [22m[2mAction Engine Matrix (High-Volume Validation)[2m > [22m[2mCombat Hit Matrix[2m > [22m[2mCase: Roll 20 + Bonus 10 vs AC 30 -> Hit: true, Crit: true
[22m[39m[ActionEngine] Death side-effects failed TypeError: Cannot read properties of undefined (reading 'query')
    at ChunkManager.editVoxel [90m(/Users/lg/lab/daicer/[39msrc/api/voxel-engine/services/chunk-manager.ts:217:21[90m)[39m
    at Object.resolveAttack [90m(/Users/lg/lab/daicer/[39msrc/api/game/services/action-engine.ts:461:20[90m)[39m
[90m    at processTicksAndRejections (node:internal/process/task_queues:105:5)[39m
    at Object.dispatch [90m(/Users/lg/lab/daicer/[39msrc/api/game/services/action-engine.ts:119:22[90m)[39m
    at [90m/Users/lg/lab/daicer/[39msrc/api/game/services/__tests__/action-engine.matrix.test.ts:89:33
    at [90mfile:///Users/lg/lab/daicer/[39mnode_modules/[4m@vitest[24m/runner/dist/index.js:915:20

[90mstdout[2m | src/api/game/services/__tests__/action-engine.matrix.test.ts[2m > [22m[2mAction Engine Matrix (High-Volume Validation)[2m > [22m[2mDamage & Death Matrix[2m > [22m[2mCase: HP 5 - Dmg +0 -> Final: 5, Dead: false
[22m[39m[ActionEngine] Resolving command: ATTACK {
  actorId: [32m'killer-matrix'[39m,
  targetId: [32m'victim-matrix'[39m,
  weaponId: [32m'death-ray'[39m
}

[90mstdout[2m | src/api/game/services/__tests__/action-engine.matrix.test.ts[2m > [22m[2mAction Engine Matrix (High-Volume Validation)[2m > [22m[2mDamage & Death Matrix[2m > [22m[2mCase: HP 5 - Dmg 1 -> Final: 4, Dead: false
[22m[39m[ActionEngine] Resolving command: ATTACK {
  actorId: [32m'killer-matrix'[39m,
  targetId: [32m'victim-matrix'[39m,
  weaponId: [32m'death-ray'[39m
}

[90mstdout[2m | src/api/game/services/__tests__/action-engine.matrix.test.ts[2m > [22m[2mAction Engine Matrix (High-Volume Validation)[2m > [22m[2mDamage & Death Matrix[2m > [22m[2mCase: HP 5 - Dmg 4 -> Final: 1, Dead: false
[22m[39m[ActionEngine] Resolving command: ATTACK {
  actorId: [32m'killer-matrix'[39m,
  targetId: [32m'victim-matrix'[39m,
  weaponId: [32m'death-ray'[39m
}

[90mstdout[2m | src/api/game/services/__tests__/action-engine.matrix.test.ts[2m > [22m[2mAction Engine Matrix (High-Volume Validation)[2m > [22m[2mDamage & Death Matrix[2m > [22m[2mCase: HP 5 - Dmg 5 -> Final: +0, Dead: true
[22m[39m[ActionEngine] Resolving command: ATTACK {
  actorId: [32m'killer-matrix'[39m,
  targetId: [32m'victim-matrix'[39m,
  weaponId: [32m'death-ray'[39m
}

[90mstderr[2m | src/api/game/services/__tests__/action-engine.matrix.test.ts[2m > [22m[2mAction Engine Matrix (High-Volume Validation)[2m > [22m[2mDamage & Death Matrix[2m > [22m[2mCase: HP 5 - Dmg 5 -> Final: +0, Dead: true
[22m[39m[ChunkManager] editVoxel: newType undefined and chunk not in cache for 0,0. Defaulting to 'dirt'.

[90mstderr[2m | src/api/game/services/__tests__/action-engine.matrix.test.ts[2m > [22m[2mAction Engine Matrix (High-Volume Validation)[2m > [22m[2mDamage & Death Matrix[2m > [22m[2mCase: HP 5 - Dmg 5 -> Final: +0, Dead: true
[22m[39m[ActionEngine] Death side-effects failed TypeError: Cannot read properties of undefined (reading 'query')
    at ChunkManager.editVoxel [90m(/Users/lg/lab/daicer/[39msrc/api/voxel-engine/services/chunk-manager.ts:217:21[90m)[39m
    at Object.resolveAttack [90m(/Users/lg/lab/daicer/[39msrc/api/game/services/action-engine.ts:461:20[90m)[39m
[90m    at processTicksAndRejections (node:internal/process/task_queues:105:5)[39m
    at Object.dispatch [90m(/Users/lg/lab/daicer/[39msrc/api/game/services/action-engine.ts:119:22[90m)[39m
    at [90m/Users/lg/lab/daicer/[39msrc/api/game/services/__tests__/action-engine.matrix.test.ts:147:33
    at [90mfile:///Users/lg/lab/daicer/[39mnode_modules/[4m@vitest[24m/runner/dist/index.js:915:20

[90mstdout[2m | src/api/game/services/__tests__/action-engine.matrix.test.ts[2m > [22m[2mAction Engine Matrix (High-Volume Validation)[2m > [22m[2mDamage & Death Matrix[2m > [22m[2mCase: HP 5 - Dmg 6 -> Final: +0, Dead: true
[22m[39m[ActionEngine] Resolving command: ATTACK {
  actorId: [32m'killer-matrix'[39m,
  targetId: [32m'victim-matrix'[39m,
  weaponId: [32m'death-ray'[39m
}

[90mstderr[2m | src/api/game/services/__tests__/action-engine.matrix.test.ts[2m > [22m[2mAction Engine Matrix (High-Volume Validation)[2m > [22m[2mDamage & Death Matrix[2m > [22m[2mCase: HP 5 - Dmg 6 -> Final: +0, Dead: true
[22m[39m[ChunkManager] editVoxel: newType undefined and chunk not in cache for 0,0. Defaulting to 'dirt'.

[90mstderr[2m | src/api/game/services/__tests__/action-engine.matrix.test.ts[2m > [22m[2mAction Engine Matrix (High-Volume Validation)[2m > [22m[2mDamage & Death Matrix[2m > [22m[2mCase: HP 5 - Dmg 6 -> Final: +0, Dead: true
[22m[39m[ActionEngine] Death side-effects failed TypeError: Cannot read properties of undefined (reading 'query')
    at ChunkManager.editVoxel [90m(/Users/lg/lab/daicer/[39msrc/api/voxel-engine/services/chunk-manager.ts:217:21[90m)[39m
    at Object.resolveAttack [90m(/Users/lg/lab/daicer/[39msrc/api/game/services/action-engine.ts:461:20[90m)[39m
[90m    at processTicksAndRejections (node:internal/process/task_queues:105:5)[39m
    at Object.dispatch [90m(/Users/lg/lab/daicer/[39msrc/api/game/services/action-engine.ts:119:22[90m)[39m
    at [90m/Users/lg/lab/daicer/[39msrc/api/game/services/__tests__/action-engine.matrix.test.ts:147:33
    at [90mfile:///Users/lg/lab/daicer/[39mnode_modules/[4m@vitest[24m/runner/dist/index.js:915:20

[90mstdout[2m | src/api/game/services/__tests__/action-engine.matrix.test.ts[2m > [22m[2mAction Engine Matrix (High-Volume Validation)[2m > [22m[2mDamage & Death Matrix[2m > [22m[2mCase: HP 5 - Dmg 10 -> Final: +0, Dead: true
[22m[39m[ActionEngine] Resolving command: ATTACK {
  actorId: [32m'killer-matrix'[39m,
  targetId: [32m'victim-matrix'[39m,
  weaponId: [32m'death-ray'[39m
}

[90mstderr[2m | src/api/game/services/__tests__/action-engine.matrix.test.ts[2m > [22m[2mAction Engine Matrix (High-Volume Validation)[2m > [22m[2mDamage & Death Matrix[2m > [22m[2mCase: HP 5 - Dmg 10 -> Final: +0, Dead: true
[22m[39m[ChunkManager] editVoxel: newType undefined and chunk not in cache for 0,0. Defaulting to 'dirt'.

[90mstderr[2m | src/api/game/services/__tests__/action-engine.matrix.test.ts[2m > [22m[2mAction Engine Matrix (High-Volume Validation)[2m > [22m[2mDamage & Death Matrix[2m > [22m[2mCase: HP 5 - Dmg 10 -> Final: +0, Dead: true
[22m[39m[ActionEngine] Death side-effects failed TypeError: Cannot read properties of undefined (reading 'query')
    at ChunkManager.editVoxel [90m(/Users/lg/lab/daicer/[39msrc/api/voxel-engine/services/chunk-manager.ts:217:21[90m)[39m
    at Object.resolveAttack [90m(/Users/lg/lab/daicer/[39msrc/api/game/services/action-engine.ts:461:20[90m)[39m
[90m    at processTicksAndRejections (node:internal/process/task_queues:105:5)[39m
    at Object.dispatch [90m(/Users/lg/lab/daicer/[39msrc/api/game/services/action-engine.ts:119:22[90m)[39m
    at [90m/Users/lg/lab/daicer/[39msrc/api/game/services/__tests__/action-engine.matrix.test.ts:147:33
    at [90mfile:///Users/lg/lab/daicer/[39mnode_modules/[4m@vitest[24m/runner/dist/index.js:915:20

[90mstdout[2m | src/api/game/services/__tests__/action-engine.matrix.test.ts[2m > [22m[2mAction Engine Matrix (High-Volume Validation)[2m > [22m[2mDamage & Death Matrix[2m > [22m[2mCase: HP 5 - Dmg 49 -> Final: +0, Dead: true
[22m[39m[ActionEngine] Resolving command: ATTACK {
  actorId: [32m'killer-matrix'[39m,
  targetId: [32m'victim-matrix'[39m,
  weaponId: [32m'death-ray'[39m
}

[90mstderr[2m | src/api/game/services/__tests__/action-engine.matrix.test.ts[2m > [22m[2mAction Engine Matrix (High-Volume Validation)[2m > [22m[2mDamage & Death Matrix[2m > [22m[2mCase: HP 5 - Dmg 49 -> Final: +0, Dead: true
[22m[39m[ChunkManager] editVoxel: newType undefined and chunk not in cache for 0,0. Defaulting to 'dirt'.

[90mstderr[2m | src/api/game/services/__tests__/action-engine.matrix.test.ts[2m > [22m[2mAction Engine Matrix (High-Volume Validation)[2m > [22m[2mDamage & Death Matrix[2m > [22m[2mCase: HP 5 - Dmg 49 -> Final: +0, Dead: true
[22m[39m[ActionEngine] Death side-effects failed TypeError: Cannot read properties of undefined (reading 'query')
    at ChunkManager.editVoxel [90m(/Users/lg/lab/daicer/[39msrc/api/voxel-engine/services/chunk-manager.ts:217:21[90m)[39m
    at Object.resolveAttack [90m(/Users/lg/lab/daicer/[39msrc/api/game/services/action-engine.ts:461:20[90m)[39m
[90m    at processTicksAndRejections (node:internal/process/task_queues:105:5)[39m
    at Object.dispatch [90m(/Users/lg/lab/daicer/[39msrc/api/game/services/action-engine.ts:119:22[90m)[39m
    at [90m/Users/lg/lab/daicer/[39msrc/api/game/services/__tests__/action-engine.matrix.test.ts:147:33
    at [90mfile:///Users/lg/lab/daicer/[39mnode_modules/[4m@vitest[24m/runner/dist/index.js:915:20

[90mstdout[2m | src/api/game/services/__tests__/action-engine.matrix.test.ts[2m > [22m[2mAction Engine Matrix (High-Volume Validation)[2m > [22m[2mDamage & Death Matrix[2m > [22m[2mCase: HP 5 - Dmg 100 -> Final: +0, Dead: true
[22m[39m[ActionEngine] Resolving command: ATTACK {
  actorId: [32m'killer-matrix'[39m,
  targetId: [32m'victim-matrix'[39m,
  weaponId: [32m'death-ray'[39m
}

[90mstderr[2m | src/api/game/services/__tests__/action-engine.matrix.test.ts[2m > [22m[2mAction Engine Matrix (High-Volume Validation)[2m > [22m[2mDamage & Death Matrix[2m > [22m[2mCase: HP 5 - Dmg 100 -> Final: +0, Dead: true
[22m[39m[ChunkManager] editVoxel: newType undefined and chunk not in cache for 0,0. Defaulting to 'dirt'.

[90mstderr[2m | src/api/game/services/__tests__/action-engine.matrix.test.ts[2m > [22m[2mAction Engine Matrix (High-Volume Validation)[2m > [22m[2mDamage & Death Matrix[2m > [22m[2mCase: HP 5 - Dmg 100 -> Final: +0, Dead: true
[22m[39m[ActionEngine] Death side-effects failed TypeError: Cannot read properties of undefined (reading 'query')
    at ChunkManager.editVoxel [90m(/Users/lg/lab/daicer/[39msrc/api/voxel-engine/services/chunk-manager.ts:217:21[90m)[39m
    at Object.resolveAttack [90m(/Users/lg/lab/daicer/[39msrc/api/game/services/action-engine.ts:461:20[90m)[39m
[90m    at processTicksAndRejections (node:internal/process/task_queues:105:5)[39m
    at Object.dispatch [90m(/Users/lg/lab/daicer/[39msrc/api/game/services/action-engine.ts:119:22[90m)[39m
    at [90m/Users/lg/lab/daicer/[39msrc/api/game/services/__tests__/action-engine.matrix.test.ts:147:33
    at [90mfile:///Users/lg/lab/daicer/[39mnode_modules/[4m@vitest[24m/runner/dist/index.js:915:20

[90mstdout[2m | src/api/game/services/__tests__/action-engine.matrix.test.ts[2m > [22m[2mAction Engine Matrix (High-Volume Validation)[2m > [22m[2mDamage & Death Matrix[2m > [22m[2mCase: HP 10 - Dmg +0 -> Final: 10, Dead: false
[22m[39m[ActionEngine] Resolving command: ATTACK {
  actorId: [32m'killer-matrix'[39m,
  targetId: [32m'victim-matrix'[39m,
  weaponId: [32m'death-ray'[39m
}

[90mstdout[2m | src/api/game/services/__tests__/action-engine.matrix.test.ts[2m > [22m[2mAction Engine Matrix (High-Volume Validation)[2m > [22m[2mDamage & Death Matrix[2m > [22m[2mCase: HP 10 - Dmg 1 -> Final: 9, Dead: false
[22m[39m[ActionEngine] Resolving command: ATTACK {
  actorId: [32m'killer-matrix'[39m,
  targetId: [32m'victim-matrix'[39m,
  weaponId: [32m'death-ray'[39m
}

[90mstdout[2m | src/api/game/services/__tests__/action-engine.matrix.test.ts[2m > [22m[2mAction Engine Matrix (High-Volume Validation)[2m > [22m[2mDamage & Death Matrix[2m > [22m[2mCase: HP 10 - Dmg 4 -> Final: 6, Dead: false
[22m[39m[ActionEngine] Resolving command: ATTACK {
  actorId: [32m'killer-matrix'[39m,
  targetId: [32m'victim-matrix'[39m,
  weaponId: [32m'death-ray'[39m
}

 [32m✓[39m src/api/game/src/engine/rules/__tests__/dnd5e.test.ts [2m([22m[2m6 tests[22m[2m)[22m[32m 6[2mms[22m[39m
[90mstdout[2m | src/api/game/services/__tests__/action-engine.matrix.test.ts[2m > [22m[2mAction Engine Matrix (High-Volume Validation)[2m > [22m[2mDamage & Death Matrix[2m > [22m[2mCase: HP 10 - Dmg 5 -> Final: 5, Dead: false
[22m[39m[ActionEngine] Resolving command: ATTACK {
  actorId: [32m'killer-matrix'[39m,
  targetId: [32m'victim-matrix'[39m,
  weaponId: [32m'death-ray'[39m
}

[90mstdout[2m | src/api/game/services/__tests__/action-engine.matrix.test.ts[2m > [22m[2mAction Engine Matrix (High-Volume Validation)[2m > [22m[2mDamage & Death Matrix[2m > [22m[2mCase: HP 10 - Dmg 6 -> Final: 4, Dead: false
[22m[39m[ActionEngine] Resolving command: ATTACK {
  actorId: [32m'killer-matrix'[39m,
  targetId: [32m'victim-matrix'[39m,
  weaponId: [32m'death-ray'[39m
}

[90mstdout[2m | src/api/game/services/__tests__/action-engine.matrix.test.ts[2m > [22m[2mAction Engine Matrix (High-Volume Validation)[2m > [22m[2mDamage & Death Matrix[2m > [22m[2mCase: HP 10 - Dmg 10 -> Final: +0, Dead: true
[22m[39m[ActionEngine] Resolving command: ATTACK {
  actorId: [32m'killer-matrix'[39m,
  targetId: [32m'victim-matrix'[39m,
  weaponId: [32m'death-ray'[39m
}

[90mstderr[2m | src/api/game/services/__tests__/action-engine.matrix.test.ts[2m > [22m[2mAction Engine Matrix (High-Volume Validation)[2m > [22m[2mDamage & Death Matrix[2m > [22m[2mCase: HP 10 - Dmg 10 -> Final: +0, Dead: true
[22m[39m[ChunkManager] editVoxel: newType undefined and chunk not in cache for 0,0. Defaulting to 'dirt'.

[90mstderr[2m | src/api/game/services/__tests__/action-engine.matrix.test.ts[2m > [22m[2mAction Engine Matrix (High-Volume Validation)[2m > [22m[2mDamage & Death Matrix[2m > [22m[2mCase: HP 10 - Dmg 10 -> Final: +0, Dead: true
[22m[39m[ActionEngine] Death side-effects failed TypeError: Cannot read properties of undefined (reading 'query')
    at ChunkManager.editVoxel [90m(/Users/lg/lab/daicer/[39msrc/api/voxel-engine/services/chunk-manager.ts:217:21[90m)[39m
    at Object.resolveAttack [90m(/Users/lg/lab/daicer/[39msrc/api/game/services/action-engine.ts:461:20[90m)[39m
[90m    at processTicksAndRejections (node:internal/process/task_queues:105:5)[39m
    at Object.dispatch [90m(/Users/lg/lab/daicer/[39msrc/api/game/services/action-engine.ts:119:22[90m)[39m
    at [90m/Users/lg/lab/daicer/[39msrc/api/game/services/__tests__/action-engine.matrix.test.ts:147:33
    at [90mfile:///Users/lg/lab/daicer/[39mnode_modules/[4m@vitest[24m/runner/dist/index.js:915:20

[90mstdout[2m | src/api/game/services/__tests__/action-engine.matrix.test.ts[2m > [22m[2mAction Engine Matrix (High-Volume Validation)[2m > [22m[2mDamage & Death Matrix[2m > [22m[2mCase: HP 10 - Dmg 49 -> Final: +0, Dead: true
[22m[39m[ActionEngine] Resolving command: ATTACK {
  actorId: [32m'killer-matrix'[39m,
  targetId: [32m'victim-matrix'[39m,
  weaponId: [32m'death-ray'[39m
}

[90mstderr[2m | src/api/game/services/__tests__/action-engine.matrix.test.ts[2m > [22m[2mAction Engine Matrix (High-Volume Validation)[2m > [22m[2mDamage & Death Matrix[2m > [22m[2mCase: HP 10 - Dmg 49 -> Final: +0, Dead: true
[22m[39m[ChunkManager] editVoxel: newType undefined and chunk not in cache for 0,0. Defaulting to 'dirt'.

[90mstderr[2m | src/api/game/services/__tests__/action-engine.matrix.test.ts[2m > [22m[2mAction Engine Matrix (High-Volume Validation)[2m > [22m[2mDamage & Death Matrix[2m > [22m[2mCase: HP 10 - Dmg 49 -> Final: +0, Dead: true
[22m[39m[ActionEngine] Death side-effects failed TypeError: Cannot read properties of undefined (reading 'query')
    at ChunkManager.editVoxel [90m(/Users/lg/lab/daicer/[39msrc/api/voxel-engine/services/chunk-manager.ts:217:21[90m)[39m
    at Object.resolveAttack [90m(/Users/lg/lab/daicer/[39msrc/api/game/services/action-engine.ts:461:20[90m)[39m
[90m    at processTicksAndRejections (node:internal/process/task_queues:105:5)[39m
    at Object.dispatch [90m(/Users/lg/lab/daicer/[39msrc/api/game/services/action-engine.ts:119:22[90m)[39m
    at [90m/Users/lg/lab/daicer/[39msrc/api/game/services/__tests__/action-engine.matrix.test.ts:147:33
    at [90mfile:///Users/lg/lab/daicer/[39mnode_modules/[4m@vitest[24m/runner/dist/index.js:915:20

[90mstdout[2m | src/api/game/services/__tests__/action-engine.matrix.test.ts[2m > [22m[2mAction Engine Matrix (High-Volume Validation)[2m > [22m[2mDamage & Death Matrix[2m > [22m[2mCase: HP 10 - Dmg 100 -> Final: +0, Dead: true
[22m[39m[ActionEngine] Resolving command: ATTACK {
  actorId: [32m'killer-matrix'[39m,
  targetId: [32m'victim-matrix'[39m,
  weaponId: [32m'death-ray'[39m
}

[90mstderr[2m | src/api/game/services/__tests__/action-engine.matrix.test.ts[2m > [22m[2mAction Engine Matrix (High-Volume Validation)[2m > [22m[2mDamage & Death Matrix[2m > [22m[2mCase: HP 10 - Dmg 100 -> Final: +0, Dead: true
[22m[39m[ChunkManager] editVoxel: newType undefined and chunk not in cache for 0,0. Defaulting to 'dirt'.

[90mstderr[2m | src/api/game/services/__tests__/action-engine.matrix.test.ts[2m > [22m[2mAction Engine Matrix (High-Volume Validation)[2m > [22m[2mDamage & Death Matrix[2m > [22m[2mCase: HP 10 - Dmg 100 -> Final: +0, Dead: true
[22m[39m[ActionEngine] Death side-effects failed TypeError: Cannot read properties of undefined (reading 'query')
    at ChunkManager.editVoxel [90m(/Users/lg/lab/daicer/[39msrc/api/voxel-engine/services/chunk-manager.ts:217:21[90m)[39m
    at Object.resolveAttack [90m(/Users/lg/lab/daicer/[39msrc/api/game/services/action-engine.ts:461:20[90m)[39m
[90m    at processTicksAndRejections (node:internal/process/task_queues:105:5)[39m
    at Object.dispatch [90m(/Users/lg/lab/daicer/[39msrc/api/game/services/action-engine.ts:119:22[90m)[39m
    at [90m/Users/lg/lab/daicer/[39msrc/api/game/services/__tests__/action-engine.matrix.test.ts:147:33
    at [90mfile:///Users/lg/lab/daicer/[39mnode_modules/[4m@vitest[24m/runner/dist/index.js:915:20

[90mstdout[2m | src/api/game/services/__tests__/action-engine.matrix.test.ts[2m > [22m[2mAction Engine Matrix (High-Volume Validation)[2m > [22m[2mDamage & Death Matrix[2m > [22m[2mCase: HP 50 - Dmg +0 -> Final: 50, Dead: false
[22m[39m[ActionEngine] Resolving command: ATTACK {
  actorId: [32m'killer-matrix'[39m,
  targetId: [32m'victim-matrix'[39m,
  weaponId: [32m'death-ray'[39m
}

[90mstdout[2m | src/api/game/services/__tests__/action-engine.matrix.test.ts[2m > [22m[2mAction Engine Matrix (High-Volume Validation)[2m > [22m[2mDamage & Death Matrix[2m > [22m[2mCase: HP 50 - Dmg 1 -> Final: 49, Dead: false
[22m[39m[ActionEngine] Resolving command: ATTACK {
  actorId: [32m'killer-matrix'[39m,
  targetId: [32m'victim-matrix'[39m,
  weaponId: [32m'death-ray'[39m
}

[90mstdout[2m | src/api/game/services/__tests__/action-engine.matrix.test.ts[2m > [22m[2mAction Engine Matrix (High-Volume Validation)[2m > [22m[2mDamage & Death Matrix[2m > [22m[2mCase: HP 50 - Dmg 4 -> Final: 46, Dead: false
[22m[39m[ActionEngine] Resolving command: ATTACK {
  actorId: [32m'killer-matrix'[39m,
  targetId: [32m'victim-matrix'[39m,
  weaponId: [32m'death-ray'[39m
}

 [32m✓[39m src/lifecycle/graphql/__tests__/graphql-game-interaction.test.ts [2m([22m[2m31 tests[22m[2m)[22m[32m 71[2mms[22m[39m
[90mstdout[2m | src/api/game/services/__tests__/action-engine.matrix.test.ts[2m > [22m[2mAction Engine Matrix (High-Volume Validation)[2m > [22m[2mDamage & Death Matrix[2m > [22m[2mCase: HP 50 - Dmg 5 -> Final: 45, Dead: false
[22m[39m[ActionEngine] Resolving command: ATTACK {
  actorId: [32m'killer-matrix'[39m,
  targetId: [32m'victim-matrix'[39m,
  weaponId: [32m'death-ray'[39m
}

 [32m✓[39m src/plugins/map-explorer/admin/src/components/PixelForge/__tests__/PixelForge.test.tsx [2m([22m[2m2 tests[22m[2m)[22m[33m 1309[2mms[22m[39m
     [33m[2m✓[22m[39m should render and load prompt from entity data [33m 788[2mms[22m[39m
     [33m[2m✓[22m[39m should call dispatch on generate [33m 519[2mms[22m[39m
[90mstdout[2m | src/api/game/services/__tests__/action-engine.matrix.test.ts[2m > [22m[2mAction Engine Matrix (High-Volume Validation)[2m > [22m[2mDamage & Death Matrix[2m > [22m[2mCase: HP 50 - Dmg 6 -> Final: 44, Dead: false
[22m[39m[ActionEngine] Resolving command: ATTACK {
  actorId: [32m'killer-matrix'[39m,
  targetId: [32m'victim-matrix'[39m,
  weaponId: [32m'death-ray'[39m
}

 [32m✓[39m src/api/game/services/__tests__/turn-pipeline.test.ts [2m([22m[2m2 tests[22m[2m)[22m[32m 18[2mms[22m[39m
[90mstdout[2m | src/api/game/services/__tests__/action-engine.matrix.test.ts[2m > [22m[2mAction Engine Matrix (High-Volume Validation)[2m > [22m[2mDamage & Death Matrix[2m > [22m[2mCase: HP 50 - Dmg 10 -> Final: 40, Dead: false
[22m[39m[ActionEngine] Resolving command: ATTACK {
  actorId: [32m'killer-matrix'[39m,
  targetId: [32m'victim-matrix'[39m,
  weaponId: [32m'death-ray'[39m
}

[90mstdout[2m | src/api/game/services/__tests__/action-engine.matrix.test.ts[2m > [22m[2mAction Engine Matrix (High-Volume Validation)[2m > [22m[2mDamage & Death Matrix[2m > [22m[2mCase: HP 50 - Dmg 49 -> Final: 1, Dead: false
[22m[39m[ActionEngine] Resolving command: ATTACK {
  actorId: [32m'killer-matrix'[39m,
  targetId: [32m'victim-matrix'[39m,
  weaponId: [32m'death-ray'[39m
}

[90mstdout[2m | src/api/game/services/__tests__/action-engine.matrix.test.ts[2m > [22m[2mAction Engine Matrix (High-Volume Validation)[2m > [22m[2mDamage & Death Matrix[2m > [22m[2mCase: HP 50 - Dmg 100 -> Final: +0, Dead: true
[22m[39m[ActionEngine] Resolving command: ATTACK {
  actorId: [32m'killer-matrix'[39m,
  targetId: [32m'victim-matrix'[39m,
  weaponId: [32m'death-ray'[39m
}

[90mstderr[2m | src/api/game/services/__tests__/action-engine.matrix.test.ts[2m > [22m[2mAction Engine Matrix (High-Volume Validation)[2m > [22m[2mDamage & Death Matrix[2m > [22m[2mCase: HP 50 - Dmg 100 -> Final: +0, Dead: true
[22m[39m[ChunkManager] editVoxel: newType undefined and chunk not in cache for 0,0. Defaulting to 'dirt'.

[90mstderr[2m | src/api/game/services/__tests__/action-engine.matrix.test.ts[2m > [22m[2mAction Engine Matrix (High-Volume Validation)[2m > [22m[2mDamage & Death Matrix[2m > [22m[2mCase: HP 50 - Dmg 100 -> Final: +0, Dead: true
[22m[39m[ActionEngine] Death side-effects failed TypeError: Cannot read properties of undefined (reading 'query')
    at ChunkManager.editVoxel [90m(/Users/lg/lab/daicer/[39msrc/api/voxel-engine/services/chunk-manager.ts:217:21[90m)[39m
    at Object.resolveAttack [90m(/Users/lg/lab/daicer/[39msrc/api/game/services/action-engine.ts:461:20[90m)[39m
[90m    at processTicksAndRejections (node:internal/process/task_queues:105:5)[39m
    at Object.dispatch [90m(/Users/lg/lab/daicer/[39msrc/api/game/services/action-engine.ts:119:22[90m)[39m
    at [90m/Users/lg/lab/daicer/[39msrc/api/game/services/__tests__/action-engine.matrix.test.ts:147:33
    at [90mfile:///Users/lg/lab/daicer/[39mnode_modules/[4m@vitest[24m/runner/dist/index.js:915:20

[90mstdout[2m | src/api/game/services/__tests__/action-engine.matrix.test.ts[2m > [22m[2mAction Engine Matrix (High-Volume Validation)[2m > [22m[2mMovement Matrix[2m > [22m[2mCase: Distance 0 vs Speed 30
[22m[39m[ActionEngine] Resolving command: MOVE {
  actorId: [32m'runner'[39m,
  targetPosition: { x: [33m0[39m, y: [33m0[39m, z: [33m0[39m },
  mode: [32m'walk'[39m
}

 [32m✓[39m src/api/game/services/__tests__/regression.spec.ts [2m([22m[2m1 test[22m[2m)[22m[32m 8[2mms[22m[39m
[90mstdout[2m | src/api/game/services/__tests__/action-engine.matrix.test.ts[2m > [22m[2mAction Engine Matrix (High-Volume Validation)[2m > [22m[2mMovement Matrix[2m > [22m[2mCase: Distance 10 vs Speed 30
[22m[39m[ActionEngine] Resolving command: MOVE {
  actorId: [32m'runner'[39m,
  targetPosition: { x: [33m10[39m, y: [33m0[39m, z: [33m0[39m },
  mode: [32m'walk'[39m
}

[90mstdout[2m | src/api/game/services/__tests__/action-engine.matrix.test.ts[2m > [22m[2mAction Engine Matrix (High-Volume Validation)[2m > [22m[2mMovement Matrix[2m > [22m[2mCase: Distance 20 vs Speed 30
[22m[39m[ActionEngine] Resolving command: MOVE {
  actorId: [32m'runner'[39m,
  targetPosition: { x: [33m20[39m, y: [33m0[39m, z: [33m0[39m },
  mode: [32m'walk'[39m
}

[90mstdout[2m | src/api/game/services/__tests__/action-engine.matrix.test.ts[2m > [22m[2mAction Engine Matrix (High-Volume Validation)[2m > [22m[2mMovement Matrix[2m > [22m[2mCase: Distance 30 vs Speed 30
[22m[39m[ActionEngine] Resolving command: MOVE {
  actorId: [32m'runner'[39m,
  targetPosition: { x: [33m30[39m, y: [33m0[39m, z: [33m0[39m },
  mode: [32m'walk'[39m
}

[90mstdout[2m | src/api/game/services/__tests__/action-engine.matrix.test.ts[2m > [22m[2mAction Engine Matrix (High-Volume Validation)[2m > [22m[2mMovement Matrix[2m > [22m[2mCase: Distance 35 vs Speed 30
[22m[39m[ActionEngine] Resolving command: MOVE {
  actorId: [32m'runner'[39m,
  targetPosition: { x: [33m35[39m, y: [33m0[39m, z: [33m0[39m },
  mode: [32m'walk'[39m
}

[90mstdout[2m | src/api/game/services/__tests__/action-engine.matrix.test.ts[2m > [22m[2mAction Engine Matrix (High-Volume Validation)[2m > [22m[2mMovement Matrix[2m > [22m[2mCase: Distance 60 vs Speed 30
[22m[39m[ActionEngine] Resolving command: MOVE {
  actorId: [32m'runner'[39m,
  targetPosition: { x: [33m60[39m, y: [33m0[39m, z: [33m0[39m },
  mode: [32m'walk'[39m
}

 [32m✓[39m src/api/game/services/__tests__/action-engine.matrix.test.ts [2m([22m[2m254 tests[22m[2m)[22m[33m 1069[2mms[22m[39m
 [32m✓[39m src/api/narrator/services/__tests__/narrator-cognition.test.ts [2m([22m[2m4 tests[22m[2m)[22m[32m 11[2mms[22m[39m
 [32m✓[39m src/api/game/src/engine/derivation/__tests__/attributes.test.ts [2m([22m[2m1 test[22m[2m)[22m[32m 3[2mms[22m[39m
 [32m✓[39m src/api/game/services/__tests__/time-machine.test.ts [2m([22m[2m5 tests[22m[2m)[22m[32m 24[2mms[22m[39m
 [32m✓[39m src/api/game/controllers/__tests__/god-mode-controller.test.ts [2m([22m[2m3 tests[22m[2m)[22m[32m 6[2mms[22m[39m
 [32m✓[39m src/utils/__tests__/upload.test.ts [2m([22m[2m3 tests[22m[2m)[22m[32m 18[2mms[22m[39m
 [32m✓[39m src/api/game/services/__tests__/inventory-constraints.test.ts [2m([22m[2m6 tests[22m[2m)[22m[32m 11[2mms[22m[39m
 [32m✓[39m src/plugins/map-explorer/server/src/services/__tests__/pixel-forge.verification.test.ts [2m([22m[2m3 tests[22m[2m)[22m[32m 23[2mms[22m[39m
 [32m✓[39m src/plugins/map-explorer/server/src/services/__tests__/queue-service.test.ts [2m([22m[2m4 tests[22m[2m)[22m[32m 5[2mms[22m[39m
 [32m✓[39m src/api/game/src/engine/derivation/__tests__/comprehensive_rules.test.ts [2m([22m[2m33 tests[22m[2m)[22m[32m 19[2mms[22m[39m
 [32m✓[39m src/api/game/controllers/__tests__/locales-controller.test.ts [2m([22m[2m2 tests[22m[2m)[22m[32m 6[2mms[22m[39m
 [32m✓[39m src/api/game/src/engine/rules/spatial.test.ts [2m([22m[2m7 tests[22m[2m)[22m[32m 9[2mms[22m[39m
 [32m✓[39m src/api/game/src/engine/voxel/__tests__/terrain-generator.test.ts [2m([22m[2m6 tests[22m[2m)[22m[32m 32[2mms[22m[39m
 [32m✓[39m src/lifecycle/graphql/__tests__/e2e-tactician.test.ts [2m([22m[2m2 tests[22m[2m)[22m[32m 10[2mms[22m[39m
 [32m✓[39m src/lifecycle/graphql/__tests__/graphql-queries.test.ts [2m([22m[2m12 tests[22m[2m)[22m[32m 19[2mms[22m[39m
[90mstdout[2m | src/api/game/services/__tests__/combat-movement.test.ts[2m > [22m[2mCombat & Movement Mechanics (Stateful)[2m > [22m[2mMovement Mechanics[2m > [22m[2mshould persist position update after successful move
[22m[39m[ActionEngine] Resolving command: MOVE {
  actorId: [32m'hero-1'[39m,
  targetPosition: { x: [33m5[39m, y: [33m0[39m, z: [33m0[39m },
  mode: [32m'walk'[39m
}

[90mstdout[2m | src/api/game/services/__tests__/combat-movement.test.ts[2m > [22m[2mCombat & Movement Mechanics (Stateful)[2m > [22m[2mMovement Mechanics[2m > [22m[2mshould fail if pathfinding returns empty path (Obstacle)
[22m[39m[ActionEngine] Resolving command: MOVE {
  actorId: [32m'hero-blocked'[39m,
  targetPosition: { x: [33m10[39m, y: [33m0[39m, z: [33m0[39m },
  mode: [32m'walk'[39m
}

[90mstdout[2m | src/api/game/services/__tests__/combat-movement.test.ts[2m > [22m[2mCombat & Movement Mechanics (Stateful)[2m > [22m[2mCombat Interaction[2m > [22m[2mshould apply damage and reduce HP on hit
[22m[39m[ActionEngine] Resolving command: ATTACK {
  actorId: [32m'attacker-1'[39m,
  targetId: [32m'victim-1'[39m,
  weaponId: [32m'sword-attack'[39m
}

[90mstdout[2m | src/api/game/services/__tests__/combat-movement.test.ts[2m > [22m[2mCombat & Movement Mechanics (Stateful)[2m > [22m[2mCombat Interaction[2m > [22m[2mshould trigger death event when HP reaches 0
[22m[39m[ActionEngine] Resolving command: ATTACK { actorId: [32m'attacker-1'[39m, targetId: [32m'victim-low'[39m, weaponId: [32m'punch'[39m }

[90mstderr[2m | src/api/game/services/__tests__/combat-movement.test.ts[2m > [22m[2mCombat & Movement Mechanics (Stateful)[2m > [22m[2mCombat Interaction[2m > [22m[2mshould trigger death event when HP reaches 0
[22m[39m[ChunkManager] editVoxel: newType undefined and chunk not in cache for 0,0. Defaulting to 'dirt'.

[90mstderr[2m | src/api/game/services/__tests__/combat-movement.test.ts[2m > [22m[2mCombat & Movement Mechanics (Stateful)[2m > [22m[2mCombat Interaction[2m > [22m[2mshould trigger death event when HP reaches 0
[22m[39m[ActionEngine] Death side-effects failed TypeError: Cannot read properties of undefined (reading 'query')
    at ChunkManager.editVoxel [90m(/Users/lg/lab/daicer/[39msrc/api/voxel-engine/services/chunk-manager.ts:217:21[90m)[39m
    at Object.resolveAttack [90m(/Users/lg/lab/daicer/[39msrc/api/game/services/action-engine.ts:461:20[90m)[39m
[90m    at processTicksAndRejections (node:internal/process/task_queues:105:5)[39m
    at Object.dispatch [90m(/Users/lg/lab/daicer/[39msrc/api/game/services/action-engine.ts:119:22[90m)[39m
    at [90m/Users/lg/lab/daicer/[39msrc/api/game/services/__tests__/combat-movement.test.ts:186:25
    at [90mfile:///Users/lg/lab/daicer/[39mnode_modules/[4m@vitest[24m/runner/dist/index.js:915:20

 [32m✓[39m src/api/game/services/__tests__/combat-movement.test.ts [2m([22m[2m4 tests[22m[2m)[22m[32m 34[2mms[22m[39m
[90mstdout[2m | src/api/game/services/__tests__/action-engine.test.ts[2m > [22m[2mAction Engine Service (Unified)[2m > [22m[2mMove Command[2m > [22m[2mshould return diffs without persisting in dryRun mode
[22m[39m[ActionEngine] Resolving command: MOVE {
  actorId: [32m'actor-1'[39m,
  targetPosition: { x: [33m3[39m, y: [33m0[39m, z: [33m0[39m },
  mode: [32m'walk'[39m
}

[90mstdout[2m | src/api/game/services/__tests__/action-engine.test.ts[2m > [22m[2mAction Engine Service (Unified)[2m > [22m[2mAttack Command[2m > [22m[2mshould use computedActions and resolve damage
[22m[39m[ActionEngine] Resolving command: ATTACK { actorId: [32m'actor-1'[39m, targetId: [32m'target-1'[39m, weaponId: [32m'Longsword'[39m }

 [32m✓[39m src/api/game/services/__tests__/action-engine.test.ts [2m([22m[2m2 tests[22m[2m)[22m[32m 15[2mms[22m[39m
 [32m✓[39m src/api/game/src/engine/rules/__tests__/spatial.test.ts [2m([22m[2m9 tests[22m[2m)[22m[32m 13[2mms[22m[39m
 [32m✓[39m src/api/game/src/engine/__tests__/loot-mechanics.test.ts [2m([22m[2m3 tests[22m[2m)[22m[32m 8[2mms[22m[39m
 [32m✓[39m src/api/game/src/engine/voxel/utils/__tests__/math.test.ts [2m([22m[2m5 tests[22m[2m)[22m[32m 6[2mms[22m[39m
 [32m✓[39m src/api/room/services/__tests__/room-service.test.ts [2m([22m[2m3 tests[22m[2m)[22m[32m 5[2mms[22m[39m
[90mstdout[2m | src/api/game/services/__tests__/spawn-granularity.test.ts[2m > [22m[2mSpawn Service Granularity[2m > [22m[2mshould spawn character with stats { str: 10, dex: 10, con: 10, expectedHp: 8 }
[22m[39m[SpawnService] Found Room: room-1 (Name: Unknown)
[SpawnService] Creating EntitySheet for character: Hero in room: room-1

[90mstdout[2m | src/api/game/services/__tests__/spawn-granularity.test.ts[2m > [22m[2mSpawn Service Granularity[2m > [22m[2mshould spawn character with stats { str: 18, dex: 14, con: 14, expectedHp: 10 }
[22m[39m[SpawnService] Found Room: room-1 (Name: Unknown)
[SpawnService] Creating EntitySheet for character: Hero in room: room-1

[90mstdout[2m | src/api/game/services/__tests__/spawn-granularity.test.ts[2m > [22m[2mSpawn Service Granularity[2m > [22m[2mshould spawn character with stats { str: 8, dex: 8, con: 8, expectedHp: 7 }
[22m[39m[SpawnService] Found Room: room-1 (Name: Unknown)
[SpawnService] Creating EntitySheet for character: Hero in room: room-1

[90mstdout[2m | src/api/game/services/__tests__/spawn-granularity.test.ts[2m > [22m[2mSpawn Service Granularity[2m > [22m[2mshould handle missing { field: 'classes', val: null } gracefully
[22m[39m[SpawnService] Found Room: room-1 (Name: Unknown)
[SpawnService] Creating EntitySheet for character: Hero in room: room-1

 [32m✓[39m src/api/agent/services/__tests__/environment-tools.test.ts [2m([22m[2m7 tests[22m[2m)[22m[32m 55[2mms[22m[39m
[90mstdout[2m | src/api/game/services/__tests__/spawn-granularity.test.ts[2m > [22m[2mSpawn Service Granularity[2m > [22m[2mshould handle missing { field: 'race', val: null } gracefully
[22m[39m[SpawnService] Found Room: room-1 (Name: Unknown)
[SpawnService] Creating EntitySheet for character: Hero in room: room-1

 [32m✓[39m src/api/game/src/engine/derivation/__tests__/defenses.test.ts [2m([22m[2m8 tests[22m[2m)[22m[32m 11[2mms[22m[39m
[90mstdout[2m | src/api/game/services/__tests__/spawn-granularity.test.ts[2m > [22m[2mSpawn Service Granularity[2m > [22m[2mshould handle missing { field: 'stats', val: null } gracefully
[22m[39m[SpawnService] Found Room: room-1 (Name: Unknown)
[SpawnService] Creating EntitySheet for character: Hero in room: room-1

[90mstdout[2m | src/api/game/services/__tests__/spawn-granularity.test.ts[2m > [22m[2mSpawn Service Granularity[2m > [22m[2mshould handle missing { field: 'classes.0.class.hit_die', val: null } gracefully
[22m[39m[SpawnService] Found Room: room-1 (Name: Unknown)
[SpawnService] Creating EntitySheet for character: Hero in room: room-1

 [32m✓[39m src/api/game/src/engine/compilation/__tests__/Compilers.test.ts [2m([22m[2m15 tests[22m[2m)[22m[32m 24[2mms[22m[39m
[90mstdout[2m | src/api/game/services/__tests__/spawn-granularity.test.ts[2m > [22m[2mSpawn Service Granularity[2m > [22m[2mshould spawn at { x: +0, y: +0, z: +0 }
[22m[39m[SpawnService] Found Room for Monster Spawn: room-1 (Name: undefined, Locale: undefined)

[90mstdout[2m | src/api/game/services/__tests__/spawn-granularity.test.ts[2m > [22m[2mSpawn Service Granularity[2m > [22m[2mshould spawn at { x: +0, y: +0, z: +0 }
[22m[39m[SpawnService] Creating EntitySheet... Room ID: room-1
[SpawnService] Mapped Actions IDs: []

[90mstdout[2m | src/api/game/services/__tests__/spawn-granularity.test.ts[2m > [22m[2mSpawn Service Granularity[2m > [22m[2mshould spawn at { x: +0, y: +0, z: +0 }
[22m[39m[SpawnService] EntitySheet Created: new-doc

[90mstdout[2m | src/api/game/services/__tests__/spawn-granularity.test.ts[2m > [22m[2mSpawn Service Granularity[2m > [22m[2mshould spawn at { x: 10, y: 10, z: +0 }
[22m[39m[SpawnService] Found Room for Monster Spawn: room-1 (Name: undefined, Locale: undefined)

[90mstdout[2m | src/api/game/services/__tests__/spawn-granularity.test.ts[2m > [22m[2mSpawn Service Granularity[2m > [22m[2mshould spawn at { x: 10, y: 10, z: +0 }
[22m[39m[SpawnService] Creating EntitySheet... Room ID: room-1
[SpawnService] Mapped Actions IDs: []

[90mstdout[2m | src/api/game/services/__tests__/spawn-granularity.test.ts[2m > [22m[2mSpawn Service Granularity[2m > [22m[2mshould spawn at { x: 10, y: 10, z: +0 }
[22m[39m[SpawnService] EntitySheet Created: new-doc

[90mstdout[2m | src/api/game/services/__tests__/spawn-granularity.test.ts[2m > [22m[2mSpawn Service Granularity[2m > [22m[2mshould spawn at { x: -5, y: -5, z: 1 }
[22m[39m[SpawnService] Found Room for Monster Spawn: room-1 (Name: undefined, Locale: undefined)

[90mstdout[2m | src/api/game/services/__tests__/spawn-granularity.test.ts[2m > [22m[2mSpawn Service Granularity[2m > [22m[2mshould spawn at { x: -5, y: -5, z: 1 }
[22m[39m[SpawnService] Creating EntitySheet... Room ID: room-1
[SpawnService] Mapped Actions IDs: []

[90mstdout[2m | src/api/game/services/__tests__/spawn-granularity.test.ts[2m > [22m[2mSpawn Service Granularity[2m > [22m[2mshould spawn at { x: -5, y: -5, z: 1 }
[22m[39m[SpawnService] EntitySheet Created: new-doc

[90mstdout[2m | src/api/game/services/__tests__/spawn-granularity.test.ts[2m > [22m[2mSpawn Service Granularity[2m > [22m[2mshould spawn at { x: 100, y: 100, z: 2 }
[22m[39m[SpawnService] Found Room for Monster Spawn: room-1 (Name: undefined, Locale: undefined)

[90mstdout[2m | src/api/game/services/__tests__/spawn-granularity.test.ts[2m > [22m[2mSpawn Service Granularity[2m > [22m[2mshould spawn at { x: 100, y: 100, z: 2 }
[22m[39m[SpawnService] Creating EntitySheet... Room ID: room-1
[SpawnService] Mapped Actions IDs: []

[90mstdout[2m | src/api/game/services/__tests__/spawn-granularity.test.ts[2m > [22m[2mSpawn Service Granularity[2m > [22m[2mshould spawn at { x: 100, y: 100, z: 2 }
[22m[39m[SpawnService] EntitySheet Created: new-doc

 [32m✓[39m src/api/game/services/__tests__/spawn-granularity.test.ts [2m([22m[2m11 tests[22m[2m)[22m[32m 114[2mms[22m[39m
 [32m✓[39m src/api/game/services/__tests__/terrain-feature-service.test.ts [2m([22m[2m2 tests[22m[2m)[22m[32m 7[2mms[22m[39m
 [32m✓[39m src/api/game/services/__tests__/translation.test.ts [2m([22m[2m8 tests[22m[2m)[22m[32m 5[2mms[22m[39m
 [32m✓[39m src/api/voxel-engine/services/__tests__/chunk-persistence.test.ts [2m([22m[2m2 tests[22m[2m)[22m[32m 8[2mms[22m[39m
 [32m✓[39m src/api/game/services/__tests__/black-box-mutation.test.ts [2m([22m[2m1 test[22m[2m)[22m[32m 11[2mms[22m[39m
 [32m✓[39m src/plugins/map-explorer/server/src/services/__tests__/gemini-service.test.ts [2m([22m[2m11 tests[22m[2m)[22m[32m 5[2mms[22m[39m
 [32m✓[39m src/api/voxel-engine/src/utils/__tests__/math.test.ts [2m([22m[2m8 tests[22m[2m)[22m[32m 8[2mms[22m[39m
 [32m✓[39m src/api/agent/services/__tests__/tool-registry.test.ts [2m([22m[2m3 tests[22m[2m)[22m[32m 16[2mms[22m[39m
[90mstdout[2m | src/api/game/services/__tests__/spawn-service.test.ts[2m > [22m[2mSpawn Service[2m > [22m[2mspawnMonster[2m > [22m[2mshould spawn monster and map actions component
[22m[39m[SpawnService] Found Room for Monster Spawn: room-1 (Name: Room, Locale: undefined)

[90mstdout[2m | src/api/game/services/__tests__/spawn-service.test.ts[2m > [22m[2mSpawn Service[2m > [22m[2mspawnMonster[2m > [22m[2mshould spawn monster and map actions component
[22m[39m[SpawnService] Creating EntitySheet... Room ID: room-1
[SpawnService] Mapped Actions IDs: ["action-1"]

[90mstdout[2m | src/api/game/services/__tests__/spawn-service.test.ts[2m > [22m[2mSpawn Service[2m > [22m[2mspawnMonster[2m > [22m[2mshould spawn monster and map actions component
[22m[39m[SpawnService] EntitySheet Created: sheet-1

 [32m✓[39m src/api/game/services/__tests__/tool-integration.test.ts [2m([22m[2m4 tests[22m[2m)[22m[32m 8[2mms[22m[39m
[90mstdout[2m | src/api/game/services/__tests__/spawn-service.test.ts[2m > [22m[2mSpawn Service[2m > [22m[2mspawnMonster[2m > [22m[2mshould throw on collision
[22m[39m[SpawnService] Found Room for Monster Spawn: room-1 (Name: undefined, Locale: undefined)

[90mstdout[2m | src/api/game/services/__tests__/spawn-service.test.ts[2m > [22m[2mSpawn Service[2m > [22m[2mspawnCharacter[2m > [22m[2mshould derive stats and populate new fields
[22m[39m[SpawnService] Found Room: room-1 (Name: Unknown)
[SpawnService] Creating EntitySheet for character: Hero in room: room-1

 [32m✓[39m src/api/game/services/__tests__/spawn-service.test.ts [2m([22m[2m3 tests[22m[2m)[22m[32m 10[2mms[22m[39m
 [32m✓[39m src/utils/__tests__/dev-logger.test.ts [2m([22m[2m3 tests[22m[2m)[22m[32m 9[2mms[22m[39m
 [32m✓[39m src/api/game/src/engine/rules/__tests__/dice.test.ts [2m([22m[2m7 tests[22m[2m)[22m[32m 4[2mms[22m[39m
 [32m✓[39m src/api/narrator/services/__tests__/narrator-integration.test.ts [2m([22m[2m8 tests[22m[2m)[22m[32m 37[2mms[22m[39m
 [32m✓[39m src/lifecycle/graphql/__tests__/e2e-player.test.ts [2m([22m[2m2 tests[22m[2m)[22m[32m 6[2mms[22m[39m
 [32m✓[39m src/utils/__tests__/room-code.test.ts [2m([22m[2m9 tests[22m[2m)[22m[32m 6[2mms[22m[39m
 [32m✓[39m src/utils/__tests__/prompt.test.ts [2m([22m[2m6 tests[22m[2m)[22m[32m 6[2mms[22m[39m
 [32m✓[39m src/api/game/src/engine/mechanics/damage/__tests__/DamageInstance.test.ts [2m([22m[2m5 tests[22m[2m)[22m[32m 3[2mms[22m[39m
 [32m✓[39m src/api/knowledge-source/__tests__/lifecycles.test.ts [2m([22m[2m2 tests[22m[2m)[22m[32m 2[2mms[22m[39m
 [32m✓[39m src/shared/utils/__tests__/room-rune-generator.test.ts [2m([22m[2m7 tests[22m[2m)[22m[32m 5[2mms[22m[39m
 [32m✓[39m src/lifecycle/graphql/__tests__/tool-generator.test.ts [2m([22m[2m4 tests[22m[2m)[22m[32m 10[2mms[22m[39m
 [32m✓[39m src/plugins/map-explorer/server/src/controllers/__tests__/forge-controller.test.ts [2m([22m[2m4 tests[22m[2m)[22m[32m 18[2mms[22m[39m
 [32m✓[39m src/plugins/map-explorer/server/src/utils/__tests__/compositor.test.ts [2m([22m[2m8 tests[22m[2m)[22m[32m 10[2mms[22m[39m
 [32m✓[39m src/api/game/src/engine/derivation/__tests__/derivation.test.ts [2m([22m[2m10 tests[22m[2m)[22m[32m 7[2mms[22m[39m
 [32m✓[39m src/api/game/services/__tests__/inventory-service.test.ts [2m([22m[2m4 tests[22m[2m)[22m[32m 6[2mms[22m[39m
 [32m✓[39m src/plugins/map-explorer/server/src/controllers/__tests__/texture-generation.test.ts [2m([22m[2m7 tests[22m[2m)[22m[32m 10[2mms[22m[39m
 [32m✓[39m src/api/game/src/engine/derivation/__tests__/ActionHydrator.test.ts [2m([22m[2m6 tests[22m[2m)[22m[32m 4[2mms[22m[39m
 [32m✓[39m src/api/game/src/engine/core/__tests__/deterministic-turn-processor.test.ts [2m([22m[2m4 tests[22m[2m)[22m[32m 10[2mms[22m[39m
 [32m✓[39m src/plugins/map-explorer/admin/src/utils/__tests__/render-engine.test.ts [2m([22m[2m3 tests[22m[2m)[22m[32m 8[2mms[22m[39m
 [32m✓[39m src/api/game/services/__tests__/lock-service.test.ts [2m([22m[2m3 tests[22m[2m)[22m[32m 7[2mms[22m[39m
 [32m✓[39m src/api/game/services/__tests__/translation.robust.test.ts [2m([22m[2m8 tests[22m[2m)[22m[32m 3[2mms[22m[39m
 [32m✓[39m src/api/game/src/engine/__tests__/item-polymorphism.test.ts [2m([22m[2m1 test[22m[2m)[22m[32m 4[2mms[22m[39m
 [32m✓[39m src/queues/__tests__/resource-guard.test.ts [2m([22m[2m5 tests[22m[2m)[22m[32m 10[2mms[22m[39m
[90mstdout[2m | src/api/game/services/__tests__/item-interaction.test.ts[2m > [22m[2mActionEngine Item Interactions[2m > [22m[2mshould handle DROP_ITEM command
[22m[39m[ActionEngine] Resolving command: DROP_ITEM { actorId: [32m'actor-1'[39m, itemComponentId: [32m'comp-1'[39m }

[90mstdout[2m | src/api/game/services/__tests__/item-interaction.test.ts[2m > [22m[2mActionEngine Item Interactions[2m > [22m[2mshould handle PICKUP_ITEM command
[22m[39m[ActionEngine] Resolving command: PICKUP_ITEM { actorId: [32m'actor-1'[39m, targetId: [32m'loot-1'[39m }

[90mstdout[2m | src/api/game/services/__tests__/item-interaction.test.ts[2m > [22m[2mActionEngine Item Interactions[2m > [22m[2mshould handle THROW_ITEM at a location
[22m[39m[ActionEngine] Resolving command: THROW_ITEM {
  actorId: [32m'actor-1'[39m,
  itemComponentId: [32m'comp-1'[39m,
  targetPosition: { x: [33m10[39m, y: [33m10[39m, z: [33m0[39m }
}

 [32m✓[39m src/api/game/services/__tests__/item-interaction.test.ts [2m([22m[2m3 tests[22m[2m)[22m[32m 9[2mms[22m[39m
 [32m✓[39m src/utils/__tests__/entity-geometry.test.ts [2m([22m[2m17 tests[22m[2m)[22m[32m 6[2mms[22m[39m
 [32m✓[39m src/api/game/src/engine/input/__tests__/ActionParser.test.ts [2m([22m[2m4 tests[22m[2m)[22m[32m 53[2mms[22m[39m
 [32m✓[39m src/api/game/controllers/__tests__/engine-controller.test.ts [2m([22m[2m3 tests[22m[2m)[22m[32m 7[2mms[22m[39m
 [32m✓[39m src/api/room/__tests__/lifecycles.test.ts [2m([22m[2m4 tests[22m[2m)[22m[32m 8[2mms[22m[39m
 [32m✓[39m src/api/game/src/engine/resolution/__tests__/ActionDispatcher.test.ts [2m([22m[2m2 tests[22m[2m)[22m[32m 6[2mms[22m[39m
 [32m✓[39m src/services/utils/__tests__/entity-markdown.test.ts [2m([22m[2m6 tests[22m[2m)[22m[32m 12[2mms[22m[39m
 [32m✓[39m src/plugins/map-explorer/admin/src/utils/__tests__/shape-tools.test.ts [2m([22m[2m5 tests[22m[2m)[22m[32m 6[2mms[22m[39m
[90mstdout[2m | src/api/game/services/__tests__/biome-spawn.test.ts[2m > [22m[2mBiomeSpawnService[2m > [22m[2mpopulateChunk[2m > [22m[2mshould call spawnMonster when conditions are met
[22m[39m[BiomeSpawn] Spawning 1x Scorpion (CR 0.125) in desert

[90mstdout[2m | src/api/game/services/__tests__/biome-spawn.test.ts[2m > [22m[2mBiomeSpawnService[2m > [22m[2mpopulateChunk[2m > [22m[2mshould respect rarity weights (lower CR = higher chance)
[22m[39m[BiomeSpawn] Spawning 1x Deer (CR 0) in forest

 [32m✓[39m src/api/game/services/__tests__/biome-spawn.test.ts [2m([22m[2m4 tests[22m[2m)[22m[32m 11[2mms[22m[39m
 [32m✓[39m src/api/game/src/engine/rules/__tests__/leveling.test.ts [2m([22m[2m5 tests[22m[2m)[22m[32m 6[2mms[22m[39m
[90mstderr[2m | src/api/game/services/__tests__/action-engine-terrain.test.ts[2m > [22m[2mAction Engine Services[2m > [22m[2mresolveModifyTerrain[2m > [22m[2mhandles failures gracefully
[22m[39mModify Terrain Failed Error: Ooops
    at [90m/Users/lg/lab/daicer/[39msrc/api/game/services/__tests__/action-engine-terrain.test.ts:43:64
    at [90mfile:///Users/lg/lab/daicer/[39mnode_modules/[4m@vitest[24m/runner/dist/index.js:145:11
    at [90mfile:///Users/lg/lab/daicer/[39mnode_modules/[4m@vitest[24m/runner/dist/index.js:915:26
    at [90mfile:///Users/lg/lab/daicer/[39mnode_modules/[4m@vitest[24m/runner/dist/index.js:1243:20
    at new Promise (<anonymous>)
    at runWithTimeout [90m(file:///Users/lg/lab/daicer/[39mnode_modules/[4m@vitest[24m/runner/dist/index.js:1209:10[90m)[39m
    at [90mfile:///Users/lg/lab/daicer/[39mnode_modules/[4m@vitest[24m/runner/dist/index.js:1653:37
    at Traces.$ [90m(file:///Users/lg/lab/daicer/[39mnode_modules/[4mvitest[24m/dist/chunks/traces.CCmnQaNT.js:142:27[90m)[39m
    at trace [90m(file:///Users/lg/lab/daicer/[39mnode_modules/[4mvitest[24m/dist/chunks/test.B8ej_ZHS.js:239:21[90m)[39m
    at runTest [90m(file:///Users/lg/lab/daicer/[39mnode_modules/[4m@vitest[24m/runner/dist/index.js:1653:12[90m)[39m

 [32m✓[39m src/api/game/services/__tests__/action-engine-terrain.test.ts [2m([22m[2m2 tests[22m[2m)[22m[32m 5[2mms[22m[39m
 [32m✓[39m src/api/voxel-engine/services/generators/__tests__/flora-verification.test.ts [2m([22m[2m4 tests[22m[2m)[22m[32m 9[2mms[22m[39m
 [32m✓[39m src/plugins/semantic-search/server/src/services/__tests__/vector-service.spec.ts [2m([22m[2m2 tests[22m[2m)[22m[32m 3[2mms[22m[39m
 [32m✓[39m src/api/game/src/engine/rules/__tests__/conditions.test.ts [2m([22m[2m6 tests[22m[2m)[22m[32m 4[2mms[22m[39m
 [32m✓[39m src/api/game/src/engine/rules/__tests__/resting.test.ts [2m([22m[2m8 tests[22m[2m)[22m[32m 3[2mms[22m[39m
 [32m✓[39m src/api/entity-sheet/__tests__/lifecycles.test.ts [2m([22m[2m5 tests[22m[2m)[22m[32m 15[2mms[22m[39m
 [32m✓[39m src/api/game/src/engine/rules/__tests__/narrator.test.ts [2m([22m[2m3 tests[22m[2m)[22m[32m 5[2mms[22m[39m
 [2m[90m↓[39m[22m src/cli/__tests__/cli-e2e.test.ts [2m([22m[2m3 tests[22m[2m | [22m[33m3 skipped[39m[2m)[22m
 [32m✓[39m src/api/game/services/__tests__/entity-derivation.test.ts [2m([22m[2m1 test[22m[2m)[22m[32m 4[2mms[22m[39m
 [32m✓[39m src/api/game/src/engine/__tests__/action-hydration.test.ts [2m([22m[2m2 tests[22m[2m)[22m[32m 4[2mms[22m[39m
 [32m✓[39m src/api/game/src/engine/narrator/__tests__/PromptBuilder.test.ts [2m([22m[2m3 tests[22m[2m)[22m[32m 5[2mms[22m[39m
 [2m[90m↓[39m[22m src/utils/llm/__tests__/local.test.ts [2m([22m[2m3 tests[22m[2m | [22m[33m3 skipped[39m[2m)[22m
 [32m✓[39m src/api/game/src/engine/world/__tests__/world-atlas.test.ts [2m([22m[2m3 tests[22m[2m)[22m[32m 11[2mms[22m[39m
[90mstdout[2m | src/api/game/services/__tests__/persistence-verification.test.ts[2m > [22m[2mPersistence Verification[2m > [22m[2mshould persist spawned fauna to the database
[22m[39m[BiomeSpawn] Spawning 1x Scorpion (CR 0.125) in desert

 [32m✓[39m src/api/game/services/__tests__/persistence-verification.test.ts [2m([22m[2m3 tests[22m[2m)[22m[32m 5[2mms[22m[39m
 [32m✓[39m src/api/game/src/engine/rules/__tests__/combat.test.ts [2m([22m[2m10 tests[22m[2m)[22m[32m 4[2mms[22m[39m
[90mstdout[2m | src/api/game/services/__tests__/death-persistence.test.ts[2m > [22m[2mActionEngine Death Persistence[2m > [22m[2mshould create a persistent death marker when a monster dies
[22m[39m[ActionEngine] Resolving command: ATTACK { actorId: [32m'actor-1'[39m, targetId: [32m'monster-1'[39m }

 [32m✓[39m src/api/game/services/__tests__/death-persistence.test.ts [2m([22m[2m1 test[22m[2m)[22m[32m 5[2mms[22m[39m
 [2m[90m↓[39m[22m src/api/game/services/__tests__/death-equipment.test.ts [2m([22m[2m2 tests[22m[2m | [22m[33m2 skipped[39m[2m)[22m

[31m⎯⎯⎯⎯⎯⎯[39m[1m[41m Failed Suites 1 [49m[22m[31m⎯⎯⎯⎯⎯⎯⎯[39m

[41m[1m FAIL [22m[49m src/services/__tests__/code-ingestion.test.ts[2m [ src/services/__tests__/code-ingestion.test.ts ][22m
[31m[1mError[22m: Cannot find module '../code-ingestion-service' imported from '/Users/lg/lab/daicer/src/services/__tests__/code-ingestion.test.ts'[39m
[36m [2m❯[22m src/services/__tests__/code-ingestion.test.ts:[2m2:1[22m[39m
    [90m  1| [39m[35mimport[39m { describe[33m,[39m it[33m,[39m expect } [35mfrom[39m [32m'vitest'[39m[33m;[39m
    [90m  2| [39m[35mimport[39m { codeIngestionService } [35mfrom[39m [32m'../code-ingestion-service'[39m[33m;[39m
    [90m   | [39m[31m^[39m
    [90m  3| [39m
    [90m  4| [39m[34mdescribe[39m([32m'CodeIngestionService'[39m[33m,[39m () [33m=>[39m {

[31m[2m⎯⎯⎯⎯⎯⎯⎯⎯⎯⎯⎯⎯⎯⎯⎯⎯⎯⎯⎯⎯⎯⎯⎯[1/19]⎯[22m[39m


[31m⎯⎯⎯⎯⎯⎯[39m[1m[41m Failed Tests 18 [49m[22m[31m⎯⎯⎯⎯⎯⎯⎯[39m

[41m[1m FAIL [22m[49m src/utils/__tests__/error-handling.test.ts[2m > [22mError Handling Utils[2m > [22mformatStrapiError[2m > [22mshould format a StrapiError with details
[31m[1mAssertionError[22m: expected '[object Object]' to contain 'field.nested: Must be unique'[39m

Expected: [32m"field.nested: Must be unique"[39m
Received: [31m"[object Object]"[39m

[36m [2m❯[22m src/utils/__tests__/error-handling.test.ts:[2m29:25[22m[39m
    [90m 27| [39m      
    [90m 28| [39m      [35mconst[39m formatted [33m=[39m [34mformatStrapiError[39m(strapiError)[33m;[39m
    [90m 29| [39m      [34mexpect[39m(formatted)[33m.[39m[34mtoContain[39m([32m'field.nested: Must be unique'[39m)[33m;[39m
    [90m   | [39m                        [31m^[39m
    [90m 30| [39m      [34mexpect[39m(formatted)[33m.[39m[34mtoContain[39m([32m'other: Required'[39m)[33m;[39m
    [90m 31| [39m    })[33m;[39m

[31m[2m⎯⎯⎯⎯⎯⎯⎯⎯⎯⎯⎯⎯⎯⎯⎯⎯⎯⎯⎯⎯⎯⎯⎯[2/19]⎯[22m[39m

[41m[1m FAIL [22m[49m src/utils/__tests__/error-handling.test.ts[2m > [22mError Handling Utils[2m > [22mformatStrapiError[2m > [22mshould fallback to message if no details
[31m[1mAssertionError[22m: expected '[object Object]' to be 'Invalid data containing no details' // Object.is equality[39m

Expected: [32m"Invalid data containing no details"[39m
Received: [31m"[object Object]"[39m

[36m [2m❯[22m src/utils/__tests__/error-handling.test.ts:[2m38:46[22m[39m
    [90m 36| [39m        message[33m:[39m [32m'Invalid data containing no details'[39m[33m,[39m
    [90m 37| [39m      }[33m;[39m
    [90m 38| [39m      expect(formatStrapiError(strapiError)).toBe('Invalid data contai…
    [90m   | [39m                                             [31m^[39m
    [90m 39| [39m    })[33m;[39m
    [90m 40| [39m  })[33m;[39m

[31m[2m⎯⎯⎯⎯⎯⎯⎯⎯⎯⎯⎯⎯⎯⎯⎯⎯⎯⎯⎯⎯⎯⎯⎯[3/19]⎯[22m[39m

[41m[1m FAIL [22m[49m src/utils/__tests__/error-handling.test.ts[2m > [22mError Handling Utils[2m > [22mlogStrapiError[2m > [22mshould log detailed Strapi errors
[31m[1mAssertionError[22m: expected "vi.fn()" to be called with arguments: [ '[API] Failed: Bad Request', …(1) ][90m

Received: 

[1m  1st vi.fn() call:

[22m[2m  [[22m
[32m-   "[API] Failed: Bad Request",[90m
[32m-   ObjectContaining {[90m
[32m-     "details": "id: Invalid ID",[90m
[31m+   "[API] Failed: [object Object]",[90m
[31m+   {[90m
[31m+     "details": undefined,[90m
[31m+     "stack": undefined,[90m
[2m    },[22m
[2m  ][22m
[31m[90m

Number of calls: [1m1[22m
[31m[39m
[36m [2m❯[22m src/utils/__tests__/error-handling.test.ts:[2m69:34[22m[39m
    [90m 67| [39m        [34mlogStrapiError[39m(mockLogger[33m,[39m [32m'API'[39m[33m,[39m strapiError)[33m;[39m
    [90m 68| [39m
    [90m 69| [39m        [34mexpect[39m(mockLogger[33m.[39merror)[33m.[39m[34mtoHaveBeenCalledWith[39m(
    [90m   | [39m                                 [31m^[39m
    [90m 70| [39m            [32m'[API] Failed: Bad Request'[39m[33m,[39m
    [90m 71| [39m            expect[33m.[39m[34mobjectContaining[39m({

[31m[2m⎯⎯⎯⎯⎯⎯⎯⎯⎯⎯⎯⎯⎯⎯⎯⎯⎯⎯⎯⎯⎯⎯⎯[4/19]⎯[22m[39m

[41m[1m FAIL [22m[49m src/utils/llm/__tests__/python-local.test.ts[2m > [22mLocalLLMManager (Python Bridge)[2m > [22mshould call bridge.loadModel with correct mapping for 1B model
[31m[1mAssertionError[22m: expected "vi.fn()" to be called with arguments: [ 'google/gemma-3-1b-it', '4bit' ][90m

Number of calls: [1m0[22m
[31m[39m
[36m [2m❯[22m src/utils/llm/__tests__/python-local.test.ts:[2m41:29[22m[39m
    [90m 39| [39m  it('should call bridge.loadModel with correct mapping for 1B model',…
    [90m 40| [39m      [35mawait[39m localLLM[33m.[39m[34mloadModel[39m([33mLocalModel[39m[33m.[39m[33mGEMMA_3_1B_IT[39m)[33m;[39m
    [90m 41| [39m      expect(mockLoadModel).toHaveBeenCalledWith('google/gemma-3-1b-it…
    [90m   | [39m                            [31m^[39m
    [90m 42| [39m  })[33m;[39m
    [90m 43| [39m

[31m[2m⎯⎯⎯⎯⎯⎯⎯⎯⎯⎯⎯⎯⎯⎯⎯⎯⎯⎯⎯⎯⎯⎯⎯[5/19]⎯[22m[39m

[41m[1m FAIL [22m[49m src/utils/llm/__tests__/python-local.test.ts[2m > [22mLocalLLMManager (Python Bridge)[2m > [22mshould call bridge.loadModel with correct mapping for 27B model
[31m[1mAssertionError[22m: expected "vi.fn()" to be called with arguments: [ 'google/gemma-3-27b-it', '8bit' ][90m

Number of calls: [1m0[22m
[31m[39m
[36m [2m❯[22m src/utils/llm/__tests__/python-local.test.ts:[2m46:29[22m[39m
    [90m 44| [39m  it('should call bridge.loadModel with correct mapping for 27B model'…
    [90m 45| [39m      [35mawait[39m localLLM[33m.[39m[34mloadModel[39m([33mLocalModel[39m[33m.[39m[33mGEMMA_3_27B_IT[39m[33m,[39m [32m'int8'[39m)[33m;[39m
    [90m 46| [39m      expect(mockLoadModel).toHaveBeenCalledWith('google/gemma-3-27b-i…
    [90m   | [39m                            [31m^[39m
    [90m 47| [39m  })[33m;[39m
    [90m 48| [39m

[31m[2m⎯⎯⎯⎯⎯⎯⎯⎯⎯⎯⎯⎯⎯⎯⎯⎯⎯⎯⎯⎯⎯⎯⎯[6/19]⎯[22m[39m

[41m[1m FAIL [22m[49m src/utils/llm/__tests__/python-local.test.ts[2m > [22mLocalLLMManager (Python Bridge)[2m > [22mshould auto-load default model if generate called without loading
[31m[1mAssertionError[22m: expected "vi.fn()" to be called with arguments: [ Array(2) ][90m

Number of calls: [1m0[22m
[31m[39m
[36m [2m❯[22m src/utils/llm/__tests__/python-local.test.ts:[2m52:29[22m[39m
    [90m 50| [39m      [35mawait[39m localLLM[33m.[39m[34mgenerate[39m([32m"Hello"[39m)[33m;[39m
    [90m 51| [39m      // Should have loaded default (GEMMA_3N_1B_IT -> 'google/gemma-3…
    [90m 52| [39m      expect(mockLoadModel).toHaveBeenCalledWith('google/gemma-3n-1b-i…
    [90m   | [39m                            [31m^[39m
    [90m 53| [39m      [34mexpect[39m(mockGenerate)[33m.[39m[34mtoHaveBeenCalled[39m()[33m;[39m
    [90m 54| [39m  })[33m;[39m

[31m[2m⎯⎯⎯⎯⎯⎯⎯⎯⎯⎯⎯⎯⎯⎯⎯⎯⎯⎯⎯⎯⎯⎯⎯[7/19]⎯[22m[39m

[41m[1m FAIL [22m[49m src/utils/llm/__tests__/python-local.test.ts[2m > [22mLocalLLMManager (Python Bridge)[2m > [22mshould not reload model if already loaded
[31m[1mAssertionError[22m: expected "vi.fn()" to be called 1 times, but got 0 times[39m
[36m [2m❯[22m src/utils/llm/__tests__/python-local.test.ts:[2m58:29[22m[39m
    [90m 56| [39m  [34mit[39m([32m'should not reload model if already loaded'[39m[33m,[39m [35masync[39m () [33m=>[39m {
    [90m 57| [39m      [35mawait[39m localLLM[33m.[39m[34mloadModel[39m([33mLocalModel[39m[33m.[39m[33mGEMMA_3_1B_IT[39m)[33m;[39m
    [90m 58| [39m      [34mexpect[39m(mockLoadModel)[33m.[39m[34mtoHaveBeenCalledTimes[39m([34m1[39m)[33m;[39m
    [90m   | [39m                            [31m^[39m
    [90m 59| [39m      
    [90m 60| [39m      [35mawait[39m localLLM[33m.[39m[34mloadModel[39m([33mLocalModel[39m[33m.[39m[33mGEMMA_3_1B_IT[39m)[33m;[39m

[31m[2m⎯⎯⎯⎯⎯⎯⎯⎯⎯⎯⎯⎯⎯⎯⎯⎯⎯⎯⎯⎯⎯⎯⎯[8/19]⎯[22m[39m

[41m[1m FAIL [22m[49m src/utils/llm/__tests__/python-local.test.ts[2m > [22mLocalLLMManager (Python Bridge)[2m > [22mshould pass generation params to bridge
[31m[1mAssertionError[22m: expected "vi.fn()" to be called with arguments: [ 'Test Prompt', 100, 0.5 ][90m

Number of calls: [1m0[22m
[31m[39m
[36m [2m❯[22m src/utils/llm/__tests__/python-local.test.ts:[2m68:28[22m[39m
    [90m 66| [39m      await localLLM.generate("Test Prompt", { maxTokens: 100, tempera…
    [90m 67| [39m      
    [90m 68| [39m      expect(mockGenerate).toHaveBeenCalledWith("Test Prompt", 100, 0.…
    [90m   | [39m                           [31m^[39m
    [90m 69| [39m  })[33m;[39m
    [90m 70| [39m})[33m;[39m

[31m[2m⎯⎯⎯⎯⎯⎯⎯⎯⎯⎯⎯⎯⎯⎯⎯⎯⎯⎯⎯⎯⎯⎯⎯[9/19]⎯[22m[39m

[41m[1m FAIL [22m[49m src/api/game/services/__tests__/turn-pipeline.comprehensive.test.ts[2m > [22mTurn Pipeline Service (Comprehensive)[2m > [22mPhase 1: Intent & Parsing[2m > [22mshould parse valid MOVE text command with Z axis
[31m[1mAssertionError[22m: expected { x: 10, y: 20, z: 3 } to deeply equal { x: 10, y: 20, z: 5 }[39m

[32m- Expected[39m
[31m+ Received[39m

[2m  {[22m
[2m    "x": 10,[22m
[2m    "y": 20,[22m
[32m-   "z": 5,[39m
[31m+   "z": 3,[39m
[2m  }[22m

[36m [2m❯[22m src/api/game/services/__tests__/turn-pipeline.comprehensive.test.ts:[2m139:52[22m[39m
    [90m137| [39m        
    [90m138| [39m        [35mconst[39m commands [33m=[39m mockActionEngine[33m.[39mdispatch[33m.[39mmock[33m.[39mcalls[[34m0[39m][[34m1[39m][33m;[39m
    [90m139| [39m        expect(commands[0].payload.targetPosition).toEqual({ x: 10, y:…
    [90m   | [39m                                                   [31m^[39m
    [90m140| [39m    })[33m;[39m
    [90m141| [39m

[31m[2m⎯⎯⎯⎯⎯⎯⎯⎯⎯⎯⎯⎯⎯⎯⎯⎯⎯⎯⎯⎯⎯⎯[10/19]⎯[22m[39m

[41m[1m FAIL [22m[49m src/api/game/src/engine/rules/__tests__/magic.test.ts[2m > [22mMagic Rules[2m > [22mvalidateSpellCast[2m > [22mshould validate valid cast
[31m[1mAssertionError[22m: expected false to be true // Object.is equality[39m

[32m- Expected[39m
[31m+ Received[39m

[32m- true[39m
[31m+ false[39m

[36m [2m❯[22m src/api/game/src/engine/rules/__tests__/magic.test.ts:[2m29:31[22m[39m
    [90m 27| [39m            const intent = { actionId: 'magic_missile', type: ActionTy…
    [90m 28| [39m            const res = validateSpellCast(caster, intent, {x:0,y:0,z:0…
    [90m 29| [39m            [34mexpect[39m(res[33m.[39mvalid)[33m.[39m[34mtoBe[39m([35mtrue[39m)[33m;[39m
    [90m   | [39m                              [31m^[39m
    [90m 30| [39m            [34mexpect[39m(res[33m.[39mslotLevel)[33m.[39m[34mtoBe[39m([34m1[39m)[33m;[39m
    [90m 31| [39m        })[33m;[39m

[31m[2m⎯⎯⎯⎯⎯⎯⎯⎯⎯⎯⎯⎯⎯⎯⎯⎯⎯⎯⎯⎯⎯⎯[11/19]⎯[22m[39m

[41m[1m FAIL [22m[49m src/api/game/src/engine/rules/__tests__/magic.test.ts[2m > [22mMagic Rules[2m > [22mvalidateSpellCast[2m > [22mshould fail if no slots
[31m[1mAssertionError[22m: expected 'Spell not prepared or not found in ac…' to contain 'No Level 1'[39m

Expected: [32m"No Level 1"[39m
Received: [31m"Spell not prepared or not found in actions."[39m

[36m [2m❯[22m src/api/game/src/engine/rules/__tests__/magic.test.ts:[2m38:32[22m[39m
    [90m 36| [39m            const res = validateSpellCast(caster, intent, {x:0,y:0,z:0…
    [90m 37| [39m            [34mexpect[39m(res[33m.[39mvalid)[33m.[39m[34mtoBe[39m([35mfalse[39m)[33m;[39m
    [90m 38| [39m            [34mexpect[39m(res[33m.[39mreason)[33m.[39m[34mtoContain[39m([32m'No Level 1'[39m)[33m;[39m
    [90m   | [39m                               [31m^[39m
    [90m 39| [39m        })[33m;[39m
    [90m 40| [39m

[31m[2m⎯⎯⎯⎯⎯⎯⎯⎯⎯⎯⎯⎯⎯⎯⎯⎯⎯⎯⎯⎯⎯⎯[12/19]⎯[22m[39m

[41m[1m FAIL [22m[49m src/api/game/src/engine/rules/__tests__/magic.test.ts[2m > [22mMagic Rules[2m > [22mvalidateSpellCast[2m > [22mshould allow cantrips without slots
[31m[1mAssertionError[22m: expected false to be true // Object.is equality[39m

[32m- Expected[39m
[31m+ Received[39m

[32m- true[39m
[31m+ false[39m

[36m [2m❯[22m src/api/game/src/engine/rules/__tests__/magic.test.ts:[2m45:32[22m[39m
    [90m 43| [39m             const intent = { actionId: 'cantrip', type: ActionType.Ca…
    [90m 44| [39m             const res = validateSpellCast(caster, intent, {x:0,y:0,z:…
    [90m 45| [39m             [34mexpect[39m(res[33m.[39mvalid)[33m.[39m[34mtoBe[39m([35mtrue[39m)[33m;[39m
    [90m   | [39m                               [31m^[39m
    [90m 46| [39m        })[33m;[39m
    [90m 47| [39m

[31m[2m⎯⎯⎯⎯⎯⎯⎯⎯⎯⎯⎯⎯⎯⎯⎯⎯⎯⎯⎯⎯⎯⎯[13/19]⎯[22m[39m

[41m[1m FAIL [22m[49m src/api/game/src/engine/rules/__tests__/magic.test.ts[2m > [22mMagic Rules[2m > [22mvalidateSpellCast[2m > [22mshould check range
[31m[1mAssertionError[22m: expected false to be true // Object.is equality[39m

[32m- Expected[39m
[31m+ Received[39m

[32m- true[39m
[31m+ false[39m

[36m [2m❯[22m src/api/game/src/engine/rules/__tests__/magic.test.ts:[2m54:32[22m[39m
    [90m 52| [39m            [90m// Valid Range (120)[39m
    [90m 53| [39m            const res1 = validateSpellCast(caster, intent, {x:0,y:0,z:…
    [90m 54| [39m            [34mexpect[39m(res1[33m.[39mvalid)[33m.[39m[34mtoBe[39m([35mtrue[39m)[33m;[39m
    [90m   | [39m                               [31m^[39m
    [90m 55| [39m
    [90m 56| [39m            [90m// Invalid Range[39m

[31m[2m⎯⎯⎯⎯⎯⎯⎯⎯⎯⎯⎯⎯⎯⎯⎯⎯⎯⎯⎯⎯⎯⎯[14/19]⎯[22m[39m

[41m[1m FAIL [22m[49m src/api/game/src/engine/rules/__tests__/magic.test.ts[2m > [22mMagic Rules[2m > [22mresolveSpell[2m > [22mshould consume slot for leveled spell
[31m[1mError[22m: Spell magic_missile not found[39m
[36m [2m❯[22m resolveSpell src/api/game/src/engine/rules/magic.ts:[2m114:11[22m[39m
    [90m112| [39m
    [90m113| [39m  [35mif[39m ([33m![39mspell [33m||[39m spell[33m.[39msourceType [33m!==[39m [32m'spell'[39m) {
    [90m114| [39m    [35mthrow[39m [35mnew[39m [33mError[39m([32m`Spell [39m[36m${[39mintent[33m.[39mactionId[36m}[39m[32m not found`[39m)[33m;[39m
    [90m   | [39m          [31m^[39m
    [90m115| [39m  }
    [90m116| [39m
[90m [2m❯[22m src/api/game/src/engine/rules/__tests__/magic.test.ts:[2m67:29[22m[39m

[31m[2m⎯⎯⎯⎯⎯⎯⎯⎯⎯⎯⎯⎯⎯⎯⎯⎯⎯⎯⎯⎯⎯⎯[15/19]⎯[22m[39m

[41m[1m FAIL [22m[49m src/api/game/src/engine/rules/__tests__/magic.test.ts[2m > [22mMagic Rules[2m > [22mresolveSpell[2m > [22mshould not consume slot for cantrip
[31m[1mError[22m: Spell cantrip not found[39m
[36m [2m❯[22m resolveSpell src/api/game/src/engine/rules/magic.ts:[2m114:11[22m[39m
    [90m112| [39m
    [90m113| [39m  [35mif[39m ([33m![39mspell [33m||[39m spell[33m.[39msourceType [33m!==[39m [32m'spell'[39m) {
    [90m114| [39m    [35mthrow[39m [35mnew[39m [33mError[39m([32m`Spell [39m[36m${[39mintent[33m.[39mactionId[36m}[39m[32m not found`[39m)[33m;[39m
    [90m   | [39m          [31m^[39m
    [90m115| [39m  }
    [90m116| [39m
[90m [2m❯[22m src/api/game/src/engine/rules/__tests__/magic.test.ts:[2m77:28[22m[39m

[31m[2m⎯⎯⎯⎯⎯⎯⎯⎯⎯⎯⎯⎯⎯⎯⎯⎯⎯⎯⎯⎯⎯⎯[16/19]⎯[22m[39m

[41m[1m FAIL [22m[49m src/api/game/src/engine/rules/__tests__/magic.test.ts[2m > [22mMagic Rules[2m > [22mresolveSpell[2m > [22mshould handle concentration
[31m[1mError[22m: Spell blur not found[39m
[36m [2m❯[22m resolveSpell src/api/game/src/engine/rules/magic.ts:[2m114:11[22m[39m
    [90m112| [39m
    [90m113| [39m  [35mif[39m ([33m![39mspell [33m||[39m spell[33m.[39msourceType [33m!==[39m [32m'spell'[39m) {
    [90m114| [39m    [35mthrow[39m [35mnew[39m [33mError[39m([32m`Spell [39m[36m${[39mintent[33m.[39mactionId[36m}[39m[32m not found`[39m)[33m;[39m
    [90m   | [39m          [31m^[39m
    [90m115| [39m  }
    [90m116| [39m
[90m [2m❯[22m src/api/game/src/engine/rules/__tests__/magic.test.ts:[2m96:28[22m[39m

[31m[2m⎯⎯⎯⎯⎯⎯⎯⎯⎯⎯⎯⎯⎯⎯⎯⎯⎯⎯⎯⎯⎯⎯[17/19]⎯[22m[39m

[41m[1m FAIL [22m[49m src/api/game/src/engine/rules/__tests__/magic.test.ts[2m > [22mMagic Rules[2m > [22mresolveSpell[2m > [22mshould break previous concentration
[31m[1mError[22m: Spell blur not found[39m
[36m [2m❯[22m resolveSpell src/api/game/src/engine/rules/magic.ts:[2m114:11[22m[39m
    [90m112| [39m
    [90m113| [39m  [35mif[39m ([33m![39mspell [33m||[39m spell[33m.[39msourceType [33m!==[39m [32m'spell'[39m) {
    [90m114| [39m    [35mthrow[39m [35mnew[39m [33mError[39m([32m`Spell [39m[36m${[39mintent[33m.[39mactionId[36m}[39m[32m not found`[39m)[33m;[39m
    [90m   | [39m          [31m^[39m
    [90m115| [39m  }
    [90m116| [39m
[90m [2m❯[22m src/api/game/src/engine/rules/__tests__/magic.test.ts:[2m116:28[22m[39m

[31m[2m⎯⎯⎯⎯⎯⎯⎯⎯⎯⎯⎯⎯⎯⎯⎯⎯⎯⎯⎯⎯⎯⎯[18/19]⎯[22m[39m

[41m[1m FAIL [22m[49m src/api/game/src/engine/rules/__tests__/magic.test.ts[2m > [22mMagic Rules[2m > [22mresolveSpell[2m > [22mshould detect AoE
[31m[1mError[22m: Spell burning_hands not found[39m
[36m [2m❯[22m resolveSpell src/api/game/src/engine/rules/magic.ts:[2m114:11[22m[39m
    [90m112| [39m
    [90m113| [39m  [35mif[39m ([33m![39mspell [33m||[39m spell[33m.[39msourceType [33m!==[39m [32m'spell'[39m) {
    [90m114| [39m    [35mthrow[39m [35mnew[39m [33mError[39m([32m`Spell [39m[36m${[39mintent[33m.[39mactionId[36m}[39m[32m not found`[39m)[33m;[39m
    [90m   | [39m          [31m^[39m
    [90m115| [39m  }
    [90m116| [39m
[90m [2m❯[22m src/api/game/src/engine/rules/__tests__/magic.test.ts:[2m125:28[22m[39m

[31m[2m⎯⎯⎯⎯⎯⎯⎯⎯⎯⎯⎯⎯⎯⎯⎯⎯⎯⎯⎯⎯⎯⎯[19/19]⎯[22m[39m


[2m Test Files [22m [1m[31m5 failed[39m[22m[2m | [22m[1m[32m106 passed[39m[22m[2m | [22m[33m3 skipped[39m[90m (114)[39m
[2m      Tests [22m [1m[31m18 failed[39m[22m[2m | [22m[1m[32m1401 passed[39m[22m[2m | [22m[33m8 skipped[39m[90m (1427)[39m
[2m   Start at [22m 16:28:04
[2m   Duration [22m 7.76s[2m (transform 6.41s, setup 0ms, import 51.45s, tests 6.71s, environment 796ms)[22m

error Command failed with exit code 1.
info Visit https://yarnpkg.com/en/docs/cli/run for documentation about this command.
